-- The C compiler identification is GNU 11.4.0
-- The CXX compiler identification is GNU 11.4.0
-- Detecting C compiler ABI info
-- Detecting C compiler ABI info - done
-- Check for working C compiler: /usr/bin/cc - skipped
-- Detecting C compile features
-- Detecting C compile features - done
-- Detecting CXX compiler ABI info
-- Detecting CXX compiler ABI info - done
-- Check for working CXX compiler: /usr/bin/c++ - skipped
-- Detecting CXX compile features
-- Detecting CXX compile features - done
-- Found ament_cmake: 1.3.11 (/opt/ros/humble/share/ament_cmake/cmake)
-- Found Python3: /usr/bin/python3 (found version "3.10.12") found components: Interpreter 
-- Found rclpy: 3.3.16 (/opt/ros/humble/share/rclpy/cmake)
-- Found rclcpp: 16.0.12 (/opt/ros/humble/share/rclcpp/cmake)
-- Found rosidl_generator_c: 3.1.6 (/opt/ros/humble/share/rosidl_generator_c/cmake)
-- Found rosidl_adapter: 3.1.6 (/opt/ros/humble/share/rosidl_adapter/cmake)
-- Found rosidl_generator_cpp: 3.1.6 (/opt/ros/humble/share/rosidl_generator_cpp/cmake)
-- Using all available rosidl_typesupport_c: rosidl_typesupport_fastrtps_c;rosidl_typesupport_introspection_c
-- Using all available rosidl_typesupport_cpp: rosidl_typesupport_fastrtps_cpp;rosidl_typesupport_introspection_cpp
-- Found rmw_implementation_cmake: 6.1.2 (/opt/ros/humble/share/rmw_implementation_cmake/cmake)
-- Found rmw_fastrtps_cpp: 6.2.7 (/opt/ros/humble/share/rmw_fastrtps_cpp/cmake)
-- Found OpenSSL: /usr/lib/x86_64-linux-gnu/libcrypto.so (found version "3.0.2")  
-- Found FastRTPS: /opt/ros/humble/include  
-- Using RMW implementation 'rmw_fastrtps_cpp' as default
-- Looking for pthread.h
-- Looking for pthread.h - found
-- Performing Test CMAKE_HAVE_LIBC_PTHREAD
-- Performing Test CMAKE_HAVE_LIBC_PTHREAD - Success
-- Found Threads: TRUE  
-- Found PkgConfig: /usr/bin/pkg-config (found version "0.29.2") 
-- Found rclcpp_lifecycle: 16.0.12 (/opt/ros/humble/share/rclcpp_lifecycle/cmake)
-- Found hardware_interface: 2.51.0 (/opt/ros/humble/share/hardware_interface/cmake)
-- Checking for module 'libserial'
--   Found libserial, version 1.0.0
-- Found ament_lint_auto: 0.12.12 (/opt/ros/humble/share/ament_lint_auto/cmake)
-- Added test 'cppcheck' to perform static code analysis on C / C++ code
-- Configured cppcheck include dirs: /home/bill8/mec_ws/mec_ws/src/mec_firmware/include;/home/bill8/mec_ws/mec_ws/src/mec_firmware/
-- Configured cppcheck exclude dirs and/or files: 
-- Added test 'flake8' to check Python code syntax and style conventions
-- Added test 'lint_cmake' to check CMake code style
-- Added test 'pep257' to check Python code against some of the docstring style conventions in PEP 257
-- Added test 'uncrustify' to check C / C++ code style
-- Configured uncrustify additional arguments: 
-- Added test 'xmllint' to check XML markup files
-- Configuring done
-- Generating done
-- Build files have been written to: /home/bill8/mec_ws/mec_ws/build/mec_firmware
[ 16%] [32mBuilding CXX object CMakeFiles/simple_serial_transmitter.dir/src/simple_serial_transmitter.cpp.o[0m
[ 33%] [32mBuilding CXX object CMakeFiles/simple_lifecycle_node.dir/src/simple_lifecycle_node.cpp.o[0m
[ 50%] [32mBuilding CXX object CMakeFiles/mec_firmware.dir/src/mec_hardware_interface.cpp.o[0m
[ 50%] Built target ament_cmake_python_copy_mec_firmware
running egg_info
creating mec_firmware.egg-info
writing mec_firmware.egg-info/PKG-INFO
writing dependency_links to mec_firmware.egg-info/dependency_links.txt
writing top-level names to mec_firmware.egg-info/top_level.txt
writing manifest file 'mec_firmware.egg-info/SOURCES.txt'
reading manifest file 'mec_firmware.egg-info/SOURCES.txt'
writing manifest file 'mec_firmware.egg-info/SOURCES.txt'
[ 50%] Built target ament_cmake_python_build_mec_firmware_egg
[ 66%] [32m[1mLinking CXX shared library libmec_firmware.so[0m
[ 66%] Built target mec_firmware
[ 83%] [32m[1mLinking CXX executable simple_lifecycle_node[0m
[100%] [32m[1mLinking CXX executable simple_serial_transmitter[0m
[100%] Built target simple_lifecycle_node
[100%] Built target simple_serial_transmitter
-- Install configuration: ""
-- Installing: /home/bill8/mec_ws/mec_ws/install/mec_firmware/share/mec_firmware/environment/pythonpath.sh
-- Installing: /home/bill8/mec_ws/mec_ws/install/mec_firmware/share/mec_firmware/environment/pythonpath.dsv
-- Installing: /home/bill8/mec_ws/mec_ws/install/mec_firmware/local/lib/python3.10/dist-packages/mec_firmware-0.0.0-py3.10.egg-info
-- Installing: /home/bill8/mec_ws/mec_ws/install/mec_firmware/local/lib/python3.10/dist-packages/mec_firmware-0.0.0-py3.10.egg-info/dependency_links.txt
-- Installing: /home/bill8/mec_ws/mec_ws/install/mec_firmware/local/lib/python3.10/dist-packages/mec_firmware-0.0.0-py3.10.egg-info/SOURCES.txt
-- Installing: /home/bill8/mec_ws/mec_ws/install/mec_firmware/local/lib/python3.10/dist-packages/mec_firmware-0.0.0-py3.10.egg-info/PKG-INFO
-- Installing: /home/bill8/mec_ws/mec_ws/install/mec_firmware/local/lib/python3.10/dist-packages/mec_firmware-0.0.0-py3.10.egg-info/top_level.txt
-- Installing: /home/bill8/mec_ws/mec_ws/install/mec_firmware/local/lib/python3.10/dist-packages/mec_firmware
-- Installing: /home/bill8/mec_ws/mec_ws/install/mec_firmware/local/lib/python3.10/dist-packages/mec_firmware/simple_serial_transmitter.py
-- Installing: /home/bill8/mec_ws/mec_ws/install/mec_firmware/local/lib/python3.10/dist-packages/mec_firmware/simple_serial_receiver.py
-- Installing: /home/bill8/mec_ws/mec_ws/install/mec_firmware/local/lib/python3.10/dist-packages/mec_firmware/arduino
-- Installing: /home/bill8/mec_ws/mec_ws/install/mec_firmware/local/lib/python3.10/dist-packages/mec_firmware/arduino/serial_transmitter
-- Installing: /home/bill8/mec_ws/mec_ws/install/mec_firmware/local/lib/python3.10/dist-packages/mec_firmware/arduino/serial_transmitter/serial_transmitter.ino
-- Installing: /home/bill8/mec_ws/mec_ws/install/mec_firmware/local/lib/python3.10/dist-packages/mec_firmware/arduino/mec_control
-- Installing: /home/bill8/mec_ws/mec_ws/install/mec_firmware/local/lib/python3.10/dist-packages/mec_firmware/arduino/mec_control/mec_control.ino
-- Installing: /home/bill8/mec_ws/mec_ws/install/mec_firmware/local/lib/python3.10/dist-packages/mec_firmware/arduino/serial_receiver
-- Installing: /home/bill8/mec_ws/mec_ws/install/mec_firmware/local/lib/python3.10/dist-packages/mec_firmware/arduino/serial_receiver/serial_receiver.ino
-- Installing: /home/bill8/mec_ws/mec_ws/install/mec_firmware/local/lib/python3.10/dist-packages/mec_firmware/__init__.py
Listing '/home/bill8/mec_ws/mec_ws/install/mec_firmware/local/lib/python3.10/dist-packages/mec_firmware'...
Compiling '/home/bill8/mec_ws/mec_ws/install/mec_firmware/local/lib/python3.10/dist-packages/mec_firmware/__init__.py'...
Listing '/home/bill8/mec_ws/mec_ws/install/mec_firmware/local/lib/python3.10/dist-packages/mec_firmware/arduino'...
Listing '/home/bill8/mec_ws/mec_ws/install/mec_firmware/local/lib/python3.10/dist-packages/mec_firmware/arduino/mec_control'...
Listing '/home/bill8/mec_ws/mec_ws/install/mec_firmware/local/lib/python3.10/dist-packages/mec_firmware/arduino/serial_receiver'...
Listing '/home/bill8/mec_ws/mec_ws/install/mec_firmware/local/lib/python3.10/dist-packages/mec_firmware/arduino/serial_transmitter'...
Compiling '/home/bill8/mec_ws/mec_ws/install/mec_firmware/local/lib/python3.10/dist-packages/mec_firmware/simple_serial_receiver.py'...
Compiling '/home/bill8/mec_ws/mec_ws/install/mec_firmware/local/lib/python3.10/dist-packages/mec_firmware/simple_serial_transmitter.py'...
-- Installing: /home/bill8/mec_ws/mec_ws/install/mec_firmware/share/mec_firmware/mec_hardware_interface.xml
-- Installing: /home/bill8/mec_ws/mec_ws/install/mec_firmware/lib/mec_firmware/simple_serial_transmitter
-- Set runtime path of "/home/bill8/mec_ws/mec_ws/install/mec_firmware/lib/mec_firmware/simple_serial_transmitter" to ""
-- Installing: /home/bill8/mec_ws/mec_ws/install/mec_firmware/lib/mec_firmware/simple_lifecycle_node
-- Set runtime path of "/home/bill8/mec_ws/mec_ws/install/mec_firmware/lib/mec_firmware/simple_lifecycle_node" to ""
-- Installing: /home/bill8/mec_ws/mec_ws/install/mec_firmware/lib/libmec_firmware.so
-- Set runtime path of "/home/bill8/mec_ws/mec_ws/install/mec_firmware/lib/libmec_firmware.so" to ""
-- Installing: /home/bill8/mec_ws/mec_ws/install/mec_firmware/include/include
-- Installing: /home/bill8/mec_ws/mec_ws/install/mec_firmware/include/include/mec_firmware
-- Installing: /home/bill8/mec_ws/mec_ws/install/mec_firmware/include/include/mec_firmware/mec_hardware_interface.hpp
-- Installing: /home/bill8/mec_ws/mec_ws/install/mec_firmware/lib/mec_firmware/simple_serial_transmitter.py
-- Installing: /home/bill8/mec_ws/mec_ws/install/mec_firmware/lib/mec_firmware/simple_serial_receiver.py
-- Installing: /home/bill8/mec_ws/mec_ws/install/mec_firmware/share/mec_firmware/environment/library_path.sh
-- Installing: /home/bill8/mec_ws/mec_ws/install/mec_firmware/share/mec_firmware/environment/library_path.dsv
-- Installing: /home/bill8/mec_ws/mec_ws/install/mec_firmware/share/ament_index/resource_index/package_run_dependencies/mec_firmware
-- Installing: /home/bill8/mec_ws/mec_ws/install/mec_firmware/share/ament_index/resource_index/parent_prefix_path/mec_firmware
-- Installing: /home/bill8/mec_ws/mec_ws/install/mec_firmware/share/mec_firmware/environment/ament_prefix_path.sh
-- Installing: /home/bill8/mec_ws/mec_ws/install/mec_firmware/share/mec_firmware/environment/ament_prefix_path.dsv
-- Installing: /home/bill8/mec_ws/mec_ws/install/mec_firmware/share/mec_firmware/environment/path.sh
-- Installing: /home/bill8/mec_ws/mec_ws/install/mec_firmware/share/mec_firmware/environment/path.dsv
-- Installing: /home/bill8/mec_ws/mec_ws/install/mec_firmware/share/mec_firmware/local_setup.bash
-- Installing: /home/bill8/mec_ws/mec_ws/install/mec_firmware/share/mec_firmware/local_setup.sh
-- Installing: /home/bill8/mec_ws/mec_ws/install/mec_firmware/share/mec_firmware/local_setup.zsh
-- Installing: /home/bill8/mec_ws/mec_ws/install/mec_firmware/share/mec_firmware/local_setup.dsv
-- Installing: /home/bill8/mec_ws/mec_ws/install/mec_firmware/share/mec_firmware/package.dsv
-- Installing: /home/bill8/mec_ws/mec_ws/install/mec_firmware/share/ament_index/resource_index/packages/mec_firmware
-- Installing: /home/bill8/mec_ws/mec_ws/install/mec_firmware/share/ament_index/resource_index/hardware_interface__pluginlib__plugin/mec_firmware
-- Installing: /home/bill8/mec_ws/mec_ws/install/mec_firmware/share/mec_firmware/cmake/ament_cmake_export_include_directories-extras.cmake
-- Installing: /home/bill8/mec_ws/mec_ws/install/mec_firmware/share/mec_firmware/cmake/ament_cmake_export_libraries-extras.cmake
-- Installing: /home/bill8/mec_ws/mec_ws/install/mec_firmware/share/mec_firmware/cmake/ament_cmake_export_dependencies-extras.cmake
-- Installing: /home/bill8/mec_ws/mec_ws/install/mec_firmware/share/mec_firmware/cmake/mec_firmwareConfig.cmake
-- Installing: /home/bill8/mec_ws/mec_ws/install/mec_firmware/share/mec_firmware/cmake/mec_firmwareConfig-version.cmake
-- Installing: /home/bill8/mec_ws/mec_ws/install/mec_firmware/share/mec_firmware/package.xml
