[0.016s] Invoking command in '/home/bill8/mec_ws/mec_ws/build/my_robot_bringup': AMENT_PREFIX_PATH=/home/bill8/mec_ws/mec_ws/install/my_robot_description:${AMENT_PREFIX_PATH} CMAKE_PREFIX_PATH=/home/bill8/mec_ws/mec_ws/install/my_robot_description:/opt/ros/humble /usr/bin/cmake /home/bill8/mec_ws/mec_ws/src/my_robot_bringup -DCMAKE_INSTALL_PREFIX=/home/bill8/mec_ws/mec_ws/install/my_robot_bringup
[0.121s] -- The C compiler identification is GNU 11.4.0
[0.223s] -- The CXX compiler identification is GNU 11.4.0
[0.237s] -- Detecting C compiler ABI info
[0.357s] -- Detecting C compiler ABI info - done
[0.373s] -- Check for working C compiler: /usr/bin/cc - skipped
[0.374s] -- Detecting C compile features
[0.375s] -- Detecting C compile features - done
[0.380s] -- Detecting CXX compiler ABI info
[0.528s] -- Detecting CXX compiler ABI info - done
[0.543s] -- Check for working CXX compiler: /usr/bin/c++ - skipped
[0.544s] -- Detecting CXX compile features
[0.544s] -- Detecting CXX compile features - done
[0.548s] -- Found ament_cmake: 1.3.11 (/opt/ros/humble/share/ament_cmake/cmake)
[0.840s] -- Found Python3: /usr/bin/python3 (found version "3.10.12") found components: Interpreter 
[1.141s] -- Configuring done
[1.144s] -- Generating done
[1.147s] -- Build files have been written to: /home/bill8/mec_ws/mec_ws/build/my_robot_bringup
[1.154s] Invoked command in '/home/bill8/mec_ws/mec_ws/build/my_robot_bringup' returned '0': AMENT_PREFIX_PATH=/home/bill8/mec_ws/mec_ws/install/my_robot_description:${AMENT_PREFIX_PATH} CMAKE_PREFIX_PATH=/home/bill8/mec_ws/mec_ws/install/my_robot_description:/opt/ros/humble /usr/bin/cmake /home/bill8/mec_ws/mec_ws/src/my_robot_bringup -DCMAKE_INSTALL_PREFIX=/home/bill8/mec_ws/mec_ws/install/my_robot_bringup
[1.157s] Invoking command in '/home/bill8/mec_ws/mec_ws/build/my_robot_bringup': AMENT_PREFIX_PATH=/home/bill8/mec_ws/mec_ws/install/my_robot_description:${AMENT_PREFIX_PATH} CMAKE_PREFIX_PATH=/home/bill8/mec_ws/mec_ws/install/my_robot_description:/opt/ros/humble /usr/bin/cmake --build /home/bill8/mec_ws/mec_ws/build/my_robot_bringup -- -j16 -l16
[1.223s] Invoked command in '/home/bill8/mec_ws/mec_ws/build/my_robot_bringup' returned '0': AMENT_PREFIX_PATH=/home/bill8/mec_ws/mec_ws/install/my_robot_description:${AMENT_PREFIX_PATH} CMAKE_PREFIX_PATH=/home/bill8/mec_ws/mec_ws/install/my_robot_description:/opt/ros/humble /usr/bin/cmake --build /home/bill8/mec_ws/mec_ws/build/my_robot_bringup -- -j16 -l16
[1.226s] Invoking command in '/home/bill8/mec_ws/mec_ws/build/my_robot_bringup': AMENT_PREFIX_PATH=/home/bill8/mec_ws/mec_ws/install/my_robot_description:${AMENT_PREFIX_PATH} CMAKE_PREFIX_PATH=/home/bill8/mec_ws/mec_ws/install/my_robot_description:/opt/ros/humble /usr/bin/cmake --install /home/bill8/mec_ws/mec_ws/build/my_robot_bringup
[1.240s] -- Install configuration: ""
[1.240s] -- Installing: /home/bill8/mec_ws/mec_ws/install/my_robot_bringup/share/my_robot_bringup//config
[1.241s] -- Installing: /home/bill8/mec_ws/mec_ws/install/my_robot_bringup/share/my_robot_bringup//config/my_robot_controllers.yaml
[1.241s] -- Installing: /home/bill8/mec_ws/mec_ws/install/my_robot_bringup/share/my_robot_bringup//launch
[1.242s] -- Installing: /home/bill8/mec_ws/mec_ws/install/my_robot_bringup/share/my_robot_bringup//launch/my_robot.launch.py
[1.242s] -- Installing: /home/bill8/mec_ws/mec_ws/install/my_robot_bringup/share/my_robot_bringup//launch/my_robot.launch.xml
[1.242s] -- Installing: /home/bill8/mec_ws/mec_ws/install/my_robot_bringup/share/ament_index/resource_index/package_run_dependencies/my_robot_bringup
[1.242s] -- Installing: /home/bill8/mec_ws/mec_ws/install/my_robot_bringup/share/ament_index/resource_index/parent_prefix_path/my_robot_bringup
[1.243s] -- Installing: /home/bill8/mec_ws/mec_ws/install/my_robot_bringup/share/my_robot_bringup/environment/ament_prefix_path.sh
[1.243s] -- Installing: /home/bill8/mec_ws/mec_ws/install/my_robot_bringup/share/my_robot_bringup/environment/ament_prefix_path.dsv
[1.243s] -- Installing: /home/bill8/mec_ws/mec_ws/install/my_robot_bringup/share/my_robot_bringup/environment/path.sh
[1.243s] -- Installing: /home/bill8/mec_ws/mec_ws/install/my_robot_bringup/share/my_robot_bringup/environment/path.dsv
[1.243s] -- Installing: /home/bill8/mec_ws/mec_ws/install/my_robot_bringup/share/my_robot_bringup/local_setup.bash
[1.244s] -- Installing: /home/bill8/mec_ws/mec_ws/install/my_robot_bringup/share/my_robot_bringup/local_setup.sh
[1.244s] -- Installing: /home/bill8/mec_ws/mec_ws/install/my_robot_bringup/share/my_robot_bringup/local_setup.zsh
[1.244s] -- Installing: /home/bill8/mec_ws/mec_ws/install/my_robot_bringup/share/my_robot_bringup/local_setup.dsv
[1.244s] -- Installing: /home/bill8/mec_ws/mec_ws/install/my_robot_bringup/share/my_robot_bringup/package.dsv
[1.244s] -- Installing: /home/bill8/mec_ws/mec_ws/install/my_robot_bringup/share/ament_index/resource_index/packages/my_robot_bringup
[1.244s] -- Installing: /home/bill8/mec_ws/mec_ws/install/my_robot_bringup/share/my_robot_bringup/cmake/my_robot_bringupConfig.cmake
[1.245s] -- Installing: /home/bill8/mec_ws/mec_ws/install/my_robot_bringup/share/my_robot_bringup/cmake/my_robot_bringupConfig-version.cmake
[1.245s] -- Installing: /home/bill8/mec_ws/mec_ws/install/my_robot_bringup/share/my_robot_bringup/package.xml
[1.246s] Invoked command in '/home/bill8/mec_ws/mec_ws/build/my_robot_bringup' returned '0': AMENT_PREFIX_PATH=/home/bill8/mec_ws/mec_ws/install/my_robot_description:${AMENT_PREFIX_PATH} CMAKE_PREFIX_PATH=/home/bill8/mec_ws/mec_ws/install/my_robot_description:/opt/ros/humble /usr/bin/cmake --install /home/bill8/mec_ws/mec_ws/build/my_robot_bringup
