[0.048s] Invoking command in '/home/bill8/mec_ws/mec_ws/build/mec_bringup': AMENT_PREFIX_PATH=/home/bill8/mec_ws/mec_ws/install/mec_description:${AMENT_PREFIX_PATH} CMAKE_PREFIX_PATH=/home/bill8/mec_ws/mec_ws/install/mec_description:/opt/ros/humble /usr/bin/cmake /home/bill8/mec_ws/mec_ws/src/mec_bringup -DCMAKE_INSTALL_PREFIX=/home/bill8/mec_ws/mec_ws/install/mec_bringup
[0.147s] -- The C compiler identification is GNU 11.4.0
[0.257s] -- The CXX compiler identification is GNU 11.4.0
[0.271s] -- Detecting C compiler ABI info
[0.392s] -- Detecting C compiler ABI info - done
[0.406s] -- Check for working C compiler: /usr/bin/cc - skipped
[0.406s] -- Detecting C compile features
[0.407s] -- Detecting C compile features - done
[0.413s] -- Detecting CXX compiler ABI info
[0.568s] -- Detecting CXX compiler ABI info - done
[0.587s] -- Check for working CXX compiler: /usr/bin/c++ - skipped
[0.587s] -- Detecting CXX compile features
[0.589s] -- Detecting CXX compile features - done
[0.594s] -- Found ament_cmake: 1.3.11 (/opt/ros/humble/share/ament_cmake/cmake)
[0.895s] -- Found Python3: /usr/bin/python3 (found version "3.10.12") found components: Interpreter 
[1.203s] -- Configuring done
[1.208s] -- Generating done
[1.210s] -- Build files have been written to: /home/bill8/mec_ws/mec_ws/build/mec_bringup
[1.217s] Invoked command in '/home/bill8/mec_ws/mec_ws/build/mec_bringup' returned '0': AMENT_PREFIX_PATH=/home/bill8/mec_ws/mec_ws/install/mec_description:${AMENT_PREFIX_PATH} CMAKE_PREFIX_PATH=/home/bill8/mec_ws/mec_ws/install/mec_description:/opt/ros/humble /usr/bin/cmake /home/bill8/mec_ws/mec_ws/src/mec_bringup -DCMAKE_INSTALL_PREFIX=/home/bill8/mec_ws/mec_ws/install/mec_bringup
[1.220s] Invoking command in '/home/bill8/mec_ws/mec_ws/build/mec_bringup': AMENT_PREFIX_PATH=/home/bill8/mec_ws/mec_ws/install/mec_description:${AMENT_PREFIX_PATH} CMAKE_PREFIX_PATH=/home/bill8/mec_ws/mec_ws/install/mec_description:/opt/ros/humble /usr/bin/cmake --build /home/bill8/mec_ws/mec_ws/build/mec_bringup -- -j16 -l16
[1.305s] Invoked command in '/home/bill8/mec_ws/mec_ws/build/mec_bringup' returned '0': AMENT_PREFIX_PATH=/home/bill8/mec_ws/mec_ws/install/mec_description:${AMENT_PREFIX_PATH} CMAKE_PREFIX_PATH=/home/bill8/mec_ws/mec_ws/install/mec_description:/opt/ros/humble /usr/bin/cmake --build /home/bill8/mec_ws/mec_ws/build/mec_bringup -- -j16 -l16
[1.307s] Invoking command in '/home/bill8/mec_ws/mec_ws/build/mec_bringup': AMENT_PREFIX_PATH=/home/bill8/mec_ws/mec_ws/install/mec_description:${AMENT_PREFIX_PATH} CMAKE_PREFIX_PATH=/home/bill8/mec_ws/mec_ws/install/mec_description:/opt/ros/humble /usr/bin/cmake --install /home/bill8/mec_ws/mec_ws/build/mec_bringup
[1.323s] -- Install configuration: ""
[1.323s] -- Installing: /home/bill8/mec_ws/mec_ws/install/mec_bringup/share/mec_bringup//config
[1.323s] -- Installing: /home/bill8/mec_ws/mec_ws/install/mec_bringup/share/mec_bringup//config/mec_controllers.yaml
[1.323s] -- Installing: /home/bill8/mec_ws/mec_ws/install/mec_bringup/share/mec_bringup//launch
[1.323s] -- Installing: /home/bill8/mec_ws/mec_ws/install/mec_bringup/share/mec_bringup//launch/mec.launch.py
[1.324s] -- Installing: /home/bill8/mec_ws/mec_ws/install/mec_bringup/share/ament_index/resource_index/package_run_dependencies/mec_bringup
[1.324s] -- Installing: /home/bill8/mec_ws/mec_ws/install/mec_bringup/share/ament_index/resource_index/parent_prefix_path/mec_bringup
[1.324s] -- Installing: /home/bill8/mec_ws/mec_ws/install/mec_bringup/share/mec_bringup/environment/ament_prefix_path.sh
[1.325s] -- Installing: /home/bill8/mec_ws/mec_ws/install/mec_bringup/share/mec_bringup/environment/ament_prefix_path.dsv
[1.325s] -- Installing: /home/bill8/mec_ws/mec_ws/install/mec_bringup/share/mec_bringup/environment/path.sh
[1.325s] -- Installing: /home/bill8/mec_ws/mec_ws/install/mec_bringup/share/mec_bringup/environment/path.dsv
[1.325s] -- Installing: /home/bill8/mec_ws/mec_ws/install/mec_bringup/share/mec_bringup/local_setup.bash
[1.325s] -- Installing: /home/bill8/mec_ws/mec_ws/install/mec_bringup/share/mec_bringup/local_setup.sh
[1.326s] -- Installing: /home/bill8/mec_ws/mec_ws/install/mec_bringup/share/mec_bringup/local_setup.zsh
[1.326s] -- Installing: /home/bill8/mec_ws/mec_ws/install/mec_bringup/share/mec_bringup/local_setup.dsv
[1.326s] -- Installing: /home/bill8/mec_ws/mec_ws/install/mec_bringup/share/mec_bringup/package.dsv
[1.326s] -- Installing: /home/bill8/mec_ws/mec_ws/install/mec_bringup/share/ament_index/resource_index/packages/mec_bringup
[1.326s] -- Installing: /home/bill8/mec_ws/mec_ws/install/mec_bringup/share/mec_bringup/cmake/mec_bringupConfig.cmake
[1.326s] -- Installing: /home/bill8/mec_ws/mec_ws/install/mec_bringup/share/mec_bringup/cmake/mec_bringupConfig-version.cmake
[1.327s] -- Installing: /home/bill8/mec_ws/mec_ws/install/mec_bringup/share/mec_bringup/package.xml
[1.329s] Invoked command in '/home/bill8/mec_ws/mec_ws/build/mec_bringup' returned '0': AMENT_PREFIX_PATH=/home/bill8/mec_ws/mec_ws/install/mec_description:${AMENT_PREFIX_PATH} CMAKE_PREFIX_PATH=/home/bill8/mec_ws/mec_ws/install/mec_description:/opt/ros/humble /usr/bin/cmake --install /home/bill8/mec_ws/mec_ws/build/mec_bringup
