[0.032s] Invoking command in '/home/bill8/mec_ws/mec_ws/build/bill_interfaces': CMAKE_PREFIX_PATH=/opt/ros/humble /usr/bin/cmake /home/bill8/mec_ws/mec_ws/src/bill_interfaces -DCMAKE_INSTALL_PREFIX=/home/bill8/mec_ws/mec_ws/install/bill_interfaces
[0.172s] -- The C compiler identification is GNU 11.4.0
[0.311s] -- The CXX compiler identification is GNU 11.4.0
[0.325s] -- Detecting C compiler ABI info
[0.445s] -- Detecting C compiler ABI info - done
[0.459s] -- Check for working C compiler: /usr/bin/cc - skipped
[0.460s] -- Detecting C compile features
[0.461s] -- Detecting C compile features - done
[0.468s] -- Detecting CXX compiler ABI info
[0.624s] -- Detecting CXX compiler ABI info - done
[0.638s] -- Check for working CXX compiler: /usr/bin/c++ - skipped
[0.639s] -- Detecting CXX compile features
[0.640s] -- Detecting CXX compile features - done
[0.647s] -- Found ament_cmake: 1.3.11 (/opt/ros/humble/share/ament_cmake/cmake)
[0.975s] -- Found Python3: /usr/bin/python3 (found version "3.10.12") found components: Interpreter 
[1.150s] -- Found rosidl_default_generators: 1.2.0 (/opt/ros/humble/share/rosidl_default_generators/cmake)
[1.156s] -- Using all available rosidl_typesupport_c: rosidl_typesupport_fastrtps_c;rosidl_typesupport_introspection_c
[1.172s] -- Found rosidl_adapter: 3.1.6 (/opt/ros/humble/share/rosidl_adapter/cmake)
[1.268s] -- Using all available rosidl_typesupport_cpp: rosidl_typesupport_fastrtps_cpp;rosidl_typesupport_introspection_cpp
[1.942s] -- Found ament_cmake_ros: 0.10.0 (/opt/ros/humble/share/ament_cmake_ros/cmake)
[2.345s] -- Using all available rosidl_typesupport_c: rosidl_typesupport_fastrtps_c;rosidl_typesupport_introspection_c
[2.817s] -- Using all available rosidl_typesupport_cpp: rosidl_typesupport_fastrtps_cpp;rosidl_typesupport_introspection_cpp
[2.861s] -- Found PythonInterp: /usr/bin/python3 (found suitable version "3.10.12", minimum required is "3.6") 
[2.865s] -- Found python_cmake_module: 0.10.0 (/opt/ros/humble/share/python_cmake_module/cmake)
[2.913s] -- Found PythonLibs: /usr/lib/x86_64-linux-gnu/libpython3.10.so (found suitable version "3.10.12", minimum required is "3.5") 
[2.914s] -- Using PYTHON_EXECUTABLE: /usr/bin/python3
[2.914s] -- Using PYTHON_INCLUDE_DIRS: /usr/include/python3.10
[2.914s] -- Using PYTHON_LIBRARIES: /usr/lib/x86_64-linux-gnu/libpython3.10.so
[2.951s] -- Found PythonExtra: .so  
[3.015s] -- Configuring done
[3.071s] -- Generating done
[3.088s] -- Build files have been written to: /home/bill8/mec_ws/mec_ws/build/bill_interfaces
[3.099s] Invoked command in '/home/bill8/mec_ws/mec_ws/build/bill_interfaces' returned '0': CMAKE_PREFIX_PATH=/opt/ros/humble /usr/bin/cmake /home/bill8/mec_ws/mec_ws/src/bill_interfaces -DCMAKE_INSTALL_PREFIX=/home/bill8/mec_ws/mec_ws/install/bill_interfaces
[3.103s] Invoking command in '/home/bill8/mec_ws/mec_ws/build/bill_interfaces': CMAKE_PREFIX_PATH=/opt/ros/humble /usr/bin/cmake --build /home/bill8/mec_ws/mec_ws/build/bill_interfaces -- -j16 -l16
[3.171s] [  1%] [34m[1mGenerating C code for ROS interfaces[0m
[3.191s] [  2%] [34m[1mGenerating C++ code for ROS interfaces[0m
[3.206s] [  2%] Built target ament_cmake_python_copy_bill_interfaces
[3.820s] running egg_info
[3.821s] creating bill_interfaces.egg-info
[3.822s] writing bill_interfaces.egg-info/PKG-INFO
[3.822s] writing dependency_links to bill_interfaces.egg-info/dependency_links.txt
[3.822s] writing top-level names to bill_interfaces.egg-info/top_level.txt
[3.823s] writing manifest file 'bill_interfaces.egg-info/SOURCES.txt'
[3.827s] reading manifest file 'bill_interfaces.egg-info/SOURCES.txt'
[3.828s] writing manifest file 'bill_interfaces.egg-info/SOURCES.txt'
[3.880s] [  2%] Built target ament_cmake_python_build_bill_interfaces_egg
[4.648s] [  2%] Built target bill_interfaces__cpp
[4.666s] [  3%] [34m[1mGenerating C++ type support for eProsima Fast-RTPS[0m
[4.668s] [  5%] [34m[1mGenerating C++ introspection for ROS interfaces[0m
[4.670s] [  6%] [34m[1mGenerating C++ type support dispatch for ROS interfaces[0m
[4.954s] [  7%] [32mBuilding C object CMakeFiles/bill_interfaces__rosidl_generator_c.dir/rosidl_generator_c/bill_interfaces/srv/detail/get_name__functions.c.o[0m
[4.954s] [  8%] [32mBuilding C object CMakeFiles/bill_interfaces__rosidl_generator_c.dir/rosidl_generator_c/bill_interfaces/srv/detail/get_trained__functions.c.o[0m
[4.959s] [ 10%] [32mBuilding C object CMakeFiles/bill_interfaces__rosidl_generator_c.dir/rosidl_generator_c/bill_interfaces/srv/detail/search_for__functions.c.o[0m
[4.959s] [ 11%] [32mBuilding C object CMakeFiles/bill_interfaces__rosidl_generator_c.dir/rosidl_generator_c/bill_interfaces/msg/detail/mission_status__functions.c.o[0m
[4.962s] [ 12%] [32mBuilding C object CMakeFiles/bill_interfaces__rosidl_generator_c.dir/rosidl_generator_c/bill_interfaces/srv/detail/say_something__functions.c.o[0m
[4.973s] [ 13%] [32mBuilding C object CMakeFiles/bill_interfaces__rosidl_generator_c.dir/rosidl_generator_c/bill_interfaces/srv/detail/listen_something__functions.c.o[0m
[4.973s] [ 15%] [32mBuilding C object CMakeFiles/bill_interfaces__rosidl_generator_c.dir/rosidl_generator_c/bill_interfaces/srv/detail/execute_spin__functions.c.o[0m
[5.174s] [ 16%] [32m[1mLinking C shared library libbill_interfaces__rosidl_generator_c.so[0m
[5.257s] [ 16%] Built target bill_interfaces__rosidl_generator_c
[5.290s] [ 17%] [34m[1mGenerating C type support dispatch for ROS interfaces[0m
[5.291s] [ 18%] [34m[1mGenerating C type support for eProsima Fast-RTPS[0m
[5.319s] [ 20%] [34m[1mGenerating C introspection for ROS interfaces[0m
[5.909s] [ 21%] [32mBuilding CXX object CMakeFiles/bill_interfaces__rosidl_typesupport_cpp.dir/rosidl_typesupport_cpp/bill_interfaces/msg/mission_status__type_support.cpp.o[0m
[5.912s] [ 22%] [32mBuilding CXX object CMakeFiles/bill_interfaces__rosidl_typesupport_cpp.dir/rosidl_typesupport_cpp/bill_interfaces/srv/get_name__type_support.cpp.o[0m
[5.914s] [ 24%] [32mBuilding CXX object CMakeFiles/bill_interfaces__rosidl_typesupport_cpp.dir/rosidl_typesupport_cpp/bill_interfaces/srv/search_for__type_support.cpp.o[0m
[5.915s] [ 25%] [32mBuilding CXX object CMakeFiles/bill_interfaces__rosidl_typesupport_cpp.dir/rosidl_typesupport_cpp/bill_interfaces/srv/get_trained__type_support.cpp.o[0m
[5.925s] [ 26%] [32mBuilding CXX object CMakeFiles/bill_interfaces__rosidl_typesupport_cpp.dir/rosidl_typesupport_cpp/bill_interfaces/srv/execute_spin__type_support.cpp.o[0m
[5.928s] [ 27%] [32mBuilding CXX object CMakeFiles/bill_interfaces__rosidl_typesupport_cpp.dir/rosidl_typesupport_cpp/bill_interfaces/srv/say_something__type_support.cpp.o[0m
[5.936s] [ 29%] [32mBuilding CXX object CMakeFiles/bill_interfaces__rosidl_typesupport_cpp.dir/rosidl_typesupport_cpp/bill_interfaces/srv/listen_something__type_support.cpp.o[0m
[6.592s] [ 30%] [32mBuilding CXX object CMakeFiles/bill_interfaces__rosidl_typesupport_introspection_cpp.dir/rosidl_typesupport_introspection_cpp/bill_interfaces/srv/detail/get_name__type_support.cpp.o[0m
[6.603s] [ 31%] [32mBuilding CXX object CMakeFiles/bill_interfaces__rosidl_typesupport_introspection_cpp.dir/rosidl_typesupport_introspection_cpp/bill_interfaces/srv/detail/execute_spin__type_support.cpp.o[0m
[6.604s] [ 32%] [32mBuilding CXX object CMakeFiles/bill_interfaces__rosidl_typesupport_introspection_cpp.dir/rosidl_typesupport_introspection_cpp/bill_interfaces/msg/detail/mission_status__type_support.cpp.o[0m
[6.608s] [ 34%] [32mBuilding CXX object CMakeFiles/bill_interfaces__rosidl_typesupport_introspection_cpp.dir/rosidl_typesupport_introspection_cpp/bill_interfaces/srv/detail/search_for__type_support.cpp.o[0m
[6.611s] [ 35%] [32mBuilding CXX object CMakeFiles/bill_interfaces__rosidl_typesupport_introspection_cpp.dir/rosidl_typesupport_introspection_cpp/bill_interfaces/srv/detail/get_trained__type_support.cpp.o[0m
[6.772s] [ 36%] [32mBuilding CXX object CMakeFiles/bill_interfaces__rosidl_typesupport_introspection_cpp.dir/rosidl_typesupport_introspection_cpp/bill_interfaces/srv/detail/say_something__type_support.cpp.o[0m
[7.087s] [ 37%] [32mBuilding CXX object CMakeFiles/bill_interfaces__rosidl_typesupport_introspection_cpp.dir/rosidl_typesupport_introspection_cpp/bill_interfaces/srv/detail/listen_something__type_support.cpp.o[0m
[7.169s] [ 39%] [32mBuilding CXX object CMakeFiles/bill_interfaces__rosidl_typesupport_c.dir/rosidl_typesupport_c/bill_interfaces/msg/mission_status__type_support.cpp.o[0m
[7.170s] [ 40%] [32mBuilding CXX object CMakeFiles/bill_interfaces__rosidl_typesupport_c.dir/rosidl_typesupport_c/bill_interfaces/srv/get_name__type_support.cpp.o[0m
[7.213s] [ 41%] [32mBuilding CXX object CMakeFiles/bill_interfaces__rosidl_typesupport_fastrtps_cpp.dir/rosidl_typesupport_fastrtps_cpp/bill_interfaces/msg/detail/dds_fastrtps/mission_status__type_support.cpp.o[0m
[7.307s] [ 43%] [32mBuilding CXX object CMakeFiles/bill_interfaces__rosidl_typesupport_fastrtps_cpp.dir/rosidl_typesupport_fastrtps_cpp/bill_interfaces/srv/detail/dds_fastrtps/get_name__type_support.cpp.o[0m
[7.337s] [ 44%] [32mBuilding CXX object CMakeFiles/bill_interfaces__rosidl_typesupport_c.dir/rosidl_typesupport_c/bill_interfaces/srv/search_for__type_support.cpp.o[0m
[7.357s] [ 45%] [32mBuilding CXX object CMakeFiles/bill_interfaces__rosidl_typesupport_fastrtps_cpp.dir/rosidl_typesupport_fastrtps_cpp/bill_interfaces/srv/detail/dds_fastrtps/search_for__type_support.cpp.o[0m
[7.432s] [ 46%] [32mBuilding CXX object CMakeFiles/bill_interfaces__rosidl_typesupport_fastrtps_cpp.dir/rosidl_typesupport_fastrtps_cpp/bill_interfaces/srv/detail/dds_fastrtps/get_trained__type_support.cpp.o[0m
[7.517s] [ 48%] [32mBuilding CXX object CMakeFiles/bill_interfaces__rosidl_typesupport_c.dir/rosidl_typesupport_c/bill_interfaces/srv/get_trained__type_support.cpp.o[0m
[7.713s] [ 49%] [32mBuilding CXX object CMakeFiles/bill_interfaces__rosidl_typesupport_c.dir/rosidl_typesupport_c/bill_interfaces/srv/execute_spin__type_support.cpp.o[0m
[7.757s] [ 50%] [32m[1mLinking CXX shared library libbill_interfaces__rosidl_typesupport_cpp.so[0m
[7.773s] [ 51%] [32mBuilding CXX object CMakeFiles/bill_interfaces__rosidl_typesupport_fastrtps_cpp.dir/rosidl_typesupport_fastrtps_cpp/bill_interfaces/srv/detail/dds_fastrtps/execute_spin__type_support.cpp.o[0m
[7.895s] [ 53%] [32mBuilding CXX object CMakeFiles/bill_interfaces__rosidl_typesupport_c.dir/rosidl_typesupport_c/bill_interfaces/srv/say_something__type_support.cpp.o[0m
[7.928s] [ 54%] [32mBuilding CXX object CMakeFiles/bill_interfaces__rosidl_typesupport_fastrtps_c.dir/rosidl_typesupport_fastrtps_c/bill_interfaces/msg/detail/mission_status__type_support_c.cpp.o[0m
[7.971s] [ 54%] Built target bill_interfaces__rosidl_typesupport_cpp
[8.015s] [ 55%] [32mBuilding CXX object CMakeFiles/bill_interfaces__rosidl_typesupport_fastrtps_c.dir/rosidl_typesupport_fastrtps_c/bill_interfaces/srv/detail/get_name__type_support_c.cpp.o[0m
[8.067s] [ 56%] [32mBuilding CXX object CMakeFiles/bill_interfaces__rosidl_typesupport_c.dir/rosidl_typesupport_c/bill_interfaces/srv/listen_something__type_support.cpp.o[0m
[8.133s] [ 58%] [32mBuilding CXX object CMakeFiles/bill_interfaces__rosidl_typesupport_fastrtps_cpp.dir/rosidl_typesupport_fastrtps_cpp/bill_interfaces/srv/detail/dds_fastrtps/say_something__type_support.cpp.o[0m
[8.156s] [ 59%] [32mBuilding CXX object CMakeFiles/bill_interfaces__rosidl_typesupport_fastrtps_c.dir/rosidl_typesupport_fastrtps_c/bill_interfaces/srv/detail/search_for__type_support_c.cpp.o[0m
[8.235s] [ 60%] [32m[1mLinking CXX shared library libbill_interfaces__rosidl_typesupport_c.so[0m
[8.313s] [ 62%] [32mBuilding CXX object CMakeFiles/bill_interfaces__rosidl_typesupport_fastrtps_cpp.dir/rosidl_typesupport_fastrtps_cpp/bill_interfaces/srv/detail/dds_fastrtps/listen_something__type_support.cpp.o[0m
[8.386s] [ 62%] Built target bill_interfaces__rosidl_typesupport_c
[8.412s] [ 63%] [32mBuilding CXX object CMakeFiles/bill_interfaces__rosidl_typesupport_fastrtps_c.dir/rosidl_typesupport_fastrtps_c/bill_interfaces/srv/detail/get_trained__type_support_c.cpp.o[0m
[8.441s] [ 64%] [32mBuilding CXX object CMakeFiles/bill_interfaces__rosidl_typesupport_fastrtps_c.dir/rosidl_typesupport_fastrtps_c/bill_interfaces/srv/detail/execute_spin__type_support_c.cpp.o[0m
[8.566s] [ 65%] [32mBuilding CXX object CMakeFiles/bill_interfaces__rosidl_typesupport_fastrtps_c.dir/rosidl_typesupport_fastrtps_c/bill_interfaces/srv/detail/say_something__type_support_c.cpp.o[0m
[8.710s] [ 67%] [32mBuilding CXX object CMakeFiles/bill_interfaces__rosidl_typesupport_fastrtps_c.dir/rosidl_typesupport_fastrtps_c/bill_interfaces/srv/detail/listen_something__type_support_c.cpp.o[0m
[8.862s] [ 68%] [32m[1mLinking CXX shared library libbill_interfaces__rosidl_typesupport_introspection_cpp.so[0m
[9.119s] [ 68%] Built target bill_interfaces__rosidl_typesupport_introspection_cpp
[9.225s] [ 69%] [32mBuilding C object CMakeFiles/bill_interfaces__rosidl_typesupport_introspection_c.dir/rosidl_typesupport_introspection_c/bill_interfaces/msg/detail/mission_status__type_support.c.o[0m
[9.235s] [ 70%] [32mBuilding C object CMakeFiles/bill_interfaces__rosidl_typesupport_introspection_c.dir/rosidl_typesupport_introspection_c/bill_interfaces/srv/detail/listen_something__type_support.c.o[0m
[9.243s] [ 72%] [32mBuilding C object CMakeFiles/bill_interfaces__rosidl_typesupport_introspection_c.dir/rosidl_typesupport_introspection_c/bill_interfaces/srv/detail/get_name__type_support.c.o[0m
[9.245s] [ 73%] [32mBuilding C object CMakeFiles/bill_interfaces__rosidl_typesupport_introspection_c.dir/rosidl_typesupport_introspection_c/bill_interfaces/srv/detail/search_for__type_support.c.o[0m
[9.246s] [ 74%] [32mBuilding C object CMakeFiles/bill_interfaces__rosidl_typesupport_introspection_c.dir/rosidl_typesupport_introspection_c/bill_interfaces/srv/detail/execute_spin__type_support.c.o[0m
[9.249s] [ 75%] [32mBuilding C object CMakeFiles/bill_interfaces__rosidl_typesupport_introspection_c.dir/rosidl_typesupport_introspection_c/bill_interfaces/srv/detail/say_something__type_support.c.o[0m
[9.249s] [ 77%] [32mBuilding C object CMakeFiles/bill_interfaces__rosidl_typesupport_introspection_c.dir/rosidl_typesupport_introspection_c/bill_interfaces/srv/detail/get_trained__type_support.c.o[0m
[9.403s] [ 78%] [32m[1mLinking C shared library libbill_interfaces__rosidl_typesupport_introspection_c.so[0m
[9.480s] [ 78%] Built target bill_interfaces__rosidl_typesupport_introspection_c
[9.554s] [ 79%] [32m[1mLinking CXX shared library libbill_interfaces__rosidl_typesupport_fastrtps_cpp.so[0m
[9.698s] [ 79%] Built target bill_interfaces__rosidl_typesupport_fastrtps_cpp
[9.742s] [ 81%] [32m[1mLinking CXX shared library libbill_interfaces__rosidl_typesupport_fastrtps_c.so[0m
[9.882s] [ 81%] Built target bill_interfaces__rosidl_typesupport_fastrtps_c
[9.922s] [ 81%] Built target bill_interfaces
[9.964s] [ 82%] [34m[1mGenerating Python code for ROS interfaces[0m
[11.983s] [ 82%] Built target bill_interfaces__py
[12.014s] [ 83%] [32mBuilding C object CMakeFiles/bill_interfaces__rosidl_generator_py.dir/rosidl_generator_py/bill_interfaces/srv/_get_trained_s.c.o[0m
[12.015s] [ 84%] [32mBuilding C object CMakeFiles/bill_interfaces__rosidl_generator_py.dir/rosidl_generator_py/bill_interfaces/srv/_listen_something_s.c.o[0m
[12.016s] [ 86%] [32mBuilding C object CMakeFiles/bill_interfaces__rosidl_generator_py.dir/rosidl_generator_py/bill_interfaces/msg/_mission_status_s.c.o[0m
[12.017s] [ 87%] [32mBuilding C object CMakeFiles/bill_interfaces__rosidl_generator_py.dir/rosidl_generator_py/bill_interfaces/srv/_search_for_s.c.o[0m
[12.017s] [ 88%] [32mBuilding C object CMakeFiles/bill_interfaces__rosidl_generator_py.dir/rosidl_generator_py/bill_interfaces/srv/_get_name_s.c.o[0m
[12.019s] [ 89%] [32mBuilding C object CMakeFiles/bill_interfaces__rosidl_generator_py.dir/rosidl_generator_py/bill_interfaces/srv/_say_something_s.c.o[0m
[12.019s] [ 91%] [32mBuilding C object CMakeFiles/bill_interfaces__rosidl_generator_py.dir/rosidl_generator_py/bill_interfaces/srv/_execute_spin_s.c.o[0m
[12.277s] [ 92%] [32m[1mLinking C shared library rosidl_generator_py/bill_interfaces/libbill_interfaces__rosidl_generator_py.so[0m
[12.357s] [ 92%] Built target bill_interfaces__rosidl_generator_py
[12.399s] [ 96%] [32mBuilding C object CMakeFiles/bill_interfaces__rosidl_typesupport_c__pyext.dir/rosidl_generator_py/bill_interfaces/_bill_interfaces_s.ep.rosidl_typesupport_c.c.o[0m
[12.400s] [ 96%] [32mBuilding C object CMakeFiles/bill_interfaces__rosidl_typesupport_fastrtps_c__pyext.dir/rosidl_generator_py/bill_interfaces/_bill_interfaces_s.ep.rosidl_typesupport_fastrtps_c.c.o[0m
[12.400s] [ 96%] [32mBuilding C object CMakeFiles/bill_interfaces__rosidl_typesupport_introspection_c__pyext.dir/rosidl_generator_py/bill_interfaces/_bill_interfaces_s.ep.rosidl_typesupport_introspection_c.c.o[0m
[12.686s] [ 97%] [32m[1mLinking C shared library rosidl_generator_py/bill_interfaces/bill_interfaces_s__rosidl_typesupport_introspection_c.cpython-310-x86_64-linux-gnu.so[0m
[12.703s] [100%] [32m[1mLinking C shared library rosidl_generator_py/bill_interfaces/bill_interfaces_s__rosidl_typesupport_c.cpython-310-x86_64-linux-gnu.so[0m
[12.703s] [100%] [32m[1mLinking C shared library rosidl_generator_py/bill_interfaces/bill_interfaces_s__rosidl_typesupport_fastrtps_c.cpython-310-x86_64-linux-gnu.so[0m
[12.758s] [100%] Built target bill_interfaces__rosidl_typesupport_introspection_c__pyext
[12.767s] [100%] Built target bill_interfaces__rosidl_typesupport_c__pyext
[12.773s] [100%] Built target bill_interfaces__rosidl_typesupport_fastrtps_c__pyext
[12.796s] Invoked command in '/home/bill8/mec_ws/mec_ws/build/bill_interfaces' returned '0': CMAKE_PREFIX_PATH=/opt/ros/humble /usr/bin/cmake --build /home/bill8/mec_ws/mec_ws/build/bill_interfaces -- -j16 -l16
[12.799s] Invoking command in '/home/bill8/mec_ws/mec_ws/build/bill_interfaces': CMAKE_PREFIX_PATH=/opt/ros/humble /usr/bin/cmake --install /home/bill8/mec_ws/mec_ws/build/bill_interfaces
[12.813s] -- Install configuration: ""
[12.813s] -- Installing: /home/bill8/mec_ws/mec_ws/install/bill_interfaces/share/ament_index/resource_index/rosidl_interfaces/bill_interfaces
[12.813s] -- Installing: /home/bill8/mec_ws/mec_ws/install/bill_interfaces/include/bill_interfaces/bill_interfaces
[12.814s] -- Installing: /home/bill8/mec_ws/mec_ws/install/bill_interfaces/include/bill_interfaces/bill_interfaces/msg
[12.814s] -- Installing: /home/bill8/mec_ws/mec_ws/install/bill_interfaces/include/bill_interfaces/bill_interfaces/msg/detail
[12.814s] -- Installing: /home/bill8/mec_ws/mec_ws/install/bill_interfaces/include/bill_interfaces/bill_interfaces/msg/detail/mission_status__functions.c
[12.815s] -- Installing: /home/bill8/mec_ws/mec_ws/install/bill_interfaces/include/bill_interfaces/bill_interfaces/msg/detail/mission_status__struct.h
[12.815s] -- Installing: /home/bill8/mec_ws/mec_ws/install/bill_interfaces/include/bill_interfaces/bill_interfaces/msg/detail/mission_status__functions.h
[12.815s] -- Installing: /home/bill8/mec_ws/mec_ws/install/bill_interfaces/include/bill_interfaces/bill_interfaces/msg/detail/mission_status__type_support.h
[12.815s] -- Installing: /home/bill8/mec_ws/mec_ws/install/bill_interfaces/include/bill_interfaces/bill_interfaces/msg/rosidl_generator_c__visibility_control.h
[12.816s] -- Installing: /home/bill8/mec_ws/mec_ws/install/bill_interfaces/include/bill_interfaces/bill_interfaces/msg/mission_status.h
[12.816s] -- Installing: /home/bill8/mec_ws/mec_ws/install/bill_interfaces/include/bill_interfaces/bill_interfaces/srv
[12.816s] -- Installing: /home/bill8/mec_ws/mec_ws/install/bill_interfaces/include/bill_interfaces/bill_interfaces/srv/listen_something.h
[12.816s] -- Installing: /home/bill8/mec_ws/mec_ws/install/bill_interfaces/include/bill_interfaces/bill_interfaces/srv/detail
[12.816s] -- Installing: /home/bill8/mec_ws/mec_ws/install/bill_interfaces/include/bill_interfaces/bill_interfaces/srv/detail/search_for__type_support.h
[12.817s] -- Installing: /home/bill8/mec_ws/mec_ws/install/bill_interfaces/include/bill_interfaces/bill_interfaces/srv/detail/get_trained__functions.h
[12.817s] -- Installing: /home/bill8/mec_ws/mec_ws/install/bill_interfaces/include/bill_interfaces/bill_interfaces/srv/detail/get_trained__functions.c
[12.817s] -- Installing: /home/bill8/mec_ws/mec_ws/install/bill_interfaces/include/bill_interfaces/bill_interfaces/srv/detail/listen_something__functions.h
[12.817s] -- Installing: /home/bill8/mec_ws/mec_ws/install/bill_interfaces/include/bill_interfaces/bill_interfaces/srv/detail/listen_something__functions.c
[12.817s] -- Installing: /home/bill8/mec_ws/mec_ws/install/bill_interfaces/include/bill_interfaces/bill_interfaces/srv/detail/search_for__struct.h
[12.818s] -- Installing: /home/bill8/mec_ws/mec_ws/install/bill_interfaces/include/bill_interfaces/bill_interfaces/srv/detail/search_for__functions.c
[12.818s] -- Installing: /home/bill8/mec_ws/mec_ws/install/bill_interfaces/include/bill_interfaces/bill_interfaces/srv/detail/execute_spin__type_support.h
[12.818s] -- Installing: /home/bill8/mec_ws/mec_ws/install/bill_interfaces/include/bill_interfaces/bill_interfaces/srv/detail/execute_spin__struct.h
[12.818s] -- Installing: /home/bill8/mec_ws/mec_ws/install/bill_interfaces/include/bill_interfaces/bill_interfaces/srv/detail/get_name__type_support.h
[12.818s] -- Installing: /home/bill8/mec_ws/mec_ws/install/bill_interfaces/include/bill_interfaces/bill_interfaces/srv/detail/execute_spin__functions.c
[12.818s] -- Installing: /home/bill8/mec_ws/mec_ws/install/bill_interfaces/include/bill_interfaces/bill_interfaces/srv/detail/execute_spin__functions.h
[12.819s] -- Installing: /home/bill8/mec_ws/mec_ws/install/bill_interfaces/include/bill_interfaces/bill_interfaces/srv/detail/get_name__functions.h
[12.819s] -- Installing: /home/bill8/mec_ws/mec_ws/install/bill_interfaces/include/bill_interfaces/bill_interfaces/srv/detail/get_name__functions.c
[12.819s] -- Installing: /home/bill8/mec_ws/mec_ws/install/bill_interfaces/include/bill_interfaces/bill_interfaces/srv/detail/get_name__struct.h
[12.819s] -- Installing: /home/bill8/mec_ws/mec_ws/install/bill_interfaces/include/bill_interfaces/bill_interfaces/srv/detail/search_for__functions.h
[12.819s] -- Installing: /home/bill8/mec_ws/mec_ws/install/bill_interfaces/include/bill_interfaces/bill_interfaces/srv/detail/get_trained__type_support.h
[12.820s] -- Installing: /home/bill8/mec_ws/mec_ws/install/bill_interfaces/include/bill_interfaces/bill_interfaces/srv/detail/say_something__struct.h
[12.820s] -- Installing: /home/bill8/mec_ws/mec_ws/install/bill_interfaces/include/bill_interfaces/bill_interfaces/srv/detail/say_something__functions.h
[12.820s] -- Installing: /home/bill8/mec_ws/mec_ws/install/bill_interfaces/include/bill_interfaces/bill_interfaces/srv/detail/listen_something__type_support.h
[12.820s] -- Installing: /home/bill8/mec_ws/mec_ws/install/bill_interfaces/include/bill_interfaces/bill_interfaces/srv/detail/say_something__functions.c
[12.820s] -- Installing: /home/bill8/mec_ws/mec_ws/install/bill_interfaces/include/bill_interfaces/bill_interfaces/srv/detail/say_something__type_support.h
[12.821s] -- Installing: /home/bill8/mec_ws/mec_ws/install/bill_interfaces/include/bill_interfaces/bill_interfaces/srv/detail/get_trained__struct.h
[12.821s] -- Installing: /home/bill8/mec_ws/mec_ws/install/bill_interfaces/include/bill_interfaces/bill_interfaces/srv/detail/listen_something__struct.h
[12.821s] -- Installing: /home/bill8/mec_ws/mec_ws/install/bill_interfaces/include/bill_interfaces/bill_interfaces/srv/search_for.h
[12.821s] -- Installing: /home/bill8/mec_ws/mec_ws/install/bill_interfaces/include/bill_interfaces/bill_interfaces/srv/get_name.h
[12.822s] -- Installing: /home/bill8/mec_ws/mec_ws/install/bill_interfaces/include/bill_interfaces/bill_interfaces/srv/get_trained.h
[12.822s] -- Installing: /home/bill8/mec_ws/mec_ws/install/bill_interfaces/include/bill_interfaces/bill_interfaces/srv/say_something.h
[12.822s] -- Installing: /home/bill8/mec_ws/mec_ws/install/bill_interfaces/include/bill_interfaces/bill_interfaces/srv/execute_spin.h
[12.822s] -- Installing: /home/bill8/mec_ws/mec_ws/install/bill_interfaces/share/bill_interfaces/environment/library_path.sh
[12.823s] -- Installing: /home/bill8/mec_ws/mec_ws/install/bill_interfaces/share/bill_interfaces/environment/library_path.dsv
[12.823s] -- Installing: /home/bill8/mec_ws/mec_ws/install/bill_interfaces/lib/libbill_interfaces__rosidl_generator_c.so
[12.823s] -- Set runtime path of "/home/bill8/mec_ws/mec_ws/install/bill_interfaces/lib/libbill_interfaces__rosidl_generator_c.so" to ""
[12.823s] -- Up-to-date: /home/bill8/mec_ws/mec_ws/install/bill_interfaces/include/bill_interfaces/bill_interfaces
[12.823s] -- Up-to-date: /home/bill8/mec_ws/mec_ws/install/bill_interfaces/include/bill_interfaces/bill_interfaces/msg
[12.824s] -- Up-to-date: /home/bill8/mec_ws/mec_ws/install/bill_interfaces/include/bill_interfaces/bill_interfaces/msg/detail
[12.824s] -- Installing: /home/bill8/mec_ws/mec_ws/install/bill_interfaces/include/bill_interfaces/bill_interfaces/msg/detail/mission_status__rosidl_typesupport_fastrtps_c.h
[12.824s] -- Installing: /home/bill8/mec_ws/mec_ws/install/bill_interfaces/include/bill_interfaces/bill_interfaces/msg/rosidl_typesupport_fastrtps_c__visibility_control.h
[12.824s] -- Up-to-date: /home/bill8/mec_ws/mec_ws/install/bill_interfaces/include/bill_interfaces/bill_interfaces/srv
[12.824s] -- Up-to-date: /home/bill8/mec_ws/mec_ws/install/bill_interfaces/include/bill_interfaces/bill_interfaces/srv/detail
[12.825s] -- Installing: /home/bill8/mec_ws/mec_ws/install/bill_interfaces/include/bill_interfaces/bill_interfaces/srv/detail/say_something__rosidl_typesupport_fastrtps_c.h
[12.825s] -- Installing: /home/bill8/mec_ws/mec_ws/install/bill_interfaces/include/bill_interfaces/bill_interfaces/srv/detail/get_trained__rosidl_typesupport_fastrtps_c.h
[12.825s] -- Installing: /home/bill8/mec_ws/mec_ws/install/bill_interfaces/include/bill_interfaces/bill_interfaces/srv/detail/execute_spin__rosidl_typesupport_fastrtps_c.h
[12.825s] -- Installing: /home/bill8/mec_ws/mec_ws/install/bill_interfaces/include/bill_interfaces/bill_interfaces/srv/detail/listen_something__rosidl_typesupport_fastrtps_c.h
[12.826s] -- Installing: /home/bill8/mec_ws/mec_ws/install/bill_interfaces/include/bill_interfaces/bill_interfaces/srv/detail/search_for__rosidl_typesupport_fastrtps_c.h
[12.826s] -- Installing: /home/bill8/mec_ws/mec_ws/install/bill_interfaces/include/bill_interfaces/bill_interfaces/srv/detail/get_name__rosidl_typesupport_fastrtps_c.h
[12.826s] -- Installing: /home/bill8/mec_ws/mec_ws/install/bill_interfaces/lib/libbill_interfaces__rosidl_typesupport_fastrtps_c.so
[12.826s] -- Set runtime path of "/home/bill8/mec_ws/mec_ws/install/bill_interfaces/lib/libbill_interfaces__rosidl_typesupport_fastrtps_c.so" to ""
[12.827s] -- Up-to-date: /home/bill8/mec_ws/mec_ws/install/bill_interfaces/include/bill_interfaces/bill_interfaces
[12.827s] -- Up-to-date: /home/bill8/mec_ws/mec_ws/install/bill_interfaces/include/bill_interfaces/bill_interfaces/msg
[12.827s] -- Up-to-date: /home/bill8/mec_ws/mec_ws/install/bill_interfaces/include/bill_interfaces/bill_interfaces/msg/detail
[12.827s] -- Installing: /home/bill8/mec_ws/mec_ws/install/bill_interfaces/include/bill_interfaces/bill_interfaces/msg/detail/mission_status__type_support.c
[12.827s] -- Installing: /home/bill8/mec_ws/mec_ws/install/bill_interfaces/include/bill_interfaces/bill_interfaces/msg/detail/mission_status__rosidl_typesupport_introspection_c.h
[12.828s] -- Installing: /home/bill8/mec_ws/mec_ws/install/bill_interfaces/include/bill_interfaces/bill_interfaces/msg/rosidl_typesupport_introspection_c__visibility_control.h
[12.828s] -- Up-to-date: /home/bill8/mec_ws/mec_ws/install/bill_interfaces/include/bill_interfaces/bill_interfaces/srv
[12.828s] -- Up-to-date: /home/bill8/mec_ws/mec_ws/install/bill_interfaces/include/bill_interfaces/bill_interfaces/srv/detail
[12.828s] -- Installing: /home/bill8/mec_ws/mec_ws/install/bill_interfaces/include/bill_interfaces/bill_interfaces/srv/detail/search_for__rosidl_typesupport_introspection_c.h
[12.828s] -- Installing: /home/bill8/mec_ws/mec_ws/install/bill_interfaces/include/bill_interfaces/bill_interfaces/srv/detail/listen_something__rosidl_typesupport_introspection_c.h
[12.829s] -- Installing: /home/bill8/mec_ws/mec_ws/install/bill_interfaces/include/bill_interfaces/bill_interfaces/srv/detail/get_name__type_support.c
[12.829s] -- Installing: /home/bill8/mec_ws/mec_ws/install/bill_interfaces/include/bill_interfaces/bill_interfaces/srv/detail/say_something__type_support.c
[12.829s] -- Installing: /home/bill8/mec_ws/mec_ws/install/bill_interfaces/include/bill_interfaces/bill_interfaces/srv/detail/execute_spin__type_support.c
[12.829s] -- Installing: /home/bill8/mec_ws/mec_ws/install/bill_interfaces/include/bill_interfaces/bill_interfaces/srv/detail/execute_spin__rosidl_typesupport_introspection_c.h
[12.830s] -- Installing: /home/bill8/mec_ws/mec_ws/install/bill_interfaces/include/bill_interfaces/bill_interfaces/srv/detail/search_for__type_support.c
[12.830s] -- Installing: /home/bill8/mec_ws/mec_ws/install/bill_interfaces/include/bill_interfaces/bill_interfaces/srv/detail/get_trained__rosidl_typesupport_introspection_c.h
[12.830s] -- Installing: /home/bill8/mec_ws/mec_ws/install/bill_interfaces/include/bill_interfaces/bill_interfaces/srv/detail/get_name__rosidl_typesupport_introspection_c.h
[12.830s] -- Installing: /home/bill8/mec_ws/mec_ws/install/bill_interfaces/include/bill_interfaces/bill_interfaces/srv/detail/say_something__rosidl_typesupport_introspection_c.h
[12.831s] -- Installing: /home/bill8/mec_ws/mec_ws/install/bill_interfaces/include/bill_interfaces/bill_interfaces/srv/detail/get_trained__type_support.c
[12.831s] -- Installing: /home/bill8/mec_ws/mec_ws/install/bill_interfaces/include/bill_interfaces/bill_interfaces/srv/detail/listen_something__type_support.c
[12.831s] -- Installing: /home/bill8/mec_ws/mec_ws/install/bill_interfaces/lib/libbill_interfaces__rosidl_typesupport_introspection_c.so
[12.831s] -- Set runtime path of "/home/bill8/mec_ws/mec_ws/install/bill_interfaces/lib/libbill_interfaces__rosidl_typesupport_introspection_c.so" to ""
[12.831s] -- Installing: /home/bill8/mec_ws/mec_ws/install/bill_interfaces/lib/libbill_interfaces__rosidl_typesupport_c.so
[12.832s] -- Set runtime path of "/home/bill8/mec_ws/mec_ws/install/bill_interfaces/lib/libbill_interfaces__rosidl_typesupport_c.so" to ""
[12.832s] -- Up-to-date: /home/bill8/mec_ws/mec_ws/install/bill_interfaces/include/bill_interfaces/bill_interfaces
[12.832s] -- Up-to-date: /home/bill8/mec_ws/mec_ws/install/bill_interfaces/include/bill_interfaces/bill_interfaces/msg
[12.832s] -- Installing: /home/bill8/mec_ws/mec_ws/install/bill_interfaces/include/bill_interfaces/bill_interfaces/msg/rosidl_generator_cpp__visibility_control.hpp
[12.833s] -- Up-to-date: /home/bill8/mec_ws/mec_ws/install/bill_interfaces/include/bill_interfaces/bill_interfaces/msg/detail
[12.833s] -- Installing: /home/bill8/mec_ws/mec_ws/install/bill_interfaces/include/bill_interfaces/bill_interfaces/msg/detail/mission_status__type_support.hpp
[12.833s] -- Installing: /home/bill8/mec_ws/mec_ws/install/bill_interfaces/include/bill_interfaces/bill_interfaces/msg/detail/mission_status__builder.hpp
[12.833s] -- Installing: /home/bill8/mec_ws/mec_ws/install/bill_interfaces/include/bill_interfaces/bill_interfaces/msg/detail/mission_status__struct.hpp
[12.833s] -- Installing: /home/bill8/mec_ws/mec_ws/install/bill_interfaces/include/bill_interfaces/bill_interfaces/msg/detail/mission_status__traits.hpp
[12.834s] -- Installing: /home/bill8/mec_ws/mec_ws/install/bill_interfaces/include/bill_interfaces/bill_interfaces/msg/mission_status.hpp
[12.834s] -- Up-to-date: /home/bill8/mec_ws/mec_ws/install/bill_interfaces/include/bill_interfaces/bill_interfaces/srv
[12.834s] -- Up-to-date: /home/bill8/mec_ws/mec_ws/install/bill_interfaces/include/bill_interfaces/bill_interfaces/srv/detail
[12.834s] -- Installing: /home/bill8/mec_ws/mec_ws/install/bill_interfaces/include/bill_interfaces/bill_interfaces/srv/detail/execute_spin__builder.hpp
[12.834s] -- Installing: /home/bill8/mec_ws/mec_ws/install/bill_interfaces/include/bill_interfaces/bill_interfaces/srv/detail/get_name__type_support.hpp
[12.835s] -- Installing: /home/bill8/mec_ws/mec_ws/install/bill_interfaces/include/bill_interfaces/bill_interfaces/srv/detail/say_something__struct.hpp
[12.835s] -- Installing: /home/bill8/mec_ws/mec_ws/install/bill_interfaces/include/bill_interfaces/bill_interfaces/srv/detail/get_trained__struct.hpp
[12.835s] -- Installing: /home/bill8/mec_ws/mec_ws/install/bill_interfaces/include/bill_interfaces/bill_interfaces/srv/detail/search_for__type_support.hpp
[12.835s] -- Installing: /home/bill8/mec_ws/mec_ws/install/bill_interfaces/include/bill_interfaces/bill_interfaces/srv/detail/get_trained__type_support.hpp
[12.835s] -- Installing: /home/bill8/mec_ws/mec_ws/install/bill_interfaces/include/bill_interfaces/bill_interfaces/srv/detail/get_name__struct.hpp
[12.836s] -- Installing: /home/bill8/mec_ws/mec_ws/install/bill_interfaces/include/bill_interfaces/bill_interfaces/srv/detail/say_something__type_support.hpp
[12.836s] -- Installing: /home/bill8/mec_ws/mec_ws/install/bill_interfaces/include/bill_interfaces/bill_interfaces/srv/detail/get_name__builder.hpp
[12.836s] -- Installing: /home/bill8/mec_ws/mec_ws/install/bill_interfaces/include/bill_interfaces/bill_interfaces/srv/detail/say_something__builder.hpp
[12.836s] -- Installing: /home/bill8/mec_ws/mec_ws/install/bill_interfaces/include/bill_interfaces/bill_interfaces/srv/detail/execute_spin__type_support.hpp
[12.837s] -- Installing: /home/bill8/mec_ws/mec_ws/install/bill_interfaces/include/bill_interfaces/bill_interfaces/srv/detail/search_for__traits.hpp
[12.837s] -- Installing: /home/bill8/mec_ws/mec_ws/install/bill_interfaces/include/bill_interfaces/bill_interfaces/srv/detail/get_trained__builder.hpp
[12.837s] -- Installing: /home/bill8/mec_ws/mec_ws/install/bill_interfaces/include/bill_interfaces/bill_interfaces/srv/detail/listen_something__builder.hpp
[12.837s] -- Installing: /home/bill8/mec_ws/mec_ws/install/bill_interfaces/include/bill_interfaces/bill_interfaces/srv/detail/execute_spin__traits.hpp
[12.837s] -- Installing: /home/bill8/mec_ws/mec_ws/install/bill_interfaces/include/bill_interfaces/bill_interfaces/srv/detail/get_trained__traits.hpp
[12.837s] -- Installing: /home/bill8/mec_ws/mec_ws/install/bill_interfaces/include/bill_interfaces/bill_interfaces/srv/detail/search_for__builder.hpp
[12.838s] -- Installing: /home/bill8/mec_ws/mec_ws/install/bill_interfaces/include/bill_interfaces/bill_interfaces/srv/detail/get_name__traits.hpp
[12.838s] -- Installing: /home/bill8/mec_ws/mec_ws/install/bill_interfaces/include/bill_interfaces/bill_interfaces/srv/detail/listen_something__traits.hpp
[12.838s] -- Installing: /home/bill8/mec_ws/mec_ws/install/bill_interfaces/include/bill_interfaces/bill_interfaces/srv/detail/listen_something__struct.hpp
[12.838s] -- Installing: /home/bill8/mec_ws/mec_ws/install/bill_interfaces/include/bill_interfaces/bill_interfaces/srv/detail/execute_spin__struct.hpp
[12.838s] -- Installing: /home/bill8/mec_ws/mec_ws/install/bill_interfaces/include/bill_interfaces/bill_interfaces/srv/detail/search_for__struct.hpp
[12.839s] -- Installing: /home/bill8/mec_ws/mec_ws/install/bill_interfaces/include/bill_interfaces/bill_interfaces/srv/detail/listen_something__type_support.hpp
[12.839s] -- Installing: /home/bill8/mec_ws/mec_ws/install/bill_interfaces/include/bill_interfaces/bill_interfaces/srv/detail/say_something__traits.hpp
[12.839s] -- Installing: /home/bill8/mec_ws/mec_ws/install/bill_interfaces/include/bill_interfaces/bill_interfaces/srv/execute_spin.hpp
[12.839s] -- Installing: /home/bill8/mec_ws/mec_ws/install/bill_interfaces/include/bill_interfaces/bill_interfaces/srv/get_name.hpp
[12.839s] -- Installing: /home/bill8/mec_ws/mec_ws/install/bill_interfaces/include/bill_interfaces/bill_interfaces/srv/say_something.hpp
[12.839s] -- Installing: /home/bill8/mec_ws/mec_ws/install/bill_interfaces/include/bill_interfaces/bill_interfaces/srv/get_trained.hpp
[12.840s] -- Installing: /home/bill8/mec_ws/mec_ws/install/bill_interfaces/include/bill_interfaces/bill_interfaces/srv/listen_something.hpp
[12.840s] -- Installing: /home/bill8/mec_ws/mec_ws/install/bill_interfaces/include/bill_interfaces/bill_interfaces/srv/search_for.hpp
[12.840s] -- Up-to-date: /home/bill8/mec_ws/mec_ws/install/bill_interfaces/include/bill_interfaces/bill_interfaces
[12.840s] -- Up-to-date: /home/bill8/mec_ws/mec_ws/install/bill_interfaces/include/bill_interfaces/bill_interfaces/msg
[12.840s] -- Installing: /home/bill8/mec_ws/mec_ws/install/bill_interfaces/include/bill_interfaces/bill_interfaces/msg/rosidl_typesupport_fastrtps_cpp__visibility_control.h
[12.840s] -- Up-to-date: /home/bill8/mec_ws/mec_ws/install/bill_interfaces/include/bill_interfaces/bill_interfaces/msg/detail
[12.840s] -- Installing: /home/bill8/mec_ws/mec_ws/install/bill_interfaces/include/bill_interfaces/bill_interfaces/msg/detail/mission_status__rosidl_typesupport_fastrtps_cpp.hpp
[12.841s] -- Installing: /home/bill8/mec_ws/mec_ws/install/bill_interfaces/include/bill_interfaces/bill_interfaces/msg/detail/dds_fastrtps
[12.841s] -- Up-to-date: /home/bill8/mec_ws/mec_ws/install/bill_interfaces/include/bill_interfaces/bill_interfaces/srv
[12.841s] -- Up-to-date: /home/bill8/mec_ws/mec_ws/install/bill_interfaces/include/bill_interfaces/bill_interfaces/srv/detail
[12.841s] -- Installing: /home/bill8/mec_ws/mec_ws/install/bill_interfaces/include/bill_interfaces/bill_interfaces/srv/detail/execute_spin__rosidl_typesupport_fastrtps_cpp.hpp
[12.841s] -- Installing: /home/bill8/mec_ws/mec_ws/install/bill_interfaces/include/bill_interfaces/bill_interfaces/srv/detail/listen_something__rosidl_typesupport_fastrtps_cpp.hpp
[12.841s] -- Installing: /home/bill8/mec_ws/mec_ws/install/bill_interfaces/include/bill_interfaces/bill_interfaces/srv/detail/search_for__rosidl_typesupport_fastrtps_cpp.hpp
[12.842s] -- Installing: /home/bill8/mec_ws/mec_ws/install/bill_interfaces/include/bill_interfaces/bill_interfaces/srv/detail/get_trained__rosidl_typesupport_fastrtps_cpp.hpp
[12.842s] -- Installing: /home/bill8/mec_ws/mec_ws/install/bill_interfaces/include/bill_interfaces/bill_interfaces/srv/detail/say_something__rosidl_typesupport_fastrtps_cpp.hpp
[12.842s] -- Installing: /home/bill8/mec_ws/mec_ws/install/bill_interfaces/include/bill_interfaces/bill_interfaces/srv/detail/dds_fastrtps
[12.842s] -- Installing: /home/bill8/mec_ws/mec_ws/install/bill_interfaces/include/bill_interfaces/bill_interfaces/srv/detail/get_name__rosidl_typesupport_fastrtps_cpp.hpp
[12.842s] -- Installing: /home/bill8/mec_ws/mec_ws/install/bill_interfaces/lib/libbill_interfaces__rosidl_typesupport_fastrtps_cpp.so
[12.842s] -- Set runtime path of "/home/bill8/mec_ws/mec_ws/install/bill_interfaces/lib/libbill_interfaces__rosidl_typesupport_fastrtps_cpp.so" to ""
[12.842s] -- Up-to-date: /home/bill8/mec_ws/mec_ws/install/bill_interfaces/include/bill_interfaces/bill_interfaces
[12.843s] -- Up-to-date: /home/bill8/mec_ws/mec_ws/install/bill_interfaces/include/bill_interfaces/bill_interfaces/msg
[12.843s] -- Up-to-date: /home/bill8/mec_ws/mec_ws/install/bill_interfaces/include/bill_interfaces/bill_interfaces/msg/detail
[12.843s] -- Installing: /home/bill8/mec_ws/mec_ws/install/bill_interfaces/include/bill_interfaces/bill_interfaces/msg/detail/mission_status__rosidl_typesupport_introspection_cpp.hpp
[12.843s] -- Installing: /home/bill8/mec_ws/mec_ws/install/bill_interfaces/include/bill_interfaces/bill_interfaces/msg/detail/mission_status__type_support.cpp
[12.843s] -- Up-to-date: /home/bill8/mec_ws/mec_ws/install/bill_interfaces/include/bill_interfaces/bill_interfaces/srv
[12.843s] -- Up-to-date: /home/bill8/mec_ws/mec_ws/install/bill_interfaces/include/bill_interfaces/bill_interfaces/srv/detail
[12.844s] -- Installing: /home/bill8/mec_ws/mec_ws/install/bill_interfaces/include/bill_interfaces/bill_interfaces/srv/detail/execute_spin__rosidl_typesupport_introspection_cpp.hpp
[12.844s] -- Installing: /home/bill8/mec_ws/mec_ws/install/bill_interfaces/include/bill_interfaces/bill_interfaces/srv/detail/execute_spin__type_support.cpp
[12.844s] -- Installing: /home/bill8/mec_ws/mec_ws/install/bill_interfaces/include/bill_interfaces/bill_interfaces/srv/detail/get_trained__type_support.cpp
[12.844s] -- Installing: /home/bill8/mec_ws/mec_ws/install/bill_interfaces/include/bill_interfaces/bill_interfaces/srv/detail/search_for__type_support.cpp
[12.844s] -- Installing: /home/bill8/mec_ws/mec_ws/install/bill_interfaces/include/bill_interfaces/bill_interfaces/srv/detail/listen_something__type_support.cpp
[12.844s] -- Installing: /home/bill8/mec_ws/mec_ws/install/bill_interfaces/include/bill_interfaces/bill_interfaces/srv/detail/search_for__rosidl_typesupport_introspection_cpp.hpp
[12.844s] -- Installing: /home/bill8/mec_ws/mec_ws/install/bill_interfaces/include/bill_interfaces/bill_interfaces/srv/detail/get_name__type_support.cpp
[12.845s] -- Installing: /home/bill8/mec_ws/mec_ws/install/bill_interfaces/include/bill_interfaces/bill_interfaces/srv/detail/listen_something__rosidl_typesupport_introspection_cpp.hpp
[12.845s] -- Installing: /home/bill8/mec_ws/mec_ws/install/bill_interfaces/include/bill_interfaces/bill_interfaces/srv/detail/get_trained__rosidl_typesupport_introspection_cpp.hpp
[12.845s] -- Installing: /home/bill8/mec_ws/mec_ws/install/bill_interfaces/include/bill_interfaces/bill_interfaces/srv/detail/say_something__type_support.cpp
[12.845s] -- Installing: /home/bill8/mec_ws/mec_ws/install/bill_interfaces/include/bill_interfaces/bill_interfaces/srv/detail/say_something__rosidl_typesupport_introspection_cpp.hpp
[12.845s] -- Installing: /home/bill8/mec_ws/mec_ws/install/bill_interfaces/include/bill_interfaces/bill_interfaces/srv/detail/get_name__rosidl_typesupport_introspection_cpp.hpp
[12.845s] -- Installing: /home/bill8/mec_ws/mec_ws/install/bill_interfaces/lib/libbill_interfaces__rosidl_typesupport_introspection_cpp.so
[12.845s] -- Set runtime path of "/home/bill8/mec_ws/mec_ws/install/bill_interfaces/lib/libbill_interfaces__rosidl_typesupport_introspection_cpp.so" to ""
[12.846s] -- Installing: /home/bill8/mec_ws/mec_ws/install/bill_interfaces/lib/libbill_interfaces__rosidl_typesupport_cpp.so
[12.846s] -- Set runtime path of "/home/bill8/mec_ws/mec_ws/install/bill_interfaces/lib/libbill_interfaces__rosidl_typesupport_cpp.so" to ""
[12.846s] -- Installing: /home/bill8/mec_ws/mec_ws/install/bill_interfaces/share/bill_interfaces/environment/pythonpath.sh
[12.846s] -- Installing: /home/bill8/mec_ws/mec_ws/install/bill_interfaces/share/bill_interfaces/environment/pythonpath.dsv
[12.846s] -- Installing: /home/bill8/mec_ws/mec_ws/install/bill_interfaces/local/lib/python3.10/dist-packages/bill_interfaces-0.0.0-py3.10.egg-info
[12.846s] -- Installing: /home/bill8/mec_ws/mec_ws/install/bill_interfaces/local/lib/python3.10/dist-packages/bill_interfaces-0.0.0-py3.10.egg-info/dependency_links.txt
[12.847s] -- Installing: /home/bill8/mec_ws/mec_ws/install/bill_interfaces/local/lib/python3.10/dist-packages/bill_interfaces-0.0.0-py3.10.egg-info/SOURCES.txt
[12.847s] -- Installing: /home/bill8/mec_ws/mec_ws/install/bill_interfaces/local/lib/python3.10/dist-packages/bill_interfaces-0.0.0-py3.10.egg-info/PKG-INFO
[12.847s] -- Installing: /home/bill8/mec_ws/mec_ws/install/bill_interfaces/local/lib/python3.10/dist-packages/bill_interfaces-0.0.0-py3.10.egg-info/top_level.txt
[12.847s] -- Installing: /home/bill8/mec_ws/mec_ws/install/bill_interfaces/local/lib/python3.10/dist-packages/bill_interfaces
[12.847s] -- Installing: /home/bill8/mec_ws/mec_ws/install/bill_interfaces/local/lib/python3.10/dist-packages/bill_interfaces/msg
[12.847s] -- Installing: /home/bill8/mec_ws/mec_ws/install/bill_interfaces/local/lib/python3.10/dist-packages/bill_interfaces/msg/_mission_status.py
[12.848s] -- Installing: /home/bill8/mec_ws/mec_ws/install/bill_interfaces/local/lib/python3.10/dist-packages/bill_interfaces/msg/_mission_status_s.c
[12.848s] -- Installing: /home/bill8/mec_ws/mec_ws/install/bill_interfaces/local/lib/python3.10/dist-packages/bill_interfaces/msg/__init__.py
[12.848s] -- Installing: /home/bill8/mec_ws/mec_ws/install/bill_interfaces/local/lib/python3.10/dist-packages/bill_interfaces/_bill_interfaces_s.ep.rosidl_typesupport_introspection_c.c
[12.848s] -- Installing: /home/bill8/mec_ws/mec_ws/install/bill_interfaces/local/lib/python3.10/dist-packages/bill_interfaces/_bill_interfaces_s.ep.rosidl_typesupport_fastrtps_c.c
[12.848s] -- Installing: /home/bill8/mec_ws/mec_ws/install/bill_interfaces/local/lib/python3.10/dist-packages/bill_interfaces/bill_interfaces_s__rosidl_typesupport_c.cpython-310-x86_64-linux-gnu.so
[12.848s] -- Installing: /home/bill8/mec_ws/mec_ws/install/bill_interfaces/local/lib/python3.10/dist-packages/bill_interfaces/bill_interfaces_s__rosidl_typesupport_fastrtps_c.cpython-310-x86_64-linux-gnu.so
[12.848s] -- Installing: /home/bill8/mec_ws/mec_ws/install/bill_interfaces/local/lib/python3.10/dist-packages/bill_interfaces/srv
[12.849s] -- Installing: /home/bill8/mec_ws/mec_ws/install/bill_interfaces/local/lib/python3.10/dist-packages/bill_interfaces/srv/_get_trained_s.c
[12.849s] -- Installing: /home/bill8/mec_ws/mec_ws/install/bill_interfaces/local/lib/python3.10/dist-packages/bill_interfaces/srv/_say_something.py
[12.849s] -- Installing: /home/bill8/mec_ws/mec_ws/install/bill_interfaces/local/lib/python3.10/dist-packages/bill_interfaces/srv/_search_for.py
[12.849s] -- Installing: /home/bill8/mec_ws/mec_ws/install/bill_interfaces/local/lib/python3.10/dist-packages/bill_interfaces/srv/_get_name.py
[12.849s] -- Installing: /home/bill8/mec_ws/mec_ws/install/bill_interfaces/local/lib/python3.10/dist-packages/bill_interfaces/srv/_say_something_s.c
[12.849s] -- Installing: /home/bill8/mec_ws/mec_ws/install/bill_interfaces/local/lib/python3.10/dist-packages/bill_interfaces/srv/_search_for_s.c
[12.850s] -- Installing: /home/bill8/mec_ws/mec_ws/install/bill_interfaces/local/lib/python3.10/dist-packages/bill_interfaces/srv/_listen_something_s.c
[12.850s] -- Installing: /home/bill8/mec_ws/mec_ws/install/bill_interfaces/local/lib/python3.10/dist-packages/bill_interfaces/srv/_get_trained.py
[12.850s] -- Installing: /home/bill8/mec_ws/mec_ws/install/bill_interfaces/local/lib/python3.10/dist-packages/bill_interfaces/srv/_listen_something.py
[12.850s] -- Installing: /home/bill8/mec_ws/mec_ws/install/bill_interfaces/local/lib/python3.10/dist-packages/bill_interfaces/srv/_get_name_s.c
[12.850s] -- Installing: /home/bill8/mec_ws/mec_ws/install/bill_interfaces/local/lib/python3.10/dist-packages/bill_interfaces/srv/__init__.py
[12.850s] -- Installing: /home/bill8/mec_ws/mec_ws/install/bill_interfaces/local/lib/python3.10/dist-packages/bill_interfaces/srv/_execute_spin.py
[12.851s] -- Installing: /home/bill8/mec_ws/mec_ws/install/bill_interfaces/local/lib/python3.10/dist-packages/bill_interfaces/srv/_execute_spin_s.c
[12.851s] -- Installing: /home/bill8/mec_ws/mec_ws/install/bill_interfaces/local/lib/python3.10/dist-packages/bill_interfaces/libbill_interfaces__rosidl_generator_py.so
[12.851s] -- Installing: /home/bill8/mec_ws/mec_ws/install/bill_interfaces/local/lib/python3.10/dist-packages/bill_interfaces/_bill_interfaces_s.ep.rosidl_typesupport_c.c
[12.851s] -- Installing: /home/bill8/mec_ws/mec_ws/install/bill_interfaces/local/lib/python3.10/dist-packages/bill_interfaces/__init__.py
[12.851s] -- Installing: /home/bill8/mec_ws/mec_ws/install/bill_interfaces/local/lib/python3.10/dist-packages/bill_interfaces/bill_interfaces_s__rosidl_typesupport_introspection_c.cpython-310-x86_64-linux-gnu.so
[12.923s] Listing '/home/bill8/mec_ws/mec_ws/install/bill_interfaces/local/lib/python3.10/dist-packages/bill_interfaces'...
[12.923s] Compiling '/home/bill8/mec_ws/mec_ws/install/bill_interfaces/local/lib/python3.10/dist-packages/bill_interfaces/__init__.py'...
[12.923s] Listing '/home/bill8/mec_ws/mec_ws/install/bill_interfaces/local/lib/python3.10/dist-packages/bill_interfaces/msg'...
[12.924s] Compiling '/home/bill8/mec_ws/mec_ws/install/bill_interfaces/local/lib/python3.10/dist-packages/bill_interfaces/msg/__init__.py'...
[12.924s] Compiling '/home/bill8/mec_ws/mec_ws/install/bill_interfaces/local/lib/python3.10/dist-packages/bill_interfaces/msg/_mission_status.py'...
[12.924s] Listing '/home/bill8/mec_ws/mec_ws/install/bill_interfaces/local/lib/python3.10/dist-packages/bill_interfaces/srv'...
[12.924s] Compiling '/home/bill8/mec_ws/mec_ws/install/bill_interfaces/local/lib/python3.10/dist-packages/bill_interfaces/srv/__init__.py'...
[12.924s] Compiling '/home/bill8/mec_ws/mec_ws/install/bill_interfaces/local/lib/python3.10/dist-packages/bill_interfaces/srv/_execute_spin.py'...
[12.924s] Compiling '/home/bill8/mec_ws/mec_ws/install/bill_interfaces/local/lib/python3.10/dist-packages/bill_interfaces/srv/_get_name.py'...
[12.924s] Compiling '/home/bill8/mec_ws/mec_ws/install/bill_interfaces/local/lib/python3.10/dist-packages/bill_interfaces/srv/_get_trained.py'...
[12.925s] Compiling '/home/bill8/mec_ws/mec_ws/install/bill_interfaces/local/lib/python3.10/dist-packages/bill_interfaces/srv/_listen_something.py'...
[12.925s] Compiling '/home/bill8/mec_ws/mec_ws/install/bill_interfaces/local/lib/python3.10/dist-packages/bill_interfaces/srv/_say_something.py'...
[12.925s] Compiling '/home/bill8/mec_ws/mec_ws/install/bill_interfaces/local/lib/python3.10/dist-packages/bill_interfaces/srv/_search_for.py'...
[12.933s] -- Installing: /home/bill8/mec_ws/mec_ws/install/bill_interfaces/local/lib/python3.10/dist-packages/bill_interfaces/bill_interfaces_s__rosidl_typesupport_fastrtps_c.cpython-310-x86_64-linux-gnu.so
[12.934s] -- Set runtime path of "/home/bill8/mec_ws/mec_ws/install/bill_interfaces/local/lib/python3.10/dist-packages/bill_interfaces/bill_interfaces_s__rosidl_typesupport_fastrtps_c.cpython-310-x86_64-linux-gnu.so" to ""
[12.934s] -- Installing: /home/bill8/mec_ws/mec_ws/install/bill_interfaces/local/lib/python3.10/dist-packages/bill_interfaces/bill_interfaces_s__rosidl_typesupport_introspection_c.cpython-310-x86_64-linux-gnu.so
[12.934s] -- Set runtime path of "/home/bill8/mec_ws/mec_ws/install/bill_interfaces/local/lib/python3.10/dist-packages/bill_interfaces/bill_interfaces_s__rosidl_typesupport_introspection_c.cpython-310-x86_64-linux-gnu.so" to ""
[12.934s] -- Installing: /home/bill8/mec_ws/mec_ws/install/bill_interfaces/local/lib/python3.10/dist-packages/bill_interfaces/bill_interfaces_s__rosidl_typesupport_c.cpython-310-x86_64-linux-gnu.so
[12.935s] -- Set runtime path of "/home/bill8/mec_ws/mec_ws/install/bill_interfaces/local/lib/python3.10/dist-packages/bill_interfaces/bill_interfaces_s__rosidl_typesupport_c.cpython-310-x86_64-linux-gnu.so" to ""
[12.935s] -- Installing: /home/bill8/mec_ws/mec_ws/install/bill_interfaces/lib/libbill_interfaces__rosidl_generator_py.so
[12.936s] -- Set runtime path of "/home/bill8/mec_ws/mec_ws/install/bill_interfaces/lib/libbill_interfaces__rosidl_generator_py.so" to ""
[12.936s] -- Installing: /home/bill8/mec_ws/mec_ws/install/bill_interfaces/share/bill_interfaces/msg/MissionStatus.idl
[12.936s] -- Installing: /home/bill8/mec_ws/mec_ws/install/bill_interfaces/share/bill_interfaces/srv/GetName.idl
[12.936s] -- Installing: /home/bill8/mec_ws/mec_ws/install/bill_interfaces/share/bill_interfaces/srv/SearchFor.idl
[12.936s] -- Installing: /home/bill8/mec_ws/mec_ws/install/bill_interfaces/share/bill_interfaces/srv/GetTrained.idl
[12.937s] -- Installing: /home/bill8/mec_ws/mec_ws/install/bill_interfaces/share/bill_interfaces/srv/ExecuteSpin.idl
[12.937s] -- Installing: /home/bill8/mec_ws/mec_ws/install/bill_interfaces/share/bill_interfaces/srv/SaySomething.idl
[12.937s] -- Installing: /home/bill8/mec_ws/mec_ws/install/bill_interfaces/share/bill_interfaces/srv/ListenSomething.idl
[12.937s] -- Installing: /home/bill8/mec_ws/mec_ws/install/bill_interfaces/share/bill_interfaces/msg/MissionStatus.msg
[12.938s] -- Installing: /home/bill8/mec_ws/mec_ws/install/bill_interfaces/share/bill_interfaces/srv/GetName.srv
[12.938s] -- Installing: /home/bill8/mec_ws/mec_ws/install/bill_interfaces/share/bill_interfaces/srv/GetName_Request.msg
[12.938s] -- Installing: /home/bill8/mec_ws/mec_ws/install/bill_interfaces/share/bill_interfaces/srv/GetName_Response.msg
[12.938s] -- Installing: /home/bill8/mec_ws/mec_ws/install/bill_interfaces/share/bill_interfaces/srv/SearchFor.srv
[12.938s] -- Installing: /home/bill8/mec_ws/mec_ws/install/bill_interfaces/share/bill_interfaces/srv/SearchFor_Request.msg
[12.938s] -- Installing: /home/bill8/mec_ws/mec_ws/install/bill_interfaces/share/bill_interfaces/srv/SearchFor_Response.msg
[12.939s] -- Installing: /home/bill8/mec_ws/mec_ws/install/bill_interfaces/share/bill_interfaces/srv/GetTrained.srv
[12.939s] -- Installing: /home/bill8/mec_ws/mec_ws/install/bill_interfaces/share/bill_interfaces/srv/GetTrained_Request.msg
[12.939s] -- Installing: /home/bill8/mec_ws/mec_ws/install/bill_interfaces/share/bill_interfaces/srv/GetTrained_Response.msg
[12.939s] -- Installing: /home/bill8/mec_ws/mec_ws/install/bill_interfaces/share/bill_interfaces/srv/ExecuteSpin.srv
[12.939s] -- Installing: /home/bill8/mec_ws/mec_ws/install/bill_interfaces/share/bill_interfaces/srv/ExecuteSpin_Request.msg
[12.940s] -- Installing: /home/bill8/mec_ws/mec_ws/install/bill_interfaces/share/bill_interfaces/srv/ExecuteSpin_Response.msg
[12.940s] -- Installing: /home/bill8/mec_ws/mec_ws/install/bill_interfaces/share/bill_interfaces/srv/SaySomething.srv
[12.940s] -- Installing: /home/bill8/mec_ws/mec_ws/install/bill_interfaces/share/bill_interfaces/srv/SaySomething_Request.msg
[12.940s] -- Installing: /home/bill8/mec_ws/mec_ws/install/bill_interfaces/share/bill_interfaces/srv/SaySomething_Response.msg
[12.941s] -- Installing: /home/bill8/mec_ws/mec_ws/install/bill_interfaces/share/bill_interfaces/srv/ListenSomething.srv
[12.941s] -- Installing: /home/bill8/mec_ws/mec_ws/install/bill_interfaces/share/bill_interfaces/srv/ListenSomething_Request.msg
[12.941s] -- Installing: /home/bill8/mec_ws/mec_ws/install/bill_interfaces/share/bill_interfaces/srv/ListenSomething_Response.msg
[12.941s] -- Installing: /home/bill8/mec_ws/mec_ws/install/bill_interfaces/share/ament_index/resource_index/package_run_dependencies/bill_interfaces
[12.941s] -- Installing: /home/bill8/mec_ws/mec_ws/install/bill_interfaces/share/ament_index/resource_index/parent_prefix_path/bill_interfaces
[12.941s] -- Installing: /home/bill8/mec_ws/mec_ws/install/bill_interfaces/share/bill_interfaces/environment/ament_prefix_path.sh
[12.942s] -- Installing: /home/bill8/mec_ws/mec_ws/install/bill_interfaces/share/bill_interfaces/environment/ament_prefix_path.dsv
[12.942s] -- Installing: /home/bill8/mec_ws/mec_ws/install/bill_interfaces/share/bill_interfaces/environment/path.sh
[12.942s] -- Installing: /home/bill8/mec_ws/mec_ws/install/bill_interfaces/share/bill_interfaces/environment/path.dsv
[12.942s] -- Installing: /home/bill8/mec_ws/mec_ws/install/bill_interfaces/share/bill_interfaces/local_setup.bash
[12.942s] -- Installing: /home/bill8/mec_ws/mec_ws/install/bill_interfaces/share/bill_interfaces/local_setup.sh
[12.943s] -- Installing: /home/bill8/mec_ws/mec_ws/install/bill_interfaces/share/bill_interfaces/local_setup.zsh
[12.943s] -- Installing: /home/bill8/mec_ws/mec_ws/install/bill_interfaces/share/bill_interfaces/local_setup.dsv
[12.943s] -- Installing: /home/bill8/mec_ws/mec_ws/install/bill_interfaces/share/bill_interfaces/package.dsv
[12.943s] -- Installing: /home/bill8/mec_ws/mec_ws/install/bill_interfaces/share/ament_index/resource_index/packages/bill_interfaces
[12.943s] -- Installing: /home/bill8/mec_ws/mec_ws/install/bill_interfaces/share/bill_interfaces/cmake/export_bill_interfaces__rosidl_generator_cExport.cmake
[12.944s] -- Installing: /home/bill8/mec_ws/mec_ws/install/bill_interfaces/share/bill_interfaces/cmake/export_bill_interfaces__rosidl_generator_cExport-noconfig.cmake
[12.944s] -- Installing: /home/bill8/mec_ws/mec_ws/install/bill_interfaces/share/bill_interfaces/cmake/export_bill_interfaces__rosidl_typesupport_fastrtps_cExport.cmake
[12.944s] -- Installing: /home/bill8/mec_ws/mec_ws/install/bill_interfaces/share/bill_interfaces/cmake/export_bill_interfaces__rosidl_typesupport_fastrtps_cExport-noconfig.cmake
[12.944s] -- Installing: /home/bill8/mec_ws/mec_ws/install/bill_interfaces/share/bill_interfaces/cmake/bill_interfaces__rosidl_typesupport_introspection_cExport.cmake
[12.944s] -- Installing: /home/bill8/mec_ws/mec_ws/install/bill_interfaces/share/bill_interfaces/cmake/bill_interfaces__rosidl_typesupport_introspection_cExport-noconfig.cmake
[12.945s] -- Installing: /home/bill8/mec_ws/mec_ws/install/bill_interfaces/share/bill_interfaces/cmake/bill_interfaces__rosidl_typesupport_cExport.cmake
[12.945s] -- Installing: /home/bill8/mec_ws/mec_ws/install/bill_interfaces/share/bill_interfaces/cmake/bill_interfaces__rosidl_typesupport_cExport-noconfig.cmake
[12.945s] -- Installing: /home/bill8/mec_ws/mec_ws/install/bill_interfaces/share/bill_interfaces/cmake/export_bill_interfaces__rosidl_generator_cppExport.cmake
[12.946s] -- Installing: /home/bill8/mec_ws/mec_ws/install/bill_interfaces/share/bill_interfaces/cmake/export_bill_interfaces__rosidl_typesupport_fastrtps_cppExport.cmake
[12.946s] -- Installing: /home/bill8/mec_ws/mec_ws/install/bill_interfaces/share/bill_interfaces/cmake/export_bill_interfaces__rosidl_typesupport_fastrtps_cppExport-noconfig.cmake
[12.946s] -- Installing: /home/bill8/mec_ws/mec_ws/install/bill_interfaces/share/bill_interfaces/cmake/bill_interfaces__rosidl_typesupport_introspection_cppExport.cmake
[12.946s] -- Installing: /home/bill8/mec_ws/mec_ws/install/bill_interfaces/share/bill_interfaces/cmake/bill_interfaces__rosidl_typesupport_introspection_cppExport-noconfig.cmake
[12.946s] -- Installing: /home/bill8/mec_ws/mec_ws/install/bill_interfaces/share/bill_interfaces/cmake/bill_interfaces__rosidl_typesupport_cppExport.cmake
[12.946s] -- Installing: /home/bill8/mec_ws/mec_ws/install/bill_interfaces/share/bill_interfaces/cmake/bill_interfaces__rosidl_typesupport_cppExport-noconfig.cmake
[12.947s] -- Installing: /home/bill8/mec_ws/mec_ws/install/bill_interfaces/share/bill_interfaces/cmake/export_bill_interfaces__rosidl_generator_pyExport.cmake
[12.947s] -- Installing: /home/bill8/mec_ws/mec_ws/install/bill_interfaces/share/bill_interfaces/cmake/export_bill_interfaces__rosidl_generator_pyExport-noconfig.cmake
[12.947s] -- Installing: /home/bill8/mec_ws/mec_ws/install/bill_interfaces/share/bill_interfaces/cmake/rosidl_cmake-extras.cmake
[12.947s] -- Installing: /home/bill8/mec_ws/mec_ws/install/bill_interfaces/share/bill_interfaces/cmake/ament_cmake_export_include_directories-extras.cmake
[12.947s] -- Installing: /home/bill8/mec_ws/mec_ws/install/bill_interfaces/share/bill_interfaces/cmake/ament_cmake_export_libraries-extras.cmake
[12.947s] -- Installing: /home/bill8/mec_ws/mec_ws/install/bill_interfaces/share/bill_interfaces/cmake/ament_cmake_export_targets-extras.cmake
[12.948s] -- Installing: /home/bill8/mec_ws/mec_ws/install/bill_interfaces/share/bill_interfaces/cmake/rosidl_cmake_export_typesupport_targets-extras.cmake
[12.948s] -- Installing: /home/bill8/mec_ws/mec_ws/install/bill_interfaces/share/bill_interfaces/cmake/ament_cmake_export_dependencies-extras.cmake
[12.948s] -- Installing: /home/bill8/mec_ws/mec_ws/install/bill_interfaces/share/bill_interfaces/cmake/rosidl_cmake_export_typesupport_libraries-extras.cmake
[12.948s] -- Installing: /home/bill8/mec_ws/mec_ws/install/bill_interfaces/share/bill_interfaces/cmake/bill_interfacesConfig.cmake
[12.948s] -- Installing: /home/bill8/mec_ws/mec_ws/install/bill_interfaces/share/bill_interfaces/cmake/bill_interfacesConfig-version.cmake
[12.949s] -- Installing: /home/bill8/mec_ws/mec_ws/install/bill_interfaces/share/bill_interfaces/package.xml
[12.952s] Invoked command in '/home/bill8/mec_ws/mec_ws/build/bill_interfaces' returned '0': CMAKE_PREFIX_PATH=/opt/ros/humble /usr/bin/cmake --install /home/bill8/mec_ws/mec_ws/build/bill_interfaces
