[1.140s] Invoking command in '/home/bill8/mec_ws/mec_ws/src/person_identification_mission': AMENT_PREFIX_PATH=/home/bill8/mec_ws/mec_ws/install/bill_interfaces:${AMENT_PREFIX_PATH} CMAKE_PREFIX_PATH=/home/bill8/mec_ws/mec_ws/install/bill_interfaces LD_LIBRARY_PATH=/home/bill8/mec_ws/mec_ws/install/bill_interfaces/lib:${LD_LIBRARY_PATH} PYTHONPATH=/home/bill8/mec_ws/mec_ws/build/person_identification_mission/prefix_override:/usr/lib/python3/dist-packages/colcon_core/task/python/colcon_distutils_commands:/home/bill8/mec_ws/mec_ws/install/person_identification_mission/lib/python3.10/site-packages:/home/bill8/mec_ws/mec_ws/install/bill_interfaces/local/lib/python3.10/dist-packages:${PYTHONPATH} /usr/bin/python3 -W ignore:setup.py install is deprecated -W ignore:easy_install command is deprecated setup.py egg_info --egg-base ../../build/person_identification_mission build --build-base /home/bill8/mec_ws/mec_ws/build/person_identification_mission/build install --record /home/bill8/mec_ws/mec_ws/build/person_identification_mission/install.log --single-version-externally-managed install_data
[1.545s] running egg_info
[1.546s] creating ../../build/person_identification_mission/person_identification_mission.egg-info
[1.546s] writing ../../build/person_identification_mission/person_identification_mission.egg-info/PKG-INFO
[1.546s] writing dependency_links to ../../build/person_identification_mission/person_identification_mission.egg-info/dependency_links.txt
[1.547s] writing entry points to ../../build/person_identification_mission/person_identification_mission.egg-info/entry_points.txt
[1.547s] writing requirements to ../../build/person_identification_mission/person_identification_mission.egg-info/requires.txt
[1.547s] writing top-level names to ../../build/person_identification_mission/person_identification_mission.egg-info/top_level.txt
[1.547s] writing manifest file '../../build/person_identification_mission/person_identification_mission.egg-info/SOURCES.txt'
[1.550s] reading manifest file '../../build/person_identification_mission/person_identification_mission.egg-info/SOURCES.txt'
[1.551s] writing manifest file '../../build/person_identification_mission/person_identification_mission.egg-info/SOURCES.txt'
[1.552s] running build
[1.552s] running build_py
[1.552s] creating /home/bill8/mec_ws/mec_ws/build/person_identification_mission/build
[1.552s] creating /home/bill8/mec_ws/mec_ws/build/person_identification_mission/build/lib
[1.552s] creating /home/bill8/mec_ws/mec_ws/build/person_identification_mission/build/lib/person_identification_mission
[1.553s] copying person_identification_mission/navigation.py -> /home/bill8/mec_ws/mec_ws/build/person_identification_mission/build/lib/person_identification_mission
[1.553s] copying person_identification_mission/hearing.py -> /home/bill8/mec_ws/mec_ws/build/person_identification_mission/build/lib/person_identification_mission
[1.553s] copying person_identification_mission/mission_control_test.py -> /home/bill8/mec_ws/mec_ws/build/person_identification_mission/build/lib/person_identification_mission
[1.553s] copying person_identification_mission/speech.py -> /home/bill8/mec_ws/mec_ws/build/person_identification_mission/build/lib/person_identification_mission
[1.553s] copying person_identification_mission/mission_control.py -> /home/bill8/mec_ws/mec_ws/build/person_identification_mission/build/lib/person_identification_mission
[1.553s] copying person_identification_mission/voice_speech_recognition.py -> /home/bill8/mec_ws/mec_ws/build/person_identification_mission/build/lib/person_identification_mission
[1.553s] copying person_identification_mission/control_panel.py -> /home/bill8/mec_ws/mec_ws/build/person_identification_mission/build/lib/person_identification_mission
[1.554s] copying person_identification_mission/face_recognition.py -> /home/bill8/mec_ws/mec_ws/build/person_identification_mission/build/lib/person_identification_mission
[1.554s] copying person_identification_mission/__init__.py -> /home/bill8/mec_ws/mec_ws/build/person_identification_mission/build/lib/person_identification_mission
[1.554s] running install
[1.554s] running install_lib
[1.555s] creating /home/bill8/mec_ws/mec_ws/install/person_identification_mission/lib/python3.10/site-packages/person_identification_mission
[1.555s] copying /home/bill8/mec_ws/mec_ws/build/person_identification_mission/build/lib/person_identification_mission/navigation.py -> /home/bill8/mec_ws/mec_ws/install/person_identification_mission/lib/python3.10/site-packages/person_identification_mission
[1.555s] copying /home/bill8/mec_ws/mec_ws/build/person_identification_mission/build/lib/person_identification_mission/hearing.py -> /home/bill8/mec_ws/mec_ws/install/person_identification_mission/lib/python3.10/site-packages/person_identification_mission
[1.555s] copying /home/bill8/mec_ws/mec_ws/build/person_identification_mission/build/lib/person_identification_mission/mission_control_test.py -> /home/bill8/mec_ws/mec_ws/install/person_identification_mission/lib/python3.10/site-packages/person_identification_mission
[1.555s] copying /home/bill8/mec_ws/mec_ws/build/person_identification_mission/build/lib/person_identification_mission/speech.py -> /home/bill8/mec_ws/mec_ws/install/person_identification_mission/lib/python3.10/site-packages/person_identification_mission
[1.556s] copying /home/bill8/mec_ws/mec_ws/build/person_identification_mission/build/lib/person_identification_mission/mission_control.py -> /home/bill8/mec_ws/mec_ws/install/person_identification_mission/lib/python3.10/site-packages/person_identification_mission
[1.556s] copying /home/bill8/mec_ws/mec_ws/build/person_identification_mission/build/lib/person_identification_mission/voice_speech_recognition.py -> /home/bill8/mec_ws/mec_ws/install/person_identification_mission/lib/python3.10/site-packages/person_identification_mission
[1.556s] copying /home/bill8/mec_ws/mec_ws/build/person_identification_mission/build/lib/person_identification_mission/control_panel.py -> /home/bill8/mec_ws/mec_ws/install/person_identification_mission/lib/python3.10/site-packages/person_identification_mission
[1.556s] copying /home/bill8/mec_ws/mec_ws/build/person_identification_mission/build/lib/person_identification_mission/face_recognition.py -> /home/bill8/mec_ws/mec_ws/install/person_identification_mission/lib/python3.10/site-packages/person_identification_mission
[1.556s] copying /home/bill8/mec_ws/mec_ws/build/person_identification_mission/build/lib/person_identification_mission/__init__.py -> /home/bill8/mec_ws/mec_ws/install/person_identification_mission/lib/python3.10/site-packages/person_identification_mission
[1.556s] byte-compiling /home/bill8/mec_ws/mec_ws/install/person_identification_mission/lib/python3.10/site-packages/person_identification_mission/navigation.py to navigation.cpython-310.pyc
[1.557s] byte-compiling /home/bill8/mec_ws/mec_ws/install/person_identification_mission/lib/python3.10/site-packages/person_identification_mission/hearing.py to hearing.cpython-310.pyc
[1.558s] byte-compiling /home/bill8/mec_ws/mec_ws/install/person_identification_mission/lib/python3.10/site-packages/person_identification_mission/mission_control_test.py to mission_control_test.cpython-310.pyc
[1.559s] byte-compiling /home/bill8/mec_ws/mec_ws/install/person_identification_mission/lib/python3.10/site-packages/person_identification_mission/speech.py to speech.cpython-310.pyc
[1.560s] byte-compiling /home/bill8/mec_ws/mec_ws/install/person_identification_mission/lib/python3.10/site-packages/person_identification_mission/mission_control.py to mission_control.cpython-310.pyc
[1.562s] byte-compiling /home/bill8/mec_ws/mec_ws/install/person_identification_mission/lib/python3.10/site-packages/person_identification_mission/voice_speech_recognition.py to voice_speech_recognition.cpython-310.pyc
[1.563s] byte-compiling /home/bill8/mec_ws/mec_ws/install/person_identification_mission/lib/python3.10/site-packages/person_identification_mission/control_panel.py to control_panel.cpython-310.pyc
[1.563s] byte-compiling /home/bill8/mec_ws/mec_ws/install/person_identification_mission/lib/python3.10/site-packages/person_identification_mission/face_recognition.py to face_recognition.cpython-310.pyc
[1.564s] byte-compiling /home/bill8/mec_ws/mec_ws/install/person_identification_mission/lib/python3.10/site-packages/person_identification_mission/__init__.py to __init__.cpython-310.pyc
[1.565s] running install_data
[1.565s] creating /home/bill8/mec_ws/mec_ws/install/person_identification_mission/share/ament_index
[1.565s] creating /home/bill8/mec_ws/mec_ws/install/person_identification_mission/share/ament_index/resource_index
[1.565s] creating /home/bill8/mec_ws/mec_ws/install/person_identification_mission/share/ament_index/resource_index/packages
[1.565s] copying resource/person_identification_mission -> /home/bill8/mec_ws/mec_ws/install/person_identification_mission/share/ament_index/resource_index/packages
[1.565s] copying package.xml -> /home/bill8/mec_ws/mec_ws/install/person_identification_mission/share/person_identification_mission
[1.566s] running install_egg_info
[1.568s] Copying ../../build/person_identification_mission/person_identification_mission.egg-info to /home/bill8/mec_ws/mec_ws/install/person_identification_mission/lib/python3.10/site-packages/person_identification_mission-0.0.0-py3.10.egg-info
[1.569s] running install_scripts
[1.605s] Installing control_panel script to /home/bill8/mec_ws/mec_ws/install/person_identification_mission/lib/person_identification_mission
[1.605s] Installing face_recognition script to /home/bill8/mec_ws/mec_ws/install/person_identification_mission/lib/person_identification_mission
[1.606s] Installing hearing script to /home/bill8/mec_ws/mec_ws/install/person_identification_mission/lib/person_identification_mission
[1.606s] Installing mission_control script to /home/bill8/mec_ws/mec_ws/install/person_identification_mission/lib/person_identification_mission
[1.606s] Installing mission_control_test script to /home/bill8/mec_ws/mec_ws/install/person_identification_mission/lib/person_identification_mission
[1.606s] Installing navigation script to /home/bill8/mec_ws/mec_ws/install/person_identification_mission/lib/person_identification_mission
[1.606s] Installing speech script to /home/bill8/mec_ws/mec_ws/install/person_identification_mission/lib/person_identification_mission
[1.606s] Installing voice_speech_recognition script to /home/bill8/mec_ws/mec_ws/install/person_identification_mission/lib/person_identification_mission
[1.607s] writing list of installed files to '/home/bill8/mec_ws/mec_ws/build/person_identification_mission/install.log'
[1.645s] Invoked command in '/home/bill8/mec_ws/mec_ws/src/person_identification_mission' returned '0': AMENT_PREFIX_PATH=/home/bill8/mec_ws/mec_ws/install/bill_interfaces:${AMENT_PREFIX_PATH} CMAKE_PREFIX_PATH=/home/bill8/mec_ws/mec_ws/install/bill_interfaces LD_LIBRARY_PATH=/home/bill8/mec_ws/mec_ws/install/bill_interfaces/lib:${LD_LIBRARY_PATH} PYTHONPATH=/home/bill8/mec_ws/mec_ws/build/person_identification_mission/prefix_override:/usr/lib/python3/dist-packages/colcon_core/task/python/colcon_distutils_commands:/home/bill8/mec_ws/mec_ws/install/person_identification_mission/lib/python3.10/site-packages:/home/bill8/mec_ws/mec_ws/install/bill_interfaces/local/lib/python3.10/dist-packages:${PYTHONPATH} /usr/bin/python3 -W ignore:setup.py install is deprecated -W ignore:easy_install command is deprecated setup.py egg_info --egg-base ../../build/person_identification_mission build --build-base /home/bill8/mec_ws/mec_ws/build/person_identification_mission/build install --record /home/bill8/mec_ws/mec_ws/build/person_identification_mission/install.log --single-version-externally-managed install_data
