/home/bill8/mec_ws/mec_ws/install/my_py_pkg/lib/python3.10/site-packages/my_py_pkg/navigation.py
/home/bill8/mec_ws/mec_ws/install/my_py_pkg/lib/python3.10/site-packages/my_py_pkg/geometric_calculator_server.py
/home/bill8/mec_ws/mec_ws/install/my_py_pkg/lib/python3.10/site-packages/my_py_pkg/calculator_client_param.py
/home/bill8/mec_ws/mec_ws/install/my_py_pkg/lib/python3.10/site-packages/my_py_pkg/radioreceiver.py
/home/bill8/mec_ws/mec_ws/install/my_py_pkg/lib/python3.10/site-packages/my_py_pkg/my_first_node.py
/home/bill8/mec_ws/mec_ws/install/my_py_pkg/lib/python3.10/site-packages/my_py_pkg/mission_control.py
/home/bill8/mec_ws/mec_ws/install/my_py_pkg/lib/python3.10/site-packages/my_py_pkg/voice_speech_recognition.py
/home/bill8/mec_ws/mec_ws/install/my_py_pkg/lib/python3.10/site-packages/my_py_pkg/calculator_client.py
/home/bill8/mec_ws/mec_ws/install/my_py_pkg/lib/python3.10/site-packages/my_py_pkg/python_template.py
/home/bill8/mec_ws/mec_ws/install/my_py_pkg/lib/python3.10/site-packages/my_py_pkg/calculator_server.py
/home/bill8/mec_ws/mec_ws/install/my_py_pkg/lib/python3.10/site-packages/my_py_pkg/radiostation.py
/home/bill8/mec_ws/mec_ws/install/my_py_pkg/lib/python3.10/site-packages/my_py_pkg/face_recognition.py
/home/bill8/mec_ws/mec_ws/install/my_py_pkg/lib/python3.10/site-packages/my_py_pkg/hw_status_publisher.py
/home/bill8/mec_ws/mec_ws/install/my_py_pkg/lib/python3.10/site-packages/my_py_pkg/__init__.py
/home/bill8/mec_ws/mec_ws/install/my_py_pkg/lib/python3.10/site-packages/my_py_pkg/__pycache__/navigation.cpython-310.pyc
/home/bill8/mec_ws/mec_ws/install/my_py_pkg/lib/python3.10/site-packages/my_py_pkg/__pycache__/geometric_calculator_server.cpython-310.pyc
/home/bill8/mec_ws/mec_ws/install/my_py_pkg/lib/python3.10/site-packages/my_py_pkg/__pycache__/calculator_client_param.cpython-310.pyc
/home/bill8/mec_ws/mec_ws/install/my_py_pkg/lib/python3.10/site-packages/my_py_pkg/__pycache__/radioreceiver.cpython-310.pyc
/home/bill8/mec_ws/mec_ws/install/my_py_pkg/lib/python3.10/site-packages/my_py_pkg/__pycache__/my_first_node.cpython-310.pyc
/home/bill8/mec_ws/mec_ws/install/my_py_pkg/lib/python3.10/site-packages/my_py_pkg/__pycache__/mission_control.cpython-310.pyc
/home/bill8/mec_ws/mec_ws/install/my_py_pkg/lib/python3.10/site-packages/my_py_pkg/__pycache__/voice_speech_recognition.cpython-310.pyc
/home/bill8/mec_ws/mec_ws/install/my_py_pkg/lib/python3.10/site-packages/my_py_pkg/__pycache__/calculator_client.cpython-310.pyc
/home/bill8/mec_ws/mec_ws/install/my_py_pkg/lib/python3.10/site-packages/my_py_pkg/__pycache__/python_template.cpython-310.pyc
/home/bill8/mec_ws/mec_ws/install/my_py_pkg/lib/python3.10/site-packages/my_py_pkg/__pycache__/calculator_server.cpython-310.pyc
/home/bill8/mec_ws/mec_ws/install/my_py_pkg/lib/python3.10/site-packages/my_py_pkg/__pycache__/radiostation.cpython-310.pyc
/home/bill8/mec_ws/mec_ws/install/my_py_pkg/lib/python3.10/site-packages/my_py_pkg/__pycache__/face_recognition.cpython-310.pyc
/home/bill8/mec_ws/mec_ws/install/my_py_pkg/lib/python3.10/site-packages/my_py_pkg/__pycache__/hw_status_publisher.cpython-310.pyc
/home/bill8/mec_ws/mec_ws/install/my_py_pkg/lib/python3.10/site-packages/my_py_pkg/__pycache__/__init__.cpython-310.pyc
/home/bill8/mec_ws/mec_ws/install/my_py_pkg/share/ament_index/resource_index/packages/my_py_pkg
/home/bill8/mec_ws/mec_ws/install/my_py_pkg/share/my_py_pkg/package.xml
/home/bill8/mec_ws/mec_ws/install/my_py_pkg/lib/python3.10/site-packages/my_py_pkg-0.0.0-py3.10.egg-info/entry_points.txt
/home/bill8/mec_ws/mec_ws/install/my_py_pkg/lib/python3.10/site-packages/my_py_pkg-0.0.0-py3.10.egg-info/dependency_links.txt
/home/bill8/mec_ws/mec_ws/install/my_py_pkg/lib/python3.10/site-packages/my_py_pkg-0.0.0-py3.10.egg-info/SOURCES.txt
/home/bill8/mec_ws/mec_ws/install/my_py_pkg/lib/python3.10/site-packages/my_py_pkg-0.0.0-py3.10.egg-info/PKG-INFO
/home/bill8/mec_ws/mec_ws/install/my_py_pkg/lib/python3.10/site-packages/my_py_pkg-0.0.0-py3.10.egg-info/requires.txt
/home/bill8/mec_ws/mec_ws/install/my_py_pkg/lib/python3.10/site-packages/my_py_pkg-0.0.0-py3.10.egg-info/top_level.txt
/home/bill8/mec_ws/mec_ws/install/my_py_pkg/lib/python3.10/site-packages/my_py_pkg-0.0.0-py3.10.egg-info/zip-safe
/home/bill8/mec_ws/mec_ws/install/my_py_pkg/lib/my_py_pkg/calculator_client
/home/bill8/mec_ws/mec_ws/install/my_py_pkg/lib/my_py_pkg/calculator_client_param
/home/bill8/mec_ws/mec_ws/install/my_py_pkg/lib/my_py_pkg/calculator_server
/home/bill8/mec_ws/mec_ws/install/my_py_pkg/lib/my_py_pkg/geometric_calculator_server
/home/bill8/mec_ws/mec_ws/install/my_py_pkg/lib/my_py_pkg/hw_status_publisher
/home/bill8/mec_ws/mec_ws/install/my_py_pkg/lib/my_py_pkg/py_node
/home/bill8/mec_ws/mec_ws/install/my_py_pkg/lib/my_py_pkg/radioreceiver
/home/bill8/mec_ws/mec_ws/install/my_py_pkg/lib/my_py_pkg/radiostation
