running egg_info
creating ../../build/my_py_pkg/my_py_pkg.egg-info
writing ../../build/my_py_pkg/my_py_pkg.egg-info/PKG-INFO
writing dependency_links to ../../build/my_py_pkg/my_py_pkg.egg-info/dependency_links.txt
writing entry points to ../../build/my_py_pkg/my_py_pkg.egg-info/entry_points.txt
writing requirements to ../../build/my_py_pkg/my_py_pkg.egg-info/requires.txt
writing top-level names to ../../build/my_py_pkg/my_py_pkg.egg-info/top_level.txt
writing manifest file '../../build/my_py_pkg/my_py_pkg.egg-info/SOURCES.txt'
reading manifest file '../../build/my_py_pkg/my_py_pkg.egg-info/SOURCES.txt'
writing manifest file '../../build/my_py_pkg/my_py_pkg.egg-info/SOURCES.txt'
running build
running build_py
creating /home/bill8/mec_ws/mec_ws/build/my_py_pkg/build
creating /home/bill8/mec_ws/mec_ws/build/my_py_pkg/build/lib
creating /home/bill8/mec_ws/mec_ws/build/my_py_pkg/build/lib/my_py_pkg
copying my_py_pkg/navigation.py -> /home/bill8/mec_ws/mec_ws/build/my_py_pkg/build/lib/my_py_pkg
copying my_py_pkg/geometric_calculator_server.py -> /home/bill8/mec_ws/mec_ws/build/my_py_pkg/build/lib/my_py_pkg
copying my_py_pkg/calculator_client_param.py -> /home/bill8/mec_ws/mec_ws/build/my_py_pkg/build/lib/my_py_pkg
copying my_py_pkg/radioreceiver.py -> /home/bill8/mec_ws/mec_ws/build/my_py_pkg/build/lib/my_py_pkg
copying my_py_pkg/my_first_node.py -> /home/bill8/mec_ws/mec_ws/build/my_py_pkg/build/lib/my_py_pkg
copying my_py_pkg/mission_control.py -> /home/bill8/mec_ws/mec_ws/build/my_py_pkg/build/lib/my_py_pkg
copying my_py_pkg/voice_speech_recognition.py -> /home/bill8/mec_ws/mec_ws/build/my_py_pkg/build/lib/my_py_pkg
copying my_py_pkg/calculator_client.py -> /home/bill8/mec_ws/mec_ws/build/my_py_pkg/build/lib/my_py_pkg
copying my_py_pkg/python_template.py -> /home/bill8/mec_ws/mec_ws/build/my_py_pkg/build/lib/my_py_pkg
copying my_py_pkg/calculator_server.py -> /home/bill8/mec_ws/mec_ws/build/my_py_pkg/build/lib/my_py_pkg
copying my_py_pkg/radiostation.py -> /home/bill8/mec_ws/mec_ws/build/my_py_pkg/build/lib/my_py_pkg
copying my_py_pkg/face_recognition.py -> /home/bill8/mec_ws/mec_ws/build/my_py_pkg/build/lib/my_py_pkg
copying my_py_pkg/hw_status_publisher.py -> /home/bill8/mec_ws/mec_ws/build/my_py_pkg/build/lib/my_py_pkg
copying my_py_pkg/__init__.py -> /home/bill8/mec_ws/mec_ws/build/my_py_pkg/build/lib/my_py_pkg
running install
running install_lib
creating /home/bill8/mec_ws/mec_ws/install/my_py_pkg/lib/python3.10/site-packages/my_py_pkg
copying /home/bill8/mec_ws/mec_ws/build/my_py_pkg/build/lib/my_py_pkg/navigation.py -> /home/bill8/mec_ws/mec_ws/install/my_py_pkg/lib/python3.10/site-packages/my_py_pkg
copying /home/bill8/mec_ws/mec_ws/build/my_py_pkg/build/lib/my_py_pkg/geometric_calculator_server.py -> /home/bill8/mec_ws/mec_ws/install/my_py_pkg/lib/python3.10/site-packages/my_py_pkg
copying /home/bill8/mec_ws/mec_ws/build/my_py_pkg/build/lib/my_py_pkg/calculator_client_param.py -> /home/bill8/mec_ws/mec_ws/install/my_py_pkg/lib/python3.10/site-packages/my_py_pkg
copying /home/bill8/mec_ws/mec_ws/build/my_py_pkg/build/lib/my_py_pkg/radioreceiver.py -> /home/bill8/mec_ws/mec_ws/install/my_py_pkg/lib/python3.10/site-packages/my_py_pkg
copying /home/bill8/mec_ws/mec_ws/build/my_py_pkg/build/lib/my_py_pkg/my_first_node.py -> /home/bill8/mec_ws/mec_ws/install/my_py_pkg/lib/python3.10/site-packages/my_py_pkg
copying /home/bill8/mec_ws/mec_ws/build/my_py_pkg/build/lib/my_py_pkg/mission_control.py -> /home/bill8/mec_ws/mec_ws/install/my_py_pkg/lib/python3.10/site-packages/my_py_pkg
copying /home/bill8/mec_ws/mec_ws/build/my_py_pkg/build/lib/my_py_pkg/voice_speech_recognition.py -> /home/bill8/mec_ws/mec_ws/install/my_py_pkg/lib/python3.10/site-packages/my_py_pkg
copying /home/bill8/mec_ws/mec_ws/build/my_py_pkg/build/lib/my_py_pkg/calculator_client.py -> /home/bill8/mec_ws/mec_ws/install/my_py_pkg/lib/python3.10/site-packages/my_py_pkg
copying /home/bill8/mec_ws/mec_ws/build/my_py_pkg/build/lib/my_py_pkg/python_template.py -> /home/bill8/mec_ws/mec_ws/install/my_py_pkg/lib/python3.10/site-packages/my_py_pkg
copying /home/bill8/mec_ws/mec_ws/build/my_py_pkg/build/lib/my_py_pkg/calculator_server.py -> /home/bill8/mec_ws/mec_ws/install/my_py_pkg/lib/python3.10/site-packages/my_py_pkg
copying /home/bill8/mec_ws/mec_ws/build/my_py_pkg/build/lib/my_py_pkg/radiostation.py -> /home/bill8/mec_ws/mec_ws/install/my_py_pkg/lib/python3.10/site-packages/my_py_pkg
copying /home/bill8/mec_ws/mec_ws/build/my_py_pkg/build/lib/my_py_pkg/face_recognition.py -> /home/bill8/mec_ws/mec_ws/install/my_py_pkg/lib/python3.10/site-packages/my_py_pkg
copying /home/bill8/mec_ws/mec_ws/build/my_py_pkg/build/lib/my_py_pkg/hw_status_publisher.py -> /home/bill8/mec_ws/mec_ws/install/my_py_pkg/lib/python3.10/site-packages/my_py_pkg
copying /home/bill8/mec_ws/mec_ws/build/my_py_pkg/build/lib/my_py_pkg/__init__.py -> /home/bill8/mec_ws/mec_ws/install/my_py_pkg/lib/python3.10/site-packages/my_py_pkg
byte-compiling /home/bill8/mec_ws/mec_ws/install/my_py_pkg/lib/python3.10/site-packages/my_py_pkg/navigation.py to navigation.cpython-310.pyc
byte-compiling /home/bill8/mec_ws/mec_ws/install/my_py_pkg/lib/python3.10/site-packages/my_py_pkg/geometric_calculator_server.py to geometric_calculator_server.cpython-310.pyc
byte-compiling /home/bill8/mec_ws/mec_ws/install/my_py_pkg/lib/python3.10/site-packages/my_py_pkg/calculator_client_param.py to calculator_client_param.cpython-310.pyc
byte-compiling /home/bill8/mec_ws/mec_ws/install/my_py_pkg/lib/python3.10/site-packages/my_py_pkg/radioreceiver.py to radioreceiver.cpython-310.pyc
byte-compiling /home/bill8/mec_ws/mec_ws/install/my_py_pkg/lib/python3.10/site-packages/my_py_pkg/my_first_node.py to my_first_node.cpython-310.pyc
byte-compiling /home/bill8/mec_ws/mec_ws/install/my_py_pkg/lib/python3.10/site-packages/my_py_pkg/mission_control.py to mission_control.cpython-310.pyc
byte-compiling /home/bill8/mec_ws/mec_ws/install/my_py_pkg/lib/python3.10/site-packages/my_py_pkg/voice_speech_recognition.py to voice_speech_recognition.cpython-310.pyc
byte-compiling /home/bill8/mec_ws/mec_ws/install/my_py_pkg/lib/python3.10/site-packages/my_py_pkg/calculator_client.py to calculator_client.cpython-310.pyc
byte-compiling /home/bill8/mec_ws/mec_ws/install/my_py_pkg/lib/python3.10/site-packages/my_py_pkg/python_template.py to python_template.cpython-310.pyc
byte-compiling /home/bill8/mec_ws/mec_ws/install/my_py_pkg/lib/python3.10/site-packages/my_py_pkg/calculator_server.py to calculator_server.cpython-310.pyc
byte-compiling /home/bill8/mec_ws/mec_ws/install/my_py_pkg/lib/python3.10/site-packages/my_py_pkg/radiostation.py to radiostation.cpython-310.pyc
byte-compiling /home/bill8/mec_ws/mec_ws/install/my_py_pkg/lib/python3.10/site-packages/my_py_pkg/face_recognition.py to face_recognition.cpython-310.pyc
byte-compiling /home/bill8/mec_ws/mec_ws/install/my_py_pkg/lib/python3.10/site-packages/my_py_pkg/hw_status_publisher.py to hw_status_publisher.cpython-310.pyc
byte-compiling /home/bill8/mec_ws/mec_ws/install/my_py_pkg/lib/python3.10/site-packages/my_py_pkg/__init__.py to __init__.cpython-310.pyc
running install_data
creating /home/bill8/mec_ws/mec_ws/install/my_py_pkg/share/ament_index
creating /home/bill8/mec_ws/mec_ws/install/my_py_pkg/share/ament_index/resource_index
creating /home/bill8/mec_ws/mec_ws/install/my_py_pkg/share/ament_index/resource_index/packages
copying resource/my_py_pkg -> /home/bill8/mec_ws/mec_ws/install/my_py_pkg/share/ament_index/resource_index/packages
copying package.xml -> /home/bill8/mec_ws/mec_ws/install/my_py_pkg/share/my_py_pkg
running install_egg_info
Copying ../../build/my_py_pkg/my_py_pkg.egg-info to /home/bill8/mec_ws/mec_ws/install/my_py_pkg/lib/python3.10/site-packages/my_py_pkg-0.0.0-py3.10.egg-info
running install_scripts
Installing calculator_client script to /home/bill8/mec_ws/mec_ws/install/my_py_pkg/lib/my_py_pkg
Installing calculator_client_param script to /home/bill8/mec_ws/mec_ws/install/my_py_pkg/lib/my_py_pkg
Installing calculator_server script to /home/bill8/mec_ws/mec_ws/install/my_py_pkg/lib/my_py_pkg
Installing geometric_calculator_server script to /home/bill8/mec_ws/mec_ws/install/my_py_pkg/lib/my_py_pkg
Installing hw_status_publisher script to /home/bill8/mec_ws/mec_ws/install/my_py_pkg/lib/my_py_pkg
Installing py_node script to /home/bill8/mec_ws/mec_ws/install/my_py_pkg/lib/my_py_pkg
Installing radioreceiver script to /home/bill8/mec_ws/mec_ws/install/my_py_pkg/lib/my_py_pkg
Installing radiostation script to /home/bill8/mec_ws/mec_ws/install/my_py_pkg/lib/my_py_pkg
writing list of installed files to '/home/bill8/mec_ws/mec_ws/build/my_py_pkg/install.log'
