[0.030s] Invoking command in '/home/bill8/mec_ws/mec_ws/build/my_robot_description': CMAKE_PREFIX_PATH=/opt/ros/humble /usr/bin/cmake /home/bill8/mec_ws/mec_ws/src/my_robot_description -DCMAKE_INSTALL_PREFIX=/home/bill8/mec_ws/mec_ws/install/my_robot_description
[0.161s] -- The C compiler identification is GNU 11.4.0
[0.287s] -- The CXX compiler identification is GNU 11.4.0
[0.305s] -- Detecting C compiler ABI info
[0.435s] -- Detecting C compiler ABI info - done
[0.449s] -- Check for working C compiler: /usr/bin/cc - skipped
[0.449s] -- Detecting C compile features
[0.450s] -- Detecting C compile features - done
[0.456s] -- Detecting CXX compiler ABI info
[0.608s] -- Detecting CXX compiler ABI info - done
[0.626s] -- Check for working CXX compiler: /usr/bin/c++ - skipped
[0.627s] -- Detecting CXX compile features
[0.628s] -- Detecting CXX compile features - done
[0.632s] -- Found ament_cmake: 1.3.11 (/opt/ros/humble/share/ament_cmake/cmake)
[0.961s] -- Found Python3: /usr/bin/python3 (found version "3.10.12") found components: Interpreter 
[1.257s] -- Configuring done
[1.260s] -- Generating done
[1.263s] -- Build files have been written to: /home/bill8/mec_ws/mec_ws/build/my_robot_description
[1.273s] Invoked command in '/home/bill8/mec_ws/mec_ws/build/my_robot_description' returned '0': CMAKE_PREFIX_PATH=/opt/ros/humble /usr/bin/cmake /home/bill8/mec_ws/mec_ws/src/my_robot_description -DCMAKE_INSTALL_PREFIX=/home/bill8/mec_ws/mec_ws/install/my_robot_description
[1.276s] Invoking command in '/home/bill8/mec_ws/mec_ws/build/my_robot_description': CMAKE_PREFIX_PATH=/opt/ros/humble /usr/bin/cmake --build /home/bill8/mec_ws/mec_ws/build/my_robot_description -- -j16 -l16
[1.354s] Invoked command in '/home/bill8/mec_ws/mec_ws/build/my_robot_description' returned '0': CMAKE_PREFIX_PATH=/opt/ros/humble /usr/bin/cmake --build /home/bill8/mec_ws/mec_ws/build/my_robot_description -- -j16 -l16
[1.356s] Invoking command in '/home/bill8/mec_ws/mec_ws/build/my_robot_description': CMAKE_PREFIX_PATH=/opt/ros/humble /usr/bin/cmake --install /home/bill8/mec_ws/mec_ws/build/my_robot_description
[1.371s] -- Install configuration: ""
[1.371s] -- Installing: /home/bill8/mec_ws/mec_ws/install/my_robot_description/share/my_robot_description//urdf
[1.372s] -- Installing: /home/bill8/mec_ws/mec_ws/install/my_robot_description/share/my_robot_description//urdf/mobile_base.xacro
[1.372s] -- Installing: /home/bill8/mec_ws/mec_ws/install/my_robot_description/share/my_robot_description//urdf/mobile_base.ros2_control.xacro
[1.372s] -- Installing: /home/bill8/mec_ws/mec_ws/install/my_robot_description/share/my_robot_description//urdf/common_properties.xacro
[1.372s] -- Installing: /home/bill8/mec_ws/mec_ws/install/my_robot_description/share/my_robot_description//urdf/my_robot.urdf.xacro
[1.372s] -- Installing: /home/bill8/mec_ws/mec_ws/install/my_robot_description/share/my_robot_description//launch
[1.373s] -- Installing: /home/bill8/mec_ws/mec_ws/install/my_robot_description/share/my_robot_description//launch/display.launch.xml
[1.373s] -- Installing: /home/bill8/mec_ws/mec_ws/install/my_robot_description/share/my_robot_description//launch/display.launch.py
[1.373s] -- Installing: /home/bill8/mec_ws/mec_ws/install/my_robot_description/share/my_robot_description//rviz
[1.373s] -- Installing: /home/bill8/mec_ws/mec_ws/install/my_robot_description/share/my_robot_description//rviz/urdf_config.rviz
[1.373s] -- Installing: /home/bill8/mec_ws/mec_ws/install/my_robot_description/share/ament_index/resource_index/package_run_dependencies/my_robot_description
[1.374s] -- Installing: /home/bill8/mec_ws/mec_ws/install/my_robot_description/share/ament_index/resource_index/parent_prefix_path/my_robot_description
[1.374s] -- Installing: /home/bill8/mec_ws/mec_ws/install/my_robot_description/share/my_robot_description/environment/ament_prefix_path.sh
[1.374s] -- Installing: /home/bill8/mec_ws/mec_ws/install/my_robot_description/share/my_robot_description/environment/ament_prefix_path.dsv
[1.374s] -- Installing: /home/bill8/mec_ws/mec_ws/install/my_robot_description/share/my_robot_description/environment/path.sh
[1.374s] -- Installing: /home/bill8/mec_ws/mec_ws/install/my_robot_description/share/my_robot_description/environment/path.dsv
[1.375s] -- Installing: /home/bill8/mec_ws/mec_ws/install/my_robot_description/share/my_robot_description/local_setup.bash
[1.375s] -- Installing: /home/bill8/mec_ws/mec_ws/install/my_robot_description/share/my_robot_description/local_setup.sh
[1.375s] -- Installing: /home/bill8/mec_ws/mec_ws/install/my_robot_description/share/my_robot_description/local_setup.zsh
[1.375s] -- Installing: /home/bill8/mec_ws/mec_ws/install/my_robot_description/share/my_robot_description/local_setup.dsv
[1.375s] -- Installing: /home/bill8/mec_ws/mec_ws/install/my_robot_description/share/my_robot_description/package.dsv
[1.375s] -- Installing: /home/bill8/mec_ws/mec_ws/install/my_robot_description/share/ament_index/resource_index/packages/my_robot_description
[1.376s] -- Installing: /home/bill8/mec_ws/mec_ws/install/my_robot_description/share/my_robot_description/cmake/my_robot_descriptionConfig.cmake
[1.376s] -- Installing: /home/bill8/mec_ws/mec_ws/install/my_robot_description/share/my_robot_description/cmake/my_robot_descriptionConfig-version.cmake
[1.376s] -- Installing: /home/bill8/mec_ws/mec_ws/install/my_robot_description/share/my_robot_description/package.xml
[1.423s] Invoked command in '/home/bill8/mec_ws/mec_ws/build/my_robot_description' returned '0': CMAKE_PREFIX_PATH=/opt/ros/humble /usr/bin/cmake --install /home/bill8/mec_ws/mec_ws/build/my_robot_description
