[0.030s] Invoking command in '/home/bill8/mec_ws/mec_ws/build/my_interfaces': CMAKE_PREFIX_PATH=/opt/ros/humble /usr/bin/cmake /home/bill8/mec_ws/mec_ws/src/my_interfaces -DCMAKE_INSTALL_PREFIX=/home/bill8/mec_ws/mec_ws/install/my_interfaces
[0.161s] -- The C compiler identification is GNU 11.4.0
[0.293s] -- The CXX compiler identification is GNU 11.4.0
[0.309s] -- Detecting C compiler ABI info
[0.433s] -- Detecting C compiler ABI info - done
[0.448s] -- Check for working C compiler: /usr/bin/cc - skipped
[0.449s] -- Detecting C compile features
[0.450s] -- Detecting C compile features - done
[0.456s] -- Detecting CXX compiler ABI info
[0.616s] -- Detecting CXX compiler ABI info - done
[0.631s] -- Check for working CXX compiler: /usr/bin/c++ - skipped
[0.631s] -- Detecting CXX compile features
[0.632s] -- Detecting CXX compile features - done
[0.636s] -- Found ament_cmake: 1.3.11 (/opt/ros/humble/share/ament_cmake/cmake)
[0.948s] -- Found Python3: /usr/bin/python3 (found version "3.10.12") found components: Interpreter 
[1.137s] -- Found rosidl_default_generators: 1.2.0 (/opt/ros/humble/share/rosidl_default_generators/cmake)
[1.144s] -- Using all available rosidl_typesupport_c: rosidl_typesupport_fastrtps_c;rosidl_typesupport_introspection_c
[1.159s] -- Found rosidl_adapter: 3.1.6 (/opt/ros/humble/share/rosidl_adapter/cmake)
[1.256s] -- Using all available rosidl_typesupport_cpp: rosidl_typesupport_fastrtps_cpp;rosidl_typesupport_introspection_cpp
[1.982s] -- Found ament_cmake_ros: 0.10.0 (/opt/ros/humble/share/ament_cmake_ros/cmake)
[2.355s] -- Using all available rosidl_typesupport_c: rosidl_typesupport_fastrtps_c;rosidl_typesupport_introspection_c
[2.834s] -- Using all available rosidl_typesupport_cpp: rosidl_typesupport_fastrtps_cpp;rosidl_typesupport_introspection_cpp
[2.874s] -- Found PythonInterp: /usr/bin/python3 (found suitable version "3.10.12", minimum required is "3.6") 
[2.876s] -- Found python_cmake_module: 0.10.0 (/opt/ros/humble/share/python_cmake_module/cmake)
[2.922s] -- Found PythonLibs: /usr/lib/x86_64-linux-gnu/libpython3.10.so (found suitable version "3.10.12", minimum required is "3.5") 
[2.923s] -- Using PYTHON_EXECUTABLE: /usr/bin/python3
[2.923s] -- Using PYTHON_INCLUDE_DIRS: /usr/include/python3.10
[2.923s] -- Using PYTHON_LIBRARIES: /usr/lib/x86_64-linux-gnu/libpython3.10.so
[2.964s] -- Found PythonExtra: .so  
[3.038s] -- Configuring done
[3.091s] -- Generating done
[3.108s] -- Build files have been written to: /home/bill8/mec_ws/mec_ws/build/my_interfaces
[3.118s] Invoked command in '/home/bill8/mec_ws/mec_ws/build/my_interfaces' returned '0': CMAKE_PREFIX_PATH=/opt/ros/humble /usr/bin/cmake /home/bill8/mec_ws/mec_ws/src/my_interfaces -DCMAKE_INSTALL_PREFIX=/home/bill8/mec_ws/mec_ws/install/my_interfaces
[3.121s] Invoking command in '/home/bill8/mec_ws/mec_ws/build/my_interfaces': CMAKE_PREFIX_PATH=/opt/ros/humble /usr/bin/cmake --build /home/bill8/mec_ws/mec_ws/build/my_interfaces -- -j16 -l16
[3.190s] [  2%] [34m[1mGenerating C code for ROS interfaces[0m
[3.214s] [  4%] [34m[1mGenerating C++ code for ROS interfaces[0m
[3.223s] [  4%] Built target ament_cmake_python_copy_my_interfaces
[3.661s] running egg_info
[3.662s] creating my_interfaces.egg-info
[3.662s] writing my_interfaces.egg-info/PKG-INFO
[3.663s] writing dependency_links to my_interfaces.egg-info/dependency_links.txt
[3.663s] writing top-level names to my_interfaces.egg-info/top_level.txt
[3.664s] writing manifest file 'my_interfaces.egg-info/SOURCES.txt'
[3.671s] reading manifest file 'my_interfaces.egg-info/SOURCES.txt'
[3.672s] writing manifest file 'my_interfaces.egg-info/SOURCES.txt'
[3.728s] [  4%] Built target ament_cmake_python_build_my_interfaces_egg
[4.240s] [  4%] Built target my_interfaces__cpp
[4.244s] [  6%] [32mBuilding C object CMakeFiles/my_interfaces__rosidl_generator_c.dir/rosidl_generator_c/my_interfaces/srv/detail/compute_rectangle_area__functions.c.o[0m
[4.245s] [  8%] [32mBuilding C object CMakeFiles/my_interfaces__rosidl_generator_c.dir/rosidl_generator_c/my_interfaces/action/detail/count_until__functions.c.o[0m
[4.245s] [ 10%] [32mBuilding C object CMakeFiles/my_interfaces__rosidl_generator_c.dir/rosidl_generator_c/my_interfaces/msg/detail/hardware_status__functions.c.o[0m
[4.258s] [ 12%] [34m[1mGenerating C++ type support dispatch for ROS interfaces[0m
[4.261s] [ 14%] [34m[1mGenerating C++ type support for eProsima Fast-RTPS[0m
[4.262s] [ 17%] [34m[1mGenerating C++ introspection for ROS interfaces[0m
[4.555s] [ 19%] [32m[1mLinking C shared library libmy_interfaces__rosidl_generator_c.so[0m
[4.648s] [ 19%] Built target my_interfaces__rosidl_generator_c
[4.671s] [ 23%] [34m[1mGenerating C introspection for ROS interfaces[0m
[4.671s] [ 23%] [34m[1mGenerating C type support for eProsima Fast-RTPS[0m
[4.672s] [ 25%] [34m[1mGenerating C type support dispatch for ROS interfaces[0m
[5.217s] [ 27%] [32mBuilding CXX object CMakeFiles/my_interfaces__rosidl_typesupport_cpp.dir/rosidl_typesupport_cpp/my_interfaces/msg/hardware_status__type_support.cpp.o[0m
[5.217s] [ 29%] [32mBuilding CXX object CMakeFiles/my_interfaces__rosidl_typesupport_cpp.dir/rosidl_typesupport_cpp/my_interfaces/srv/compute_rectangle_area__type_support.cpp.o[0m
[5.230s] [ 31%] [32mBuilding CXX object CMakeFiles/my_interfaces__rosidl_typesupport_cpp.dir/rosidl_typesupport_cpp/my_interfaces/action/count_until__type_support.cpp.o[0m
[5.290s] [ 34%] [32mBuilding CXX object CMakeFiles/my_interfaces__rosidl_typesupport_introspection_cpp.dir/rosidl_typesupport_introspection_cpp/my_interfaces/srv/detail/compute_rectangle_area__type_support.cpp.o[0m
[5.295s] [ 36%] [32mBuilding CXX object CMakeFiles/my_interfaces__rosidl_typesupport_introspection_cpp.dir/rosidl_typesupport_introspection_cpp/my_interfaces/action/detail/count_until__type_support.cpp.o[0m
[5.295s] [ 38%] [32mBuilding CXX object CMakeFiles/my_interfaces__rosidl_typesupport_introspection_cpp.dir/rosidl_typesupport_introspection_cpp/my_interfaces/msg/detail/hardware_status__type_support.cpp.o[0m
[5.715s] [ 42%] [32mBuilding CXX object CMakeFiles/my_interfaces__rosidl_typesupport_fastrtps_cpp.dir/rosidl_typesupport_fastrtps_cpp/my_interfaces/msg/detail/dds_fastrtps/hardware_status__type_support.cpp.o[0m
[5.717s] [ 40%] [32mBuilding CXX object CMakeFiles/my_interfaces__rosidl_typesupport_fastrtps_cpp.dir/rosidl_typesupport_fastrtps_cpp/my_interfaces/srv/detail/dds_fastrtps/compute_rectangle_area__type_support.cpp.o[0m
[5.723s] [ 44%] [32mBuilding CXX object CMakeFiles/my_interfaces__rosidl_typesupport_c.dir/rosidl_typesupport_c/my_interfaces/msg/hardware_status__type_support.cpp.o[0m
[5.727s] [ 46%] [32mBuilding CXX object CMakeFiles/my_interfaces__rosidl_typesupport_fastrtps_cpp.dir/rosidl_typesupport_fastrtps_cpp/my_interfaces/action/detail/dds_fastrtps/count_until__type_support.cpp.o[0m
[5.734s] [ 48%] [32mBuilding CXX object CMakeFiles/my_interfaces__rosidl_typesupport_c.dir/rosidl_typesupport_c/my_interfaces/srv/compute_rectangle_area__type_support.cpp.o[0m
[5.756s] [ 51%] [32mBuilding CXX object CMakeFiles/my_interfaces__rosidl_typesupport_c.dir/rosidl_typesupport_c/my_interfaces/action/count_until__type_support.cpp.o[0m
[6.024s] [ 53%] [32m[1mLinking CXX shared library libmy_interfaces__rosidl_typesupport_c.so[0m
[6.234s] [ 53%] Built target my_interfaces__rosidl_typesupport_c
[6.527s] [ 55%] [32mBuilding CXX object CMakeFiles/my_interfaces__rosidl_typesupport_fastrtps_c.dir/rosidl_typesupport_fastrtps_c/my_interfaces/msg/detail/hardware_status__type_support_c.cpp.o[0m
[6.535s] [ 57%] [32mBuilding CXX object CMakeFiles/my_interfaces__rosidl_typesupport_fastrtps_c.dir/rosidl_typesupport_fastrtps_c/my_interfaces/srv/detail/compute_rectangle_area__type_support_c.cpp.o[0m
[6.538s] [ 59%] [32mBuilding CXX object CMakeFiles/my_interfaces__rosidl_typesupport_fastrtps_c.dir/rosidl_typesupport_fastrtps_c/my_interfaces/action/detail/count_until__type_support_c.cpp.o[0m
[6.797s] [ 61%] [32mBuilding C object CMakeFiles/my_interfaces__rosidl_typesupport_introspection_c.dir/rosidl_typesupport_introspection_c/my_interfaces/msg/detail/hardware_status__type_support.c.o[0m
[6.809s] [ 63%] [32mBuilding C object CMakeFiles/my_interfaces__rosidl_typesupport_introspection_c.dir/rosidl_typesupport_introspection_c/my_interfaces/srv/detail/compute_rectangle_area__type_support.c.o[0m
[6.827s] [ 65%] [32mBuilding C object CMakeFiles/my_interfaces__rosidl_typesupport_introspection_c.dir/rosidl_typesupport_introspection_c/my_interfaces/action/detail/count_until__type_support.c.o[0m
[7.171s] [ 68%] [32m[1mLinking C shared library libmy_interfaces__rosidl_typesupport_introspection_c.so[0m
[7.349s] [ 68%] Built target my_interfaces__rosidl_typesupport_introspection_c
[7.558s] [ 70%] [32m[1mLinking CXX shared library libmy_interfaces__rosidl_typesupport_cpp.so[0m
[7.796s] [ 70%] Built target my_interfaces__rosidl_typesupport_cpp
[8.260s] [ 72%] [32m[1mLinking CXX shared library libmy_interfaces__rosidl_typesupport_fastrtps_cpp.so[0m
[8.501s] [ 74%] [32m[1mLinking CXX shared library libmy_interfaces__rosidl_typesupport_introspection_cpp.so[0m
[8.629s] [ 74%] Built target my_interfaces__rosidl_typesupport_fastrtps_cpp
[8.874s] [ 76%] [32m[1mLinking CXX shared library libmy_interfaces__rosidl_typesupport_fastrtps_c.so[0m
[8.893s] [ 76%] Built target my_interfaces__rosidl_typesupport_introspection_cpp
[9.186s] [ 76%] Built target my_interfaces__rosidl_typesupport_fastrtps_c
[9.247s] [ 76%] Built target my_interfaces
[9.345s] [ 78%] [34m[1mGenerating Python code for ROS interfaces[0m
[11.073s] [ 78%] Built target my_interfaces__py
[11.111s] [ 80%] [32mBuilding C object CMakeFiles/my_interfaces__rosidl_generator_py.dir/rosidl_generator_py/my_interfaces/action/_count_until_s.c.o[0m
[11.112s] [ 82%] [32mBuilding C object CMakeFiles/my_interfaces__rosidl_generator_py.dir/rosidl_generator_py/my_interfaces/msg/_hardware_status_s.c.o[0m
[11.113s] [ 85%] [32mBuilding C object CMakeFiles/my_interfaces__rosidl_generator_py.dir/rosidl_generator_py/my_interfaces/srv/_compute_rectangle_area_s.c.o[0m
[11.383s] [ 87%] [32m[1mLinking C shared library rosidl_generator_py/my_interfaces/libmy_interfaces__rosidl_generator_py.so[0m
[11.477s] [ 87%] Built target my_interfaces__rosidl_generator_py
[11.516s] [ 91%] [32mBuilding C object CMakeFiles/my_interfaces__rosidl_typesupport_fastrtps_c__pyext.dir/rosidl_generator_py/my_interfaces/_my_interfaces_s.ep.rosidl_typesupport_fastrtps_c.c.o[0m
[11.516s] [ 91%] [32mBuilding C object CMakeFiles/my_interfaces__rosidl_typesupport_c__pyext.dir/rosidl_generator_py/my_interfaces/_my_interfaces_s.ep.rosidl_typesupport_c.c.o[0m
[11.518s] [ 93%] [32mBuilding C object CMakeFiles/my_interfaces__rosidl_typesupport_introspection_c__pyext.dir/rosidl_generator_py/my_interfaces/_my_interfaces_s.ep.rosidl_typesupport_introspection_c.c.o[0m
[11.751s] [ 95%] [32m[1mLinking C shared library rosidl_generator_py/my_interfaces/my_interfaces_s__rosidl_typesupport_introspection_c.cpython-310-x86_64-linux-gnu.so[0m
[11.803s] [ 97%] [32m[1mLinking C shared library rosidl_generator_py/my_interfaces/my_interfaces_s__rosidl_typesupport_fastrtps_c.cpython-310-x86_64-linux-gnu.so[0m
[11.818s] [100%] [32m[1mLinking C shared library rosidl_generator_py/my_interfaces/my_interfaces_s__rosidl_typesupport_c.cpython-310-x86_64-linux-gnu.so[0m
[11.838s] [100%] Built target my_interfaces__rosidl_typesupport_introspection_c__pyext
[11.890s] [100%] Built target my_interfaces__rosidl_typesupport_fastrtps_c__pyext
[11.903s] [100%] Built target my_interfaces__rosidl_typesupport_c__pyext
[11.935s] Invoked command in '/home/bill8/mec_ws/mec_ws/build/my_interfaces' returned '0': CMAKE_PREFIX_PATH=/opt/ros/humble /usr/bin/cmake --build /home/bill8/mec_ws/mec_ws/build/my_interfaces -- -j16 -l16
[11.935s] Invoking command in '/home/bill8/mec_ws/mec_ws/build/my_interfaces': CMAKE_PREFIX_PATH=/opt/ros/humble /usr/bin/cmake --install /home/bill8/mec_ws/mec_ws/build/my_interfaces
[11.953s] -- Install configuration: ""
[11.953s] -- Installing: /home/bill8/mec_ws/mec_ws/install/my_interfaces/share/ament_index/resource_index/rosidl_interfaces/my_interfaces
[11.953s] -- Installing: /home/bill8/mec_ws/mec_ws/install/my_interfaces/include/my_interfaces/my_interfaces
[11.954s] -- Installing: /home/bill8/mec_ws/mec_ws/install/my_interfaces/include/my_interfaces/my_interfaces/msg
[11.954s] -- Installing: /home/bill8/mec_ws/mec_ws/install/my_interfaces/include/my_interfaces/my_interfaces/msg/detail
[11.954s] -- Installing: /home/bill8/mec_ws/mec_ws/install/my_interfaces/include/my_interfaces/my_interfaces/msg/detail/hardware_status__functions.c
[11.954s] -- Installing: /home/bill8/mec_ws/mec_ws/install/my_interfaces/include/my_interfaces/my_interfaces/msg/detail/hardware_status__struct.h
[11.954s] -- Installing: /home/bill8/mec_ws/mec_ws/install/my_interfaces/include/my_interfaces/my_interfaces/msg/detail/hardware_status__type_support.h
[11.954s] -- Installing: /home/bill8/mec_ws/mec_ws/install/my_interfaces/include/my_interfaces/my_interfaces/msg/detail/hardware_status__functions.h
[11.954s] -- Installing: /home/bill8/mec_ws/mec_ws/install/my_interfaces/include/my_interfaces/my_interfaces/msg/rosidl_generator_c__visibility_control.h
[11.954s] -- Installing: /home/bill8/mec_ws/mec_ws/install/my_interfaces/include/my_interfaces/my_interfaces/msg/hardware_status.h
[11.954s] -- Installing: /home/bill8/mec_ws/mec_ws/install/my_interfaces/include/my_interfaces/my_interfaces/srv
[11.955s] -- Installing: /home/bill8/mec_ws/mec_ws/install/my_interfaces/include/my_interfaces/my_interfaces/srv/detail
[11.955s] -- Installing: /home/bill8/mec_ws/mec_ws/install/my_interfaces/include/my_interfaces/my_interfaces/srv/detail/compute_rectangle_area__struct.h
[11.955s] -- Installing: /home/bill8/mec_ws/mec_ws/install/my_interfaces/include/my_interfaces/my_interfaces/srv/detail/compute_rectangle_area__functions.h
[11.955s] -- Installing: /home/bill8/mec_ws/mec_ws/install/my_interfaces/include/my_interfaces/my_interfaces/srv/detail/compute_rectangle_area__functions.c
[11.955s] -- Installing: /home/bill8/mec_ws/mec_ws/install/my_interfaces/include/my_interfaces/my_interfaces/srv/detail/compute_rectangle_area__type_support.h
[11.955s] -- Installing: /home/bill8/mec_ws/mec_ws/install/my_interfaces/include/my_interfaces/my_interfaces/srv/compute_rectangle_area.h
[11.955s] -- Installing: /home/bill8/mec_ws/mec_ws/install/my_interfaces/include/my_interfaces/my_interfaces/action
[11.955s] -- Installing: /home/bill8/mec_ws/mec_ws/install/my_interfaces/include/my_interfaces/my_interfaces/action/detail
[11.955s] -- Installing: /home/bill8/mec_ws/mec_ws/install/my_interfaces/include/my_interfaces/my_interfaces/action/detail/count_until__struct.h
[11.956s] -- Installing: /home/bill8/mec_ws/mec_ws/install/my_interfaces/include/my_interfaces/my_interfaces/action/detail/count_until__functions.c
[11.956s] -- Installing: /home/bill8/mec_ws/mec_ws/install/my_interfaces/include/my_interfaces/my_interfaces/action/detail/count_until__functions.h
[11.957s] -- Installing: /home/bill8/mec_ws/mec_ws/install/my_interfaces/include/my_interfaces/my_interfaces/action/detail/count_until__type_support.h
[11.957s] -- Installing: /home/bill8/mec_ws/mec_ws/install/my_interfaces/include/my_interfaces/my_interfaces/action/count_until.h
[11.957s] -- Installing: /home/bill8/mec_ws/mec_ws/install/my_interfaces/share/my_interfaces/environment/library_path.sh
[11.958s] -- Installing: /home/bill8/mec_ws/mec_ws/install/my_interfaces/share/my_interfaces/environment/library_path.dsv
[11.958s] -- Installing: /home/bill8/mec_ws/mec_ws/install/my_interfaces/lib/libmy_interfaces__rosidl_generator_c.so
[11.958s] -- Set runtime path of "/home/bill8/mec_ws/mec_ws/install/my_interfaces/lib/libmy_interfaces__rosidl_generator_c.so" to ""
[11.958s] -- Up-to-date: /home/bill8/mec_ws/mec_ws/install/my_interfaces/include/my_interfaces/my_interfaces
[11.958s] -- Up-to-date: /home/bill8/mec_ws/mec_ws/install/my_interfaces/include/my_interfaces/my_interfaces/msg
[11.959s] -- Up-to-date: /home/bill8/mec_ws/mec_ws/install/my_interfaces/include/my_interfaces/my_interfaces/msg/detail
[11.959s] -- Installing: /home/bill8/mec_ws/mec_ws/install/my_interfaces/include/my_interfaces/my_interfaces/msg/detail/hardware_status__rosidl_typesupport_fastrtps_c.h
[11.959s] -- Installing: /home/bill8/mec_ws/mec_ws/install/my_interfaces/include/my_interfaces/my_interfaces/msg/rosidl_typesupport_fastrtps_c__visibility_control.h
[11.959s] -- Up-to-date: /home/bill8/mec_ws/mec_ws/install/my_interfaces/include/my_interfaces/my_interfaces/srv
[11.959s] -- Up-to-date: /home/bill8/mec_ws/mec_ws/install/my_interfaces/include/my_interfaces/my_interfaces/srv/detail
[11.960s] -- Installing: /home/bill8/mec_ws/mec_ws/install/my_interfaces/include/my_interfaces/my_interfaces/srv/detail/compute_rectangle_area__rosidl_typesupport_fastrtps_c.h
[11.960s] -- Up-to-date: /home/bill8/mec_ws/mec_ws/install/my_interfaces/include/my_interfaces/my_interfaces/action
[11.960s] -- Up-to-date: /home/bill8/mec_ws/mec_ws/install/my_interfaces/include/my_interfaces/my_interfaces/action/detail
[11.960s] -- Installing: /home/bill8/mec_ws/mec_ws/install/my_interfaces/include/my_interfaces/my_interfaces/action/detail/count_until__rosidl_typesupport_fastrtps_c.h
[11.960s] -- Installing: /home/bill8/mec_ws/mec_ws/install/my_interfaces/lib/libmy_interfaces__rosidl_typesupport_fastrtps_c.so
[11.961s] -- Set runtime path of "/home/bill8/mec_ws/mec_ws/install/my_interfaces/lib/libmy_interfaces__rosidl_typesupport_fastrtps_c.so" to ""
[11.961s] -- Up-to-date: /home/bill8/mec_ws/mec_ws/install/my_interfaces/include/my_interfaces/my_interfaces
[11.961s] -- Up-to-date: /home/bill8/mec_ws/mec_ws/install/my_interfaces/include/my_interfaces/my_interfaces/msg
[11.961s] -- Up-to-date: /home/bill8/mec_ws/mec_ws/install/my_interfaces/include/my_interfaces/my_interfaces/msg/detail
[11.962s] -- Installing: /home/bill8/mec_ws/mec_ws/install/my_interfaces/include/my_interfaces/my_interfaces/msg/detail/hardware_status__rosidl_typesupport_introspection_c.h
[11.962s] -- Installing: /home/bill8/mec_ws/mec_ws/install/my_interfaces/include/my_interfaces/my_interfaces/msg/detail/hardware_status__type_support.c
[11.962s] -- Installing: /home/bill8/mec_ws/mec_ws/install/my_interfaces/include/my_interfaces/my_interfaces/msg/rosidl_typesupport_introspection_c__visibility_control.h
[11.962s] -- Up-to-date: /home/bill8/mec_ws/mec_ws/install/my_interfaces/include/my_interfaces/my_interfaces/srv
[11.962s] -- Up-to-date: /home/bill8/mec_ws/mec_ws/install/my_interfaces/include/my_interfaces/my_interfaces/srv/detail
[11.963s] -- Installing: /home/bill8/mec_ws/mec_ws/install/my_interfaces/include/my_interfaces/my_interfaces/srv/detail/compute_rectangle_area__rosidl_typesupport_introspection_c.h
[11.963s] -- Installing: /home/bill8/mec_ws/mec_ws/install/my_interfaces/include/my_interfaces/my_interfaces/srv/detail/compute_rectangle_area__type_support.c
[11.963s] -- Up-to-date: /home/bill8/mec_ws/mec_ws/install/my_interfaces/include/my_interfaces/my_interfaces/action
[11.963s] -- Up-to-date: /home/bill8/mec_ws/mec_ws/install/my_interfaces/include/my_interfaces/my_interfaces/action/detail
[11.963s] -- Installing: /home/bill8/mec_ws/mec_ws/install/my_interfaces/include/my_interfaces/my_interfaces/action/detail/count_until__rosidl_typesupport_introspection_c.h
[11.963s] -- Installing: /home/bill8/mec_ws/mec_ws/install/my_interfaces/include/my_interfaces/my_interfaces/action/detail/count_until__type_support.c
[11.964s] -- Installing: /home/bill8/mec_ws/mec_ws/install/my_interfaces/lib/libmy_interfaces__rosidl_typesupport_introspection_c.so
[11.964s] -- Set runtime path of "/home/bill8/mec_ws/mec_ws/install/my_interfaces/lib/libmy_interfaces__rosidl_typesupport_introspection_c.so" to ""
[11.964s] -- Installing: /home/bill8/mec_ws/mec_ws/install/my_interfaces/lib/libmy_interfaces__rosidl_typesupport_c.so
[11.964s] -- Set runtime path of "/home/bill8/mec_ws/mec_ws/install/my_interfaces/lib/libmy_interfaces__rosidl_typesupport_c.so" to ""
[11.965s] -- Up-to-date: /home/bill8/mec_ws/mec_ws/install/my_interfaces/include/my_interfaces/my_interfaces
[11.965s] -- Up-to-date: /home/bill8/mec_ws/mec_ws/install/my_interfaces/include/my_interfaces/my_interfaces/msg
[11.965s] -- Installing: /home/bill8/mec_ws/mec_ws/install/my_interfaces/include/my_interfaces/my_interfaces/msg/rosidl_generator_cpp__visibility_control.hpp
[11.965s] -- Up-to-date: /home/bill8/mec_ws/mec_ws/install/my_interfaces/include/my_interfaces/my_interfaces/msg/detail
[11.966s] -- Installing: /home/bill8/mec_ws/mec_ws/install/my_interfaces/include/my_interfaces/my_interfaces/msg/detail/hardware_status__traits.hpp
[11.966s] -- Installing: /home/bill8/mec_ws/mec_ws/install/my_interfaces/include/my_interfaces/my_interfaces/msg/detail/hardware_status__type_support.hpp
[11.966s] -- Installing: /home/bill8/mec_ws/mec_ws/install/my_interfaces/include/my_interfaces/my_interfaces/msg/detail/hardware_status__struct.hpp
[11.966s] -- Installing: /home/bill8/mec_ws/mec_ws/install/my_interfaces/include/my_interfaces/my_interfaces/msg/detail/hardware_status__builder.hpp
[11.966s] -- Installing: /home/bill8/mec_ws/mec_ws/install/my_interfaces/include/my_interfaces/my_interfaces/msg/hardware_status.hpp
[11.966s] -- Up-to-date: /home/bill8/mec_ws/mec_ws/install/my_interfaces/include/my_interfaces/my_interfaces/srv
[11.967s] -- Up-to-date: /home/bill8/mec_ws/mec_ws/install/my_interfaces/include/my_interfaces/my_interfaces/srv/detail
[11.967s] -- Installing: /home/bill8/mec_ws/mec_ws/install/my_interfaces/include/my_interfaces/my_interfaces/srv/detail/compute_rectangle_area__builder.hpp
[11.967s] -- Installing: /home/bill8/mec_ws/mec_ws/install/my_interfaces/include/my_interfaces/my_interfaces/srv/detail/compute_rectangle_area__struct.hpp
[11.967s] -- Installing: /home/bill8/mec_ws/mec_ws/install/my_interfaces/include/my_interfaces/my_interfaces/srv/detail/compute_rectangle_area__type_support.hpp
[11.967s] -- Installing: /home/bill8/mec_ws/mec_ws/install/my_interfaces/include/my_interfaces/my_interfaces/srv/detail/compute_rectangle_area__traits.hpp
[11.968s] -- Installing: /home/bill8/mec_ws/mec_ws/install/my_interfaces/include/my_interfaces/my_interfaces/srv/compute_rectangle_area.hpp
[11.968s] -- Up-to-date: /home/bill8/mec_ws/mec_ws/install/my_interfaces/include/my_interfaces/my_interfaces/action
[11.968s] -- Up-to-date: /home/bill8/mec_ws/mec_ws/install/my_interfaces/include/my_interfaces/my_interfaces/action/detail
[11.968s] -- Installing: /home/bill8/mec_ws/mec_ws/install/my_interfaces/include/my_interfaces/my_interfaces/action/detail/count_until__type_support.hpp
[11.968s] -- Installing: /home/bill8/mec_ws/mec_ws/install/my_interfaces/include/my_interfaces/my_interfaces/action/detail/count_until__traits.hpp
[11.968s] -- Installing: /home/bill8/mec_ws/mec_ws/install/my_interfaces/include/my_interfaces/my_interfaces/action/detail/count_until__struct.hpp
[11.969s] -- Installing: /home/bill8/mec_ws/mec_ws/install/my_interfaces/include/my_interfaces/my_interfaces/action/detail/count_until__builder.hpp
[11.969s] -- Installing: /home/bill8/mec_ws/mec_ws/install/my_interfaces/include/my_interfaces/my_interfaces/action/count_until.hpp
[11.969s] -- Up-to-date: /home/bill8/mec_ws/mec_ws/install/my_interfaces/include/my_interfaces/my_interfaces
[11.969s] -- Up-to-date: /home/bill8/mec_ws/mec_ws/install/my_interfaces/include/my_interfaces/my_interfaces/msg
[11.969s] -- Installing: /home/bill8/mec_ws/mec_ws/install/my_interfaces/include/my_interfaces/my_interfaces/msg/rosidl_typesupport_fastrtps_cpp__visibility_control.h
[11.970s] -- Up-to-date: /home/bill8/mec_ws/mec_ws/install/my_interfaces/include/my_interfaces/my_interfaces/msg/detail
[11.970s] -- Installing: /home/bill8/mec_ws/mec_ws/install/my_interfaces/include/my_interfaces/my_interfaces/msg/detail/dds_fastrtps
[11.970s] -- Installing: /home/bill8/mec_ws/mec_ws/install/my_interfaces/include/my_interfaces/my_interfaces/msg/detail/hardware_status__rosidl_typesupport_fastrtps_cpp.hpp
[11.970s] -- Up-to-date: /home/bill8/mec_ws/mec_ws/install/my_interfaces/include/my_interfaces/my_interfaces/srv
[11.970s] -- Up-to-date: /home/bill8/mec_ws/mec_ws/install/my_interfaces/include/my_interfaces/my_interfaces/srv/detail
[11.971s] -- Installing: /home/bill8/mec_ws/mec_ws/install/my_interfaces/include/my_interfaces/my_interfaces/srv/detail/compute_rectangle_area__rosidl_typesupport_fastrtps_cpp.hpp
[11.971s] -- Installing: /home/bill8/mec_ws/mec_ws/install/my_interfaces/include/my_interfaces/my_interfaces/srv/detail/dds_fastrtps
[11.971s] -- Up-to-date: /home/bill8/mec_ws/mec_ws/install/my_interfaces/include/my_interfaces/my_interfaces/action
[11.971s] -- Up-to-date: /home/bill8/mec_ws/mec_ws/install/my_interfaces/include/my_interfaces/my_interfaces/action/detail
[11.971s] -- Installing: /home/bill8/mec_ws/mec_ws/install/my_interfaces/include/my_interfaces/my_interfaces/action/detail/count_until__rosidl_typesupport_fastrtps_cpp.hpp
[11.972s] -- Installing: /home/bill8/mec_ws/mec_ws/install/my_interfaces/include/my_interfaces/my_interfaces/action/detail/dds_fastrtps
[11.972s] -- Installing: /home/bill8/mec_ws/mec_ws/install/my_interfaces/lib/libmy_interfaces__rosidl_typesupport_fastrtps_cpp.so
[11.972s] -- Set runtime path of "/home/bill8/mec_ws/mec_ws/install/my_interfaces/lib/libmy_interfaces__rosidl_typesupport_fastrtps_cpp.so" to ""
[11.972s] -- Up-to-date: /home/bill8/mec_ws/mec_ws/install/my_interfaces/include/my_interfaces/my_interfaces
[11.972s] -- Up-to-date: /home/bill8/mec_ws/mec_ws/install/my_interfaces/include/my_interfaces/my_interfaces/msg
[11.972s] -- Up-to-date: /home/bill8/mec_ws/mec_ws/install/my_interfaces/include/my_interfaces/my_interfaces/msg/detail
[11.973s] -- Installing: /home/bill8/mec_ws/mec_ws/install/my_interfaces/include/my_interfaces/my_interfaces/msg/detail/hardware_status__rosidl_typesupport_introspection_cpp.hpp
[11.973s] -- Installing: /home/bill8/mec_ws/mec_ws/install/my_interfaces/include/my_interfaces/my_interfaces/msg/detail/hardware_status__type_support.cpp
[11.973s] -- Up-to-date: /home/bill8/mec_ws/mec_ws/install/my_interfaces/include/my_interfaces/my_interfaces/srv
[11.973s] -- Up-to-date: /home/bill8/mec_ws/mec_ws/install/my_interfaces/include/my_interfaces/my_interfaces/srv/detail
[11.973s] -- Installing: /home/bill8/mec_ws/mec_ws/install/my_interfaces/include/my_interfaces/my_interfaces/srv/detail/compute_rectangle_area__rosidl_typesupport_introspection_cpp.hpp
[11.973s] -- Installing: /home/bill8/mec_ws/mec_ws/install/my_interfaces/include/my_interfaces/my_interfaces/srv/detail/compute_rectangle_area__type_support.cpp
[11.974s] -- Up-to-date: /home/bill8/mec_ws/mec_ws/install/my_interfaces/include/my_interfaces/my_interfaces/action
[11.974s] -- Up-to-date: /home/bill8/mec_ws/mec_ws/install/my_interfaces/include/my_interfaces/my_interfaces/action/detail
[11.974s] -- Installing: /home/bill8/mec_ws/mec_ws/install/my_interfaces/include/my_interfaces/my_interfaces/action/detail/count_until__rosidl_typesupport_introspection_cpp.hpp
[11.974s] -- Installing: /home/bill8/mec_ws/mec_ws/install/my_interfaces/include/my_interfaces/my_interfaces/action/detail/count_until__type_support.cpp
[11.974s] -- Installing: /home/bill8/mec_ws/mec_ws/install/my_interfaces/lib/libmy_interfaces__rosidl_typesupport_introspection_cpp.so
[11.974s] -- Set runtime path of "/home/bill8/mec_ws/mec_ws/install/my_interfaces/lib/libmy_interfaces__rosidl_typesupport_introspection_cpp.so" to ""
[11.975s] -- Installing: /home/bill8/mec_ws/mec_ws/install/my_interfaces/lib/libmy_interfaces__rosidl_typesupport_cpp.so
[11.975s] -- Set runtime path of "/home/bill8/mec_ws/mec_ws/install/my_interfaces/lib/libmy_interfaces__rosidl_typesupport_cpp.so" to ""
[11.975s] -- Installing: /home/bill8/mec_ws/mec_ws/install/my_interfaces/share/my_interfaces/environment/pythonpath.sh
[11.975s] -- Installing: /home/bill8/mec_ws/mec_ws/install/my_interfaces/share/my_interfaces/environment/pythonpath.dsv
[11.975s] -- Installing: /home/bill8/mec_ws/mec_ws/install/my_interfaces/local/lib/python3.10/dist-packages/my_interfaces-0.0.0-py3.10.egg-info
[11.975s] -- Installing: /home/bill8/mec_ws/mec_ws/install/my_interfaces/local/lib/python3.10/dist-packages/my_interfaces-0.0.0-py3.10.egg-info/dependency_links.txt
[11.976s] -- Installing: /home/bill8/mec_ws/mec_ws/install/my_interfaces/local/lib/python3.10/dist-packages/my_interfaces-0.0.0-py3.10.egg-info/SOURCES.txt
[11.976s] -- Installing: /home/bill8/mec_ws/mec_ws/install/my_interfaces/local/lib/python3.10/dist-packages/my_interfaces-0.0.0-py3.10.egg-info/PKG-INFO
[11.976s] -- Installing: /home/bill8/mec_ws/mec_ws/install/my_interfaces/local/lib/python3.10/dist-packages/my_interfaces-0.0.0-py3.10.egg-info/top_level.txt
[11.976s] -- Installing: /home/bill8/mec_ws/mec_ws/install/my_interfaces/local/lib/python3.10/dist-packages/my_interfaces
[11.976s] -- Installing: /home/bill8/mec_ws/mec_ws/install/my_interfaces/local/lib/python3.10/dist-packages/my_interfaces/msg
[11.976s] -- Installing: /home/bill8/mec_ws/mec_ws/install/my_interfaces/local/lib/python3.10/dist-packages/my_interfaces/msg/_hardware_status_s.c
[11.976s] -- Installing: /home/bill8/mec_ws/mec_ws/install/my_interfaces/local/lib/python3.10/dist-packages/my_interfaces/msg/_hardware_status.py
[11.977s] -- Installing: /home/bill8/mec_ws/mec_ws/install/my_interfaces/local/lib/python3.10/dist-packages/my_interfaces/msg/__init__.py
[11.977s] -- Installing: /home/bill8/mec_ws/mec_ws/install/my_interfaces/local/lib/python3.10/dist-packages/my_interfaces/_my_interfaces_s.ep.rosidl_typesupport_fastrtps_c.c
[11.977s] -- Installing: /home/bill8/mec_ws/mec_ws/install/my_interfaces/local/lib/python3.10/dist-packages/my_interfaces/_my_interfaces_s.ep.rosidl_typesupport_c.c
[11.977s] -- Installing: /home/bill8/mec_ws/mec_ws/install/my_interfaces/local/lib/python3.10/dist-packages/my_interfaces/libmy_interfaces__rosidl_generator_py.so
[11.977s] -- Installing: /home/bill8/mec_ws/mec_ws/install/my_interfaces/local/lib/python3.10/dist-packages/my_interfaces/srv
[11.977s] -- Installing: /home/bill8/mec_ws/mec_ws/install/my_interfaces/local/lib/python3.10/dist-packages/my_interfaces/srv/_compute_rectangle_area.py
[11.978s] -- Installing: /home/bill8/mec_ws/mec_ws/install/my_interfaces/local/lib/python3.10/dist-packages/my_interfaces/srv/__init__.py
[11.978s] -- Installing: /home/bill8/mec_ws/mec_ws/install/my_interfaces/local/lib/python3.10/dist-packages/my_interfaces/srv/_compute_rectangle_area_s.c
[11.978s] -- Installing: /home/bill8/mec_ws/mec_ws/install/my_interfaces/local/lib/python3.10/dist-packages/my_interfaces/my_interfaces_s__rosidl_typesupport_fastrtps_c.cpython-310-x86_64-linux-gnu.so
[11.978s] -- Installing: /home/bill8/mec_ws/mec_ws/install/my_interfaces/local/lib/python3.10/dist-packages/my_interfaces/action
[11.978s] -- Installing: /home/bill8/mec_ws/mec_ws/install/my_interfaces/local/lib/python3.10/dist-packages/my_interfaces/action/_count_until_s.c
[11.978s] -- Installing: /home/bill8/mec_ws/mec_ws/install/my_interfaces/local/lib/python3.10/dist-packages/my_interfaces/action/_count_until.py
[11.978s] -- Installing: /home/bill8/mec_ws/mec_ws/install/my_interfaces/local/lib/python3.10/dist-packages/my_interfaces/action/__init__.py
[11.979s] -- Installing: /home/bill8/mec_ws/mec_ws/install/my_interfaces/local/lib/python3.10/dist-packages/my_interfaces/my_interfaces_s__rosidl_typesupport_c.cpython-310-x86_64-linux-gnu.so
[11.979s] -- Installing: /home/bill8/mec_ws/mec_ws/install/my_interfaces/local/lib/python3.10/dist-packages/my_interfaces/__init__.py
[11.979s] -- Installing: /home/bill8/mec_ws/mec_ws/install/my_interfaces/local/lib/python3.10/dist-packages/my_interfaces/_my_interfaces_s.ep.rosidl_typesupport_introspection_c.c
[11.979s] -- Installing: /home/bill8/mec_ws/mec_ws/install/my_interfaces/local/lib/python3.10/dist-packages/my_interfaces/my_interfaces_s__rosidl_typesupport_introspection_c.cpython-310-x86_64-linux-gnu.so
[12.087s] Listing '/home/bill8/mec_ws/mec_ws/install/my_interfaces/local/lib/python3.10/dist-packages/my_interfaces'...
[12.088s] Compiling '/home/bill8/mec_ws/mec_ws/install/my_interfaces/local/lib/python3.10/dist-packages/my_interfaces/__init__.py'...
[12.088s] Listing '/home/bill8/mec_ws/mec_ws/install/my_interfaces/local/lib/python3.10/dist-packages/my_interfaces/action'...
[12.088s] Compiling '/home/bill8/mec_ws/mec_ws/install/my_interfaces/local/lib/python3.10/dist-packages/my_interfaces/action/__init__.py'...
[12.088s] Compiling '/home/bill8/mec_ws/mec_ws/install/my_interfaces/local/lib/python3.10/dist-packages/my_interfaces/action/_count_until.py'...
[12.088s] Listing '/home/bill8/mec_ws/mec_ws/install/my_interfaces/local/lib/python3.10/dist-packages/my_interfaces/msg'...
[12.088s] Compiling '/home/bill8/mec_ws/mec_ws/install/my_interfaces/local/lib/python3.10/dist-packages/my_interfaces/msg/__init__.py'...
[12.088s] Compiling '/home/bill8/mec_ws/mec_ws/install/my_interfaces/local/lib/python3.10/dist-packages/my_interfaces/msg/_hardware_status.py'...
[12.089s] Listing '/home/bill8/mec_ws/mec_ws/install/my_interfaces/local/lib/python3.10/dist-packages/my_interfaces/srv'...
[12.089s] Compiling '/home/bill8/mec_ws/mec_ws/install/my_interfaces/local/lib/python3.10/dist-packages/my_interfaces/srv/__init__.py'...
[12.089s] Compiling '/home/bill8/mec_ws/mec_ws/install/my_interfaces/local/lib/python3.10/dist-packages/my_interfaces/srv/_compute_rectangle_area.py'...
[12.101s] -- Installing: /home/bill8/mec_ws/mec_ws/install/my_interfaces/local/lib/python3.10/dist-packages/my_interfaces/my_interfaces_s__rosidl_typesupport_fastrtps_c.cpython-310-x86_64-linux-gnu.so
[12.102s] -- Set runtime path of "/home/bill8/mec_ws/mec_ws/install/my_interfaces/local/lib/python3.10/dist-packages/my_interfaces/my_interfaces_s__rosidl_typesupport_fastrtps_c.cpython-310-x86_64-linux-gnu.so" to ""
[12.102s] -- Installing: /home/bill8/mec_ws/mec_ws/install/my_interfaces/local/lib/python3.10/dist-packages/my_interfaces/my_interfaces_s__rosidl_typesupport_introspection_c.cpython-310-x86_64-linux-gnu.so
[12.103s] -- Set runtime path of "/home/bill8/mec_ws/mec_ws/install/my_interfaces/local/lib/python3.10/dist-packages/my_interfaces/my_interfaces_s__rosidl_typesupport_introspection_c.cpython-310-x86_64-linux-gnu.so" to ""
[12.103s] -- Installing: /home/bill8/mec_ws/mec_ws/install/my_interfaces/local/lib/python3.10/dist-packages/my_interfaces/my_interfaces_s__rosidl_typesupport_c.cpython-310-x86_64-linux-gnu.so
[12.104s] -- Set runtime path of "/home/bill8/mec_ws/mec_ws/install/my_interfaces/local/lib/python3.10/dist-packages/my_interfaces/my_interfaces_s__rosidl_typesupport_c.cpython-310-x86_64-linux-gnu.so" to ""
[12.104s] -- Installing: /home/bill8/mec_ws/mec_ws/install/my_interfaces/lib/libmy_interfaces__rosidl_generator_py.so
[12.105s] -- Set runtime path of "/home/bill8/mec_ws/mec_ws/install/my_interfaces/lib/libmy_interfaces__rosidl_generator_py.so" to ""
[12.105s] -- Installing: /home/bill8/mec_ws/mec_ws/install/my_interfaces/share/my_interfaces/msg/HardwareStatus.idl
[12.106s] -- Installing: /home/bill8/mec_ws/mec_ws/install/my_interfaces/share/my_interfaces/srv/ComputeRectangleArea.idl
[12.106s] -- Installing: /home/bill8/mec_ws/mec_ws/install/my_interfaces/share/my_interfaces/action/CountUntil.idl
[12.106s] -- Installing: /home/bill8/mec_ws/mec_ws/install/my_interfaces/share/my_interfaces/msg/HardwareStatus.msg
[12.107s] -- Installing: /home/bill8/mec_ws/mec_ws/install/my_interfaces/share/my_interfaces/srv/ComputeRectangleArea.srv
[12.107s] -- Installing: /home/bill8/mec_ws/mec_ws/install/my_interfaces/share/my_interfaces/srv/ComputeRectangleArea_Request.msg
[12.107s] -- Installing: /home/bill8/mec_ws/mec_ws/install/my_interfaces/share/my_interfaces/srv/ComputeRectangleArea_Response.msg
[12.108s] -- Installing: /home/bill8/mec_ws/mec_ws/install/my_interfaces/share/my_interfaces/action/CountUntil.action
[12.108s] -- Installing: /home/bill8/mec_ws/mec_ws/install/my_interfaces/share/ament_index/resource_index/package_run_dependencies/my_interfaces
[12.108s] -- Installing: /home/bill8/mec_ws/mec_ws/install/my_interfaces/share/ament_index/resource_index/parent_prefix_path/my_interfaces
[12.109s] -- Installing: /home/bill8/mec_ws/mec_ws/install/my_interfaces/share/my_interfaces/environment/ament_prefix_path.sh
[12.109s] -- Installing: /home/bill8/mec_ws/mec_ws/install/my_interfaces/share/my_interfaces/environment/ament_prefix_path.dsv
[12.110s] -- Installing: /home/bill8/mec_ws/mec_ws/install/my_interfaces/share/my_interfaces/environment/path.sh
[12.111s] -- Installing: /home/bill8/mec_ws/mec_ws/install/my_interfaces/share/my_interfaces/environment/path.dsv
[12.111s] -- Installing: /home/bill8/mec_ws/mec_ws/install/my_interfaces/share/my_interfaces/local_setup.bash
[12.111s] -- Installing: /home/bill8/mec_ws/mec_ws/install/my_interfaces/share/my_interfaces/local_setup.sh
[12.112s] -- Installing: /home/bill8/mec_ws/mec_ws/install/my_interfaces/share/my_interfaces/local_setup.zsh
[12.112s] -- Installing: /home/bill8/mec_ws/mec_ws/install/my_interfaces/share/my_interfaces/local_setup.dsv
[12.112s] -- Installing: /home/bill8/mec_ws/mec_ws/install/my_interfaces/share/my_interfaces/package.dsv
[12.112s] -- Installing: /home/bill8/mec_ws/mec_ws/install/my_interfaces/share/ament_index/resource_index/packages/my_interfaces
[12.113s] -- Installing: /home/bill8/mec_ws/mec_ws/install/my_interfaces/share/my_interfaces/cmake/export_my_interfaces__rosidl_generator_cExport.cmake
[12.113s] -- Installing: /home/bill8/mec_ws/mec_ws/install/my_interfaces/share/my_interfaces/cmake/export_my_interfaces__rosidl_generator_cExport-noconfig.cmake
[12.113s] -- Installing: /home/bill8/mec_ws/mec_ws/install/my_interfaces/share/my_interfaces/cmake/export_my_interfaces__rosidl_typesupport_fastrtps_cExport.cmake
[12.113s] -- Installing: /home/bill8/mec_ws/mec_ws/install/my_interfaces/share/my_interfaces/cmake/export_my_interfaces__rosidl_typesupport_fastrtps_cExport-noconfig.cmake
[12.114s] -- Installing: /home/bill8/mec_ws/mec_ws/install/my_interfaces/share/my_interfaces/cmake/my_interfaces__rosidl_typesupport_introspection_cExport.cmake
[12.114s] -- Installing: /home/bill8/mec_ws/mec_ws/install/my_interfaces/share/my_interfaces/cmake/my_interfaces__rosidl_typesupport_introspection_cExport-noconfig.cmake
[12.115s] -- Installing: /home/bill8/mec_ws/mec_ws/install/my_interfaces/share/my_interfaces/cmake/my_interfaces__rosidl_typesupport_cExport.cmake
[12.115s] -- Installing: /home/bill8/mec_ws/mec_ws/install/my_interfaces/share/my_interfaces/cmake/my_interfaces__rosidl_typesupport_cExport-noconfig.cmake
[12.115s] -- Installing: /home/bill8/mec_ws/mec_ws/install/my_interfaces/share/my_interfaces/cmake/export_my_interfaces__rosidl_generator_cppExport.cmake
[12.116s] -- Installing: /home/bill8/mec_ws/mec_ws/install/my_interfaces/share/my_interfaces/cmake/export_my_interfaces__rosidl_typesupport_fastrtps_cppExport.cmake
[12.116s] -- Installing: /home/bill8/mec_ws/mec_ws/install/my_interfaces/share/my_interfaces/cmake/export_my_interfaces__rosidl_typesupport_fastrtps_cppExport-noconfig.cmake
[12.116s] -- Installing: /home/bill8/mec_ws/mec_ws/install/my_interfaces/share/my_interfaces/cmake/my_interfaces__rosidl_typesupport_introspection_cppExport.cmake
[12.117s] -- Installing: /home/bill8/mec_ws/mec_ws/install/my_interfaces/share/my_interfaces/cmake/my_interfaces__rosidl_typesupport_introspection_cppExport-noconfig.cmake
[12.117s] -- Installing: /home/bill8/mec_ws/mec_ws/install/my_interfaces/share/my_interfaces/cmake/my_interfaces__rosidl_typesupport_cppExport.cmake
[12.118s] -- Installing: /home/bill8/mec_ws/mec_ws/install/my_interfaces/share/my_interfaces/cmake/my_interfaces__rosidl_typesupport_cppExport-noconfig.cmake
[12.118s] -- Installing: /home/bill8/mec_ws/mec_ws/install/my_interfaces/share/my_interfaces/cmake/export_my_interfaces__rosidl_generator_pyExport.cmake
[12.118s] -- Installing: /home/bill8/mec_ws/mec_ws/install/my_interfaces/share/my_interfaces/cmake/export_my_interfaces__rosidl_generator_pyExport-noconfig.cmake
[12.119s] -- Installing: /home/bill8/mec_ws/mec_ws/install/my_interfaces/share/my_interfaces/cmake/rosidl_cmake-extras.cmake
[12.119s] -- Installing: /home/bill8/mec_ws/mec_ws/install/my_interfaces/share/my_interfaces/cmake/ament_cmake_export_dependencies-extras.cmake
[12.119s] -- Installing: /home/bill8/mec_ws/mec_ws/install/my_interfaces/share/my_interfaces/cmake/ament_cmake_export_include_directories-extras.cmake
[12.120s] -- Installing: /home/bill8/mec_ws/mec_ws/install/my_interfaces/share/my_interfaces/cmake/ament_cmake_export_libraries-extras.cmake
[12.120s] -- Installing: /home/bill8/mec_ws/mec_ws/install/my_interfaces/share/my_interfaces/cmake/ament_cmake_export_targets-extras.cmake
[12.120s] -- Installing: /home/bill8/mec_ws/mec_ws/install/my_interfaces/share/my_interfaces/cmake/rosidl_cmake_export_typesupport_targets-extras.cmake
[12.121s] -- Installing: /home/bill8/mec_ws/mec_ws/install/my_interfaces/share/my_interfaces/cmake/rosidl_cmake_export_typesupport_libraries-extras.cmake
[12.121s] -- Installing: /home/bill8/mec_ws/mec_ws/install/my_interfaces/share/my_interfaces/cmake/my_interfacesConfig.cmake
[12.121s] -- Installing: /home/bill8/mec_ws/mec_ws/install/my_interfaces/share/my_interfaces/cmake/my_interfacesConfig-version.cmake
[12.122s] -- Installing: /home/bill8/mec_ws/mec_ws/install/my_interfaces/share/my_interfaces/package.xml
[12.128s] Invoked command in '/home/bill8/mec_ws/mec_ws/build/my_interfaces' returned '0': CMAKE_PREFIX_PATH=/opt/ros/humble /usr/bin/cmake --install /home/bill8/mec_ws/mec_ws/build/my_interfaces
