[0.035s] Invoking command in '/home/bill8/mec_ws/mec_ws/build/my_cpp_pkg': CMAKE_PREFIX_PATH=/opt/ros/humble /usr/bin/cmake /home/bill8/mec_ws/mec_ws/src/my_cpp_pkg -DCMAKE_INSTALL_PREFIX=/home/bill8/mec_ws/mec_ws/install/my_cpp_pkg
[0.151s] -- The C compiler identification is GNU 11.4.0
[0.278s] -- The CXX compiler identification is GNU 11.4.0
[0.296s] -- Detecting C compiler ABI info
[0.431s] -- Detecting C compiler ABI info - done
[0.446s] -- Check for working C compiler: /usr/bin/cc - skipped
[0.447s] -- Detecting C compile features
[0.447s] -- Detecting C compile features - done
[0.454s] -- Detecting CXX compiler ABI info
[0.592s] -- Detecting CXX compiler ABI info - done
[0.612s] -- Check for working CXX compiler: /usr/bin/c++ - skipped
[0.613s] -- Detecting CXX compile features
[0.614s] -- Detecting CXX compile features - done
[0.623s] -- Found ament_cmake: 1.3.11 (/opt/ros/humble/share/ament_cmake/cmake)
[0.951s] -- Found Python3: /usr/bin/python3 (found version "3.10.12") found components: Interpreter 
[1.145s] -- Found rclcpp: 16.0.12 (/opt/ros/humble/share/rclcpp/cmake)
[1.229s] -- Found rosidl_generator_c: 3.1.6 (/opt/ros/humble/share/rosidl_generator_c/cmake)
[1.238s] -- Found rosidl_adapter: 3.1.6 (/opt/ros/humble/share/rosidl_adapter/cmake)
[1.255s] -- Found rosidl_generator_cpp: 3.1.6 (/opt/ros/humble/share/rosidl_generator_cpp/cmake)
[1.280s] -- Using all available rosidl_typesupport_c: rosidl_typesupport_fastrtps_c;rosidl_typesupport_introspection_c
[1.312s] -- Using all available rosidl_typesupport_cpp: rosidl_typesupport_fastrtps_cpp;rosidl_typesupport_introspection_cpp
[1.411s] -- Found rmw_implementation_cmake: 6.1.2 (/opt/ros/humble/share/rmw_implementation_cmake/cmake)
[1.415s] -- Found rmw_fastrtps_cpp: 6.2.7 (/opt/ros/humble/share/rmw_fastrtps_cpp/cmake)
[1.601s] -- Found OpenSSL: /usr/lib/x86_64-linux-gnu/libcrypto.so (found version "3.0.2")  
[1.666s] -- Found FastRTPS: /opt/ros/humble/include  
[1.748s] -- Using RMW implementation 'rmw_fastrtps_cpp' as default
[1.771s] -- Looking for pthread.h
[1.916s] -- Looking for pthread.h - found
[1.916s] -- Performing Test CMAKE_HAVE_LIBC_PTHREAD
[2.060s] -- Performing Test CMAKE_HAVE_LIBC_PTHREAD - Success
[2.062s] -- Found Threads: TRUE  
[2.194s] -- Found ament_lint_auto: 0.12.12 (/opt/ros/humble/share/ament_lint_auto/cmake)
[2.354s] -- Added test 'lint_cmake' to check CMake code style
[2.356s] -- Added test 'xmllint' to check XML markup files
[2.358s] -- Configuring done
[2.367s] -- Generating done
[2.372s] -- Build files have been written to: /home/bill8/mec_ws/mec_ws/build/my_cpp_pkg
[2.390s] Invoked command in '/home/bill8/mec_ws/mec_ws/build/my_cpp_pkg' returned '0': CMAKE_PREFIX_PATH=/opt/ros/humble /usr/bin/cmake /home/bill8/mec_ws/mec_ws/src/my_cpp_pkg -DCMAKE_INSTALL_PREFIX=/home/bill8/mec_ws/mec_ws/install/my_cpp_pkg
[2.394s] Invoking command in '/home/bill8/mec_ws/mec_ws/build/my_cpp_pkg': CMAKE_PREFIX_PATH=/opt/ros/humble /usr/bin/cmake --build /home/bill8/mec_ws/mec_ws/build/my_cpp_pkg -- -j16 -l16
[2.462s] Invoked command in '/home/bill8/mec_ws/mec_ws/build/my_cpp_pkg' returned '0': CMAKE_PREFIX_PATH=/opt/ros/humble /usr/bin/cmake --build /home/bill8/mec_ws/mec_ws/build/my_cpp_pkg -- -j16 -l16
[2.465s] Invoking command in '/home/bill8/mec_ws/mec_ws/build/my_cpp_pkg': CMAKE_PREFIX_PATH=/opt/ros/humble /usr/bin/cmake --install /home/bill8/mec_ws/mec_ws/build/my_cpp_pkg
[2.478s] -- Install configuration: ""
[2.478s] -- Installing: /home/bill8/mec_ws/mec_ws/install/my_cpp_pkg/share/ament_index/resource_index/package_run_dependencies/my_cpp_pkg
[2.478s] -- Installing: /home/bill8/mec_ws/mec_ws/install/my_cpp_pkg/share/ament_index/resource_index/parent_prefix_path/my_cpp_pkg
[2.478s] -- Installing: /home/bill8/mec_ws/mec_ws/install/my_cpp_pkg/share/my_cpp_pkg/environment/ament_prefix_path.sh
[2.478s] -- Installing: /home/bill8/mec_ws/mec_ws/install/my_cpp_pkg/share/my_cpp_pkg/environment/ament_prefix_path.dsv
[2.479s] -- Installing: /home/bill8/mec_ws/mec_ws/install/my_cpp_pkg/share/my_cpp_pkg/environment/path.sh
[2.479s] -- Installing: /home/bill8/mec_ws/mec_ws/install/my_cpp_pkg/share/my_cpp_pkg/environment/path.dsv
[2.479s] -- Installing: /home/bill8/mec_ws/mec_ws/install/my_cpp_pkg/share/my_cpp_pkg/local_setup.bash
[2.479s] -- Installing: /home/bill8/mec_ws/mec_ws/install/my_cpp_pkg/share/my_cpp_pkg/local_setup.sh
[2.479s] -- Installing: /home/bill8/mec_ws/mec_ws/install/my_cpp_pkg/share/my_cpp_pkg/local_setup.zsh
[2.480s] -- Installing: /home/bill8/mec_ws/mec_ws/install/my_cpp_pkg/share/my_cpp_pkg/local_setup.dsv
[2.480s] -- Installing: /home/bill8/mec_ws/mec_ws/install/my_cpp_pkg/share/my_cpp_pkg/package.dsv
[2.480s] -- Installing: /home/bill8/mec_ws/mec_ws/install/my_cpp_pkg/share/ament_index/resource_index/packages/my_cpp_pkg
[2.480s] -- Installing: /home/bill8/mec_ws/mec_ws/install/my_cpp_pkg/share/my_cpp_pkg/cmake/my_cpp_pkgConfig.cmake
[2.480s] -- Installing: /home/bill8/mec_ws/mec_ws/install/my_cpp_pkg/share/my_cpp_pkg/cmake/my_cpp_pkgConfig-version.cmake
[2.481s] -- Installing: /home/bill8/mec_ws/mec_ws/install/my_cpp_pkg/share/my_cpp_pkg/package.xml
[2.484s] Invoked command in '/home/bill8/mec_ws/mec_ws/build/my_cpp_pkg' returned '0': CMAKE_PREFIX_PATH=/opt/ros/humble /usr/bin/cmake --install /home/bill8/mec_ws/mec_ws/build/my_cpp_pkg
