[0.031s] Invoking command in '/home/bill8/mec_ws/mec_ws/build/mec_description': CMAKE_PREFIX_PATH=/opt/ros/humble /usr/bin/cmake /home/bill8/mec_ws/mec_ws/src/mec_description -DCMAKE_INSTALL_PREFIX=/home/bill8/mec_ws/mec_ws/install/mec_description
[0.165s] -- The C compiler identification is GNU 11.4.0
[0.302s] -- The CXX compiler identification is GNU 11.4.0
[0.317s] -- Detecting C compiler ABI info
[0.445s] -- Detecting C compiler ABI info - done
[0.462s] -- Check for working C compiler: /usr/bin/cc - skipped
[0.463s] -- Detecting C compile features
[0.464s] -- Detecting C compile features - done
[0.470s] -- Detecting CXX compiler ABI info
[0.616s] -- Detecting CXX compiler ABI info - done
[0.630s] -- Check for working CXX compiler: /usr/bin/c++ - skipped
[0.631s] -- Detecting CXX compile features
[0.631s] -- Detecting CXX compile features - done
[0.639s] -- Found ament_cmake: 1.3.11 (/opt/ros/humble/share/ament_cmake/cmake)
[0.954s] -- Found Python3: /usr/bin/python3 (found version "3.10.12") found components: Interpreter 
[1.258s] -- Configuring done
[1.264s] -- Generating done
[1.267s] -- Build files have been written to: /home/bill8/mec_ws/mec_ws/build/mec_description
[1.275s] Invoked command in '/home/bill8/mec_ws/mec_ws/build/mec_description' returned '0': CMAKE_PREFIX_PATH=/opt/ros/humble /usr/bin/cmake /home/bill8/mec_ws/mec_ws/src/mec_description -DCMAKE_INSTALL_PREFIX=/home/bill8/mec_ws/mec_ws/install/mec_description
[1.279s] Invoking command in '/home/bill8/mec_ws/mec_ws/build/mec_description': CMAKE_PREFIX_PATH=/opt/ros/humble /usr/bin/cmake --build /home/bill8/mec_ws/mec_ws/build/mec_description -- -j16 -l16
[1.343s] Invoked command in '/home/bill8/mec_ws/mec_ws/build/mec_description' returned '0': CMAKE_PREFIX_PATH=/opt/ros/humble /usr/bin/cmake --build /home/bill8/mec_ws/mec_ws/build/mec_description -- -j16 -l16
[1.360s] Invoking command in '/home/bill8/mec_ws/mec_ws/build/mec_description': CMAKE_PREFIX_PATH=/opt/ros/humble /usr/bin/cmake --install /home/bill8/mec_ws/mec_ws/build/mec_description
[1.372s] -- Install configuration: ""
[1.372s] -- Installing: /home/bill8/mec_ws/mec_ws/install/mec_description/share/mec_description//urdf
[1.372s] -- Installing: /home/bill8/mec_ws/mec_ws/install/mec_description/share/mec_description//urdf/mec_core.xacro
[1.372s] -- Installing: /home/bill8/mec_ws/mec_ws/install/mec_description/share/mec_description//urdf/mec.ros2_control.xacro
[1.372s] -- Installing: /home/bill8/mec_ws/mec_ws/install/mec_description/share/mec_description//urdf/common_properties.xacro
[1.373s] -- Installing: /home/bill8/mec_ws/mec_ws/install/mec_description/share/mec_description//urdf/mec.urdf.xacro
[1.373s] -- Installing: /home/bill8/mec_ws/mec_ws/install/mec_description/share/mec_description//urdf/gazebo.xacro
[1.373s] -- Installing: /home/bill8/mec_ws/mec_ws/install/mec_description/share/mec_description//urdf/gazebo_control.xacro
[1.373s] -- Installing: /home/bill8/mec_ws/mec_ws/install/mec_description/share/mec_description//urdf/lidar.xacro
[1.373s] -- Installing: /home/bill8/mec_ws/mec_ws/install/mec_description/share/mec_description//launch
[1.374s] -- Installing: /home/bill8/mec_ws/mec_ws/install/mec_description/share/mec_description//launch/display.launch.py
[1.374s] -- Installing: /home/bill8/mec_ws/mec_ws/install/mec_description/share/mec_description//rviz
[1.374s] -- Installing: /home/bill8/mec_ws/mec_ws/install/mec_description/share/mec_description//rviz/urdf_config.rviz
[1.374s] -- Installing: /home/bill8/mec_ws/mec_ws/install/mec_description/share/ament_index/resource_index/package_run_dependencies/mec_description
[1.374s] -- Installing: /home/bill8/mec_ws/mec_ws/install/mec_description/share/ament_index/resource_index/parent_prefix_path/mec_description
[1.375s] -- Installing: /home/bill8/mec_ws/mec_ws/install/mec_description/share/mec_description/environment/ament_prefix_path.sh
[1.375s] -- Installing: /home/bill8/mec_ws/mec_ws/install/mec_description/share/mec_description/environment/ament_prefix_path.dsv
[1.375s] -- Installing: /home/bill8/mec_ws/mec_ws/install/mec_description/share/mec_description/environment/path.sh
[1.375s] -- Installing: /home/bill8/mec_ws/mec_ws/install/mec_description/share/mec_description/environment/path.dsv
[1.375s] -- Installing: /home/bill8/mec_ws/mec_ws/install/mec_description/share/mec_description/local_setup.bash
[1.376s] -- Installing: /home/bill8/mec_ws/mec_ws/install/mec_description/share/mec_description/local_setup.sh
[1.376s] -- Installing: /home/bill8/mec_ws/mec_ws/install/mec_description/share/mec_description/local_setup.zsh
[1.376s] -- Installing: /home/bill8/mec_ws/mec_ws/install/mec_description/share/mec_description/local_setup.dsv
[1.376s] -- Installing: /home/bill8/mec_ws/mec_ws/install/mec_description/share/mec_description/package.dsv
[1.376s] -- Installing: /home/bill8/mec_ws/mec_ws/install/mec_description/share/ament_index/resource_index/packages/mec_description
[1.376s] -- Installing: /home/bill8/mec_ws/mec_ws/install/mec_description/share/mec_description/cmake/mec_descriptionConfig.cmake
[1.376s] -- Installing: /home/bill8/mec_ws/mec_ws/install/mec_description/share/mec_description/cmake/mec_descriptionConfig-version.cmake
[1.377s] -- Installing: /home/bill8/mec_ws/mec_ws/install/mec_description/share/mec_description/package.xml
[1.378s] Invoked command in '/home/bill8/mec_ws/mec_ws/build/mec_description' returned '0': CMAKE_PREFIX_PATH=/opt/ros/humble /usr/bin/cmake --install /home/bill8/mec_ws/mec_ws/build/mec_description
